Component: ARM Compiler 5.06 update 7 (build 960) Tool: armlink [4d3601]

==============================================================================

Section Cross References

    lcd.o(i.LCD_Init) refers to lcd.o(i.LCD_wr_cmd) for LCD_wr_cmd
    lcd.o(i.LCD_clear) refers to lcd.o(i.LCD_update) for LCD_update
    lcd.o(i.LCD_clear) refers to lcd.o(.bss) for buffer
    lcd.o(i.LCD_reset) refers to lcd.o(i.SPI_Init) for SPI_Init
    lcd.o(i.LCD_reset) refers to stm32f4xx_hal_gpio.o(i.HAL_GPIO_Init) for HAL_GPIO_Init
    lcd.o(i.LCD_reset) refers to stm32f4xx_hal_gpio.o(i.HAL_GPIO_WritePin) for HAL_GPIO_WritePin
    lcd.o(i.LCD_reset) refers to lcd.o(i.delay) for delay
    lcd.o(i.LCD_reset) refers to lcd.o(i.Reset_Signal) for Reset_Signal
    lcd.o(i.LCD_reset) refers to lcd.o(.bss) for GPIO_InitStruct
    lcd.o(i.LCD_symbolToLocalBuffer_L1) refers to lcd.o(i.LCD_update) for LCD_update
    lcd.o(i.LCD_symbolToLocalBuffer_L1) refers to lcd.o(.constdata) for Arial12x12
    lcd.o(i.LCD_symbolToLocalBuffer_L1) refers to lcd.o(.bss) for buffer
    lcd.o(i.LCD_symbolToLocalBuffer_L2) refers to lcd.o(i.LCD_update) for LCD_update
    lcd.o(i.LCD_symbolToLocalBuffer_L2) refers to lcd.o(.constdata) for Arial12x12
    lcd.o(i.LCD_symbolToLocalBuffer_L2) refers to lcd.o(.bss) for buffer
    lcd.o(i.LCD_update) refers to lcd.o(i.LCD_wr_cmd) for LCD_wr_cmd
    lcd.o(i.LCD_update) refers to lcd.o(i.LCD_wr_data) for LCD_wr_data
    lcd.o(i.LCD_update) refers to lcd.o(.bss) for buffer
    lcd.o(i.LCD_wr_cmd) refers to stm32f4xx_hal_gpio.o(i.HAL_GPIO_WritePin) for HAL_GPIO_WritePin
    lcd.o(i.LCD_wr_cmd) refers to lcd.o(.data) for SPIdrv
    lcd.o(i.LCD_wr_data) refers to stm32f4xx_hal_gpio.o(i.HAL_GPIO_WritePin) for HAL_GPIO_WritePin
    lcd.o(i.LCD_wr_data) refers to lcd.o(.data) for SPIdrv
    lcd.o(i.Reset_Signal) refers to stm32f4xx_hal_gpio.o(i.HAL_GPIO_WritePin) for HAL_GPIO_WritePin
    lcd.o(i.Reset_Signal) refers to lcd.o(i.delay) for delay
    lcd.o(i.SPI_Init) refers to lcd.o(.data) for SPIdrv
    lcd.o(i.delay) refers to stm32f4xx_hal_tim.o(i.HAL_TIM_Base_Init) for HAL_TIM_Base_Init
    lcd.o(i.delay) refers to stm32f4xx_hal_tim.o(i.HAL_TIM_Base_Start) for HAL_TIM_Base_Start
    lcd.o(i.delay) refers to stm32f4xx_hal_tim.o(i.HAL_TIM_Base_Stop) for HAL_TIM_Base_Stop
    lcd.o(i.delay) refers to stm32f4xx_hal_tim.o(i.HAL_TIM_Base_DeInit) for HAL_TIM_Base_DeInit
    lcd.o(i.delay) refers to lcd.o(.bss) for htim7
    lcd.o(i.symbolToLocalBuffer) refers to lcd.o(i.LCD_symbolToLocalBuffer_L1) for LCD_symbolToLocalBuffer_L1
    lcd.o(i.symbolToLocalBuffer) refers to lcd.o(i.LCD_symbolToLocalBuffer_L2) for LCD_symbolToLocalBuffer_L2
    lcd.o(.data) refers to spi_stm32f4xx.o(.constdata) for Driver_SPI1
    leds.o(i.LED_Init) refers to stm32f4xx_hal_gpio.o(i.HAL_GPIO_Init) for HAL_GPIO_Init
    leds.o(i.LED_Init) refers to leds.o(.bss) for GPIO_InitStruct
    rtc.o(i.Display_Date_Time) refers to _printf_percent.o(.ARM.Collect$$_printf_percent$$00000000) for _printf_percent
    rtc.o(i.Display_Date_Time) refers to _printf_d.o(.ARM.Collect$$_printf_percent$$00000009) for _printf_d
    rtc.o(i.Display_Date_Time) refers to _printf_dec.o(.text) for _printf_int_dec
    rtc.o(i.Display_Date_Time) refers to stm32f4xx_hal_rtc.o(i.HAL_RTC_GetTime) for HAL_RTC_GetTime
    rtc.o(i.Display_Date_Time) refers to stm32f4xx_hal_rtc.o(i.HAL_RTC_GetDate) for HAL_RTC_GetDate
    rtc.o(i.Display_Date_Time) refers to noretval__2sprintf.o(.text) for __2sprintf
    rtc.o(i.Display_Date_Time) refers to strlen.o(.text) for strlen
    rtc.o(i.Display_Date_Time) refers to lcd.o(i.LCD_symbolToLocalBuffer_L1) for LCD_symbolToLocalBuffer_L1
    rtc.o(i.Display_Date_Time) refers to lcd.o(i.LCD_symbolToLocalBuffer_L2) for LCD_symbolToLocalBuffer_L2
    rtc.o(i.Display_Date_Time) refers to lcd.o(i.LCD_update) for LCD_update
    rtc.o(i.Display_Date_Time) refers to rtc.o(.bss) for hrtc
    rtc.o(i.Get_Date_RTC) refers to stm32f4xx_hal_rtc.o(i.HAL_RTC_GetDate) for HAL_RTC_GetDate
    rtc.o(i.Get_Date_RTC) refers to rtc.o(.data) for sDate
    rtc.o(i.Get_Date_RTC) refers to rtc.o(.bss) for hrtc
    rtc.o(i.Get_Time_RTC_Binary) refers to stm32f4xx_hal_rtc.o(i.HAL_RTC_GetTime) for HAL_RTC_GetTime
    rtc.o(i.Get_Time_RTC_Binary) refers to rtc.o(.bss) for sTime
    rtc.o(i.HAL_RTC_AlarmAEventCallback) refers to rtx_thread.o(.text.osThreadFlagsSet) for osThreadFlagsSet
    rtc.o(i.HAL_RTC_AlarmAEventCallback) refers to rtc.o(i.Get_Time_RTC_Binary) for Get_Time_RTC_Binary
    rtc.o(i.HAL_RTC_AlarmAEventCallback) refers to stm32f4xx_hal_rtc.o(i.HAL_RTC_SetAlarm_IT) for HAL_RTC_SetAlarm_IT
    rtc.o(i.HAL_RTC_AlarmAEventCallback) refers to threadflags.o(.data) for tid_ThreadFlags
    rtc.o(i.HAL_RTC_AlarmAEventCallback) refers to rtc.o(.bss) for sTime
    rtc.o(i.RTC_Alarm_IRQHandler) refers to stm32f4xx_hal_rtc.o(i.HAL_RTC_AlarmIRQHandler) for HAL_RTC_AlarmIRQHandler
    rtc.o(i.RTC_Alarm_IRQHandler) refers to rtc.o(.bss) for hrtc
[...]
    __tagsym$$used                           0x08006594   Number         0  eventrecorder.o(.constdata)
    .constdata                               0x080065ac   Section       24  system_stm32f4xx.o(.constdata)
    .rodata                                  0x080065c4   Section      168  rtx_lib.o(.rodata)
    __tagsym$$used                           0x080065c4   Number         0  rtx_lib.o(.rodata)
    __tagsym$$used                           0x08006634   Number         0  rtx_lib.o(.rodata)
    [Anonymous Symbol]                       0x08006670   Section        0  rtx_kernel.o(.rodata.str1.4)
    .bss.os                                  0x20000000   Section    32832  rtx_lib.o(.bss.os)
    os_mem                                   0x20000000   Data       32768  rtx_lib.o(.bss.os)
    os_isr_queue                             0x20008000   Data          64  rtx_lib.o(.bss.os)
    .bss.os.msgqueue.cb                      0x20008040   Section       52  rtx_lib.o(.bss.os.msgqueue.cb)
    os_timer_mq_cb                           0x20008040   Data          52  rtx_lib.o(.bss.os.msgqueue.cb)
    .bss.os.msgqueue.mem                     0x20008074   Section       80  rtx_lib.o(.bss.os.msgqueue.mem)
    os_timer_mq_data                         0x20008074   Data          80  rtx_lib.o(.bss.os.msgqueue.mem)
    .bss.os.thread.cb                        0x200080c4   Section      136  rtx_lib.o(.bss.os.thread.cb)
    os_idle_thread_cb                        0x200080c4   Data          68  rtx_lib.o(.bss.os.thread.cb)
    os_timer_thread_cb                       0x20008108   Data          68  rtx_lib.o(.bss.os.thread.cb)
    .bss.os.thread.idle.stack                0x20008150   Section      512  rtx_lib.o(.bss.os.thread.idle.stack)
    os_idle_thread_stack                     0x20008150   Data         512  rtx_lib.o(.bss.os.thread.idle.stack)
    .bss.os.thread.timer.stack               0x20008350   Section      512  rtx_lib.o(.bss.os.thread.timer.stack)
    os_timer_thread_stack                    0x20008350   Data         512  rtx_lib.o(.bss.os.thread.timer.stack)
    .data                                    0x20008550   Section        8  lcd.o(.data)
    .data                                    0x20008558   Section        4  rtc.o(.data)
    .data                                    0x2000855c   Section        4  main.o(.data)
    ticks                                    0x2000855c   Data           4  main.o(.data)
    .data                                    0x20008560   Section       12  timer.o(.data)
    exec1                                    0x20008564   Data           4  timer.o(.data)
    .data                                    0x2000856c   Section        8  threadflags.o(.data)
    .data                                    0x20008574   Section        1  rtx_lib.o(.data)
    os_kernel_active                         0x20008574   Data           1  rtx_lib.o(.data)
    .data                                    0x20008578   Section        9  stm32f4xx_hal.o(.data)
    .data                                    0x20008584   Section        4  system_stm32f4xx.o(.data)
    .bss                                     0x2000862c   Section      596  lcd.o(.bss)
    GPIO_InitStruct                          0x2000862c   Data          20  lcd.o(.bss)
    .bss                                     0x20008880   Section       20  leds.o(.bss)
    GPIO_InitStruct                          0x20008880   Data          20  leds.o(.bss)
    .bss                                     0x20008894   Section      216  rtc.o(.bss)
    .bss                                     0x2000896c   Section       44  spi_stm32f4xx.o(.bss)
    SPI1_Info                                0x2000896c   Data          16  spi_stm32f4xx.o(.bss)
    SPI1_TransferInfo                        0x2000897c   Data          28  spi_stm32f4xx.o(.bss)
    .bss                                     0x20008998   Section       96  libspace.o(.bss)
    .bss.noinit                              0x20008a00   Section     1188  eventrecorder.o(.bss.noinit)
    EventBuffer                              0x20008a00   Data        1024  eventrecorder.o(.bss.noinit)
    EventFilter                              0x20008e00   Data         128  eventrecorder.o(.bss.noinit)
    EventStatus                              0x20008e80   Data          36  eventrecorder.o(.bss.noinit)
    [Anonymous Symbol]                       0x20008ea4   Section        0  os_systick.o(.bss.os)
    PendST                                   0x20008ea4   Data           1  os_systick.o(.bss.os)
    HEAP                                     0x20008ea8   Section      512  startup_stm32f429xx.o(HEAP)
    Heap_Mem                                 0x20008ea8   Data         512  startup_stm32f429xx.o(HEAP)
    STACK                                    0x200090a8   Section     1024  startup_stm32f429xx.o(STACK)
    Stack_Mem                                0x200090a8   Data        1024  startup_stm32f429xx.o(STACK)
    __initial_sp                             0x200094a8   Data           0  startup_stm32f429xx.o(STACK)
    FPCCR                                    0xe000ef34   Number         0  irq_armv7m.o ABSOLUTE

    Global Symbols

    Symbol Name                              Value     Ov Type        Size  Object(Section)

    BuildAttributes$$THM_ISAv4$E$P$D$K$B$S$7EM$VFPi3$EXTD16$VFPS$VFMA$PE$A:L22UL41UL21$X:L11$S22US41US21$IEEE1$IW$USESV6$~STKCKD$USESV7$~SHL$OSPACE$ROPI$EBA8$UX$STANDARDLIB$REQ8$PRES8$EABIv2 0x00000000   Number         0  anon$$obj.o ABSOLUTE
    __ARM_use_no_argv                        0x00000000   Number         0  main.o ABSOLUTE
    _printf_flags                            0x00000000   Number         0  printf_stubs.o ABSOLUTE
    _printf_return_value                     0x00000000   Number         0  printf_stubs.o ABSOLUTE
    _printf_sizespec                         0x00000000   Number         0  printf_stubs.o ABSOLUTE
    _printf_widthprec                        0x00000000   Number         0  printf_stubs.o ABSOLUTE
    .bss.os.evflags.cb$$Base                  - Undefined Weak Reference
    .bss.os.evflags.cb$$Limit                 - Undefined Weak Reference
    .bss.os.mempool.cb$$Base                  - Undefined Weak Reference
    .bss.os.mempool.cb$$Limit                 - Undefined Weak Reference
    .bss.os.mutex.cb$$Base                    - Undefined Weak Reference
    .bss.os.mutex.cb$$Limit                   - Undefined Weak Reference
    .bss.os.semaphore.cb$$Base                - Undefined Weak Reference
    .bss.os.semaphore.cb$$Limit               - Undefined Weak Reference
    .bss.os.timer.cb$$Base                    - Undefined Weak Reference
    .bss.os.timer.cb$$Limit                   - Undefined Weak Reference
    __ARM_exceptions_init                     - Undefined Weak Reference
    __alloca_initialize                       - Undefined Weak Reference
    __arm_fini_                               - Undefined Weak Reference
    __arm_preinit_                            - Undefined Weak Reference
    __cpp_initialize__aeabi_                  - Undefined Weak Reference
    __cxa_finalize                            - Undefined Weak Reference
    __rt_locale                               - Undefined Weak Reference
    __sigvec_lookup                           - Undefined Weak Reference
    _atexit_init                              - Undefined Weak Reference
    _call_atexit_fns                          - Undefined Weak Reference
    _clock_init                               - Undefined Weak Reference
    _fp_trap_init                             - Undefined Weak Reference
    _fp_trap_shutdown                         - Undefined Weak Reference
    _get_lc_collate                           - Undefined Weak Reference
    _get_lc_ctype                             - Undefined Weak Reference
    _get_lc_monetary                          - Undefined Weak Reference
    _get_lc_numeric                           - Undefined Weak Reference
    _get_lc_time                              - Undefined Weak Reference
    _getenv_init                              - Undefined Weak Reference
    _handle_redirection                       - Undefined Weak Reference
    _init_alloc                               - Undefined Weak Reference
    _init_user_alloc                          - Undefined Weak Reference
    _initio                                   - Undefined Weak Reference
    _printf_post_padding                      - Undefined Weak Reference
    _printf_pre_padding                       - Undefined Weak Reference
    _printf_truncate_signed                   - Undefined Weak Reference
    _printf_truncate_unsigned                 - Undefined Weak Reference
    _rand_init                                - Undefined Weak Reference
    _signal_finish                            - Undefined Weak Reference
    _signal_init                              - Undefined Weak Reference
    _terminate_alloc                          - Undefined Weak Reference
    _terminate_user_alloc                     - Undefined Weak Reference
    _terminateio                              - Undefined Weak Reference
    __Vectors_Size                           0x000001ac   Number         0  startup_stm32f429xx.o ABSOLUTE
    __Vectors                                0x08000000   Data           4  startup_stm32f429xx.o(RESET)
    __Vectors_End                            0x080001ac   Data           0  startup_stm32f429xx.o(RESET)
    __main                                   0x080001ad   Thumb Code     8  __main.o(!!!main)
    __scatterload                            0x080001b5   Thumb Code     0  __scatter.o(!!!scatter)
    __scatterload_rt2                        0x080001b5   Thumb Code    44  __scatter.o(!!!scatter)
    __scatterload_rt2_thumb_only             0x080001b5   Thumb Code     0  __scatter.o(!!!scatter)
    __scatterload_null                       0x080001c3   Thumb Code     0  __scatter.o(!!!scatter)
    __decompress                             0x080001e9   Thumb Code    90  __dczerorl2.o(!!dczerorl2)
    __decompress1                            0x080001e9   Thumb Code     0  __dczerorl2.o(!!dczerorl2)
    __scatterload_zeroinit                   0x08000245   Thumb Code    28  __scatter_zi.o(!!handler_zi)
    _printf_d                                0x08000261   Thumb Code     0  _printf_d.o(.ARM.Collect$$_printf_percent$$00000009)
    _printf_percent                          0x08000261   Thumb Code     0  _printf_percent.o(.ARM.Collect$$_printf_percent$$00000000)
    _printf_percent_end                      0x08000267   Thumb Code     0  _printf_percent_end.o(.ARM.Collect$$_printf_percent$$00000017)
    __rt_lib_init                            0x0800026b   Thumb Code     0  libinit.o(.ARM.Collect$$libinit$$00000000)
    __rt_lib_init_fp_1                       0x0800026d   Thumb Code     0  libinit2.o(.ARM.Collect$$libinit$$00000001)
    __rt_lib_init_alloca_1                   0x08000271   Thumb Code     0  libinit2.o(.ARM.Collect$$libinit$$0000002E)
    __rt_lib_init_argv_1                     0x08000271   Thumb Code     0  libinit2.o(.ARM.Collect$$libinit$$0000002C)
    __rt_lib_init_atexit_1                   0x08000271   Thumb Code     0  libinit2.o(.ARM.Collect$$libinit$$0000001B)
    __rt_lib_init_clock_1                    0x08000271   Thumb Code     0  libinit2.o(.ARM.Collect$$libinit$$00000021)
    __rt_lib_init_cpp_1                      0x08000271   Thumb Code     0  libinit2.o(.ARM.Collect$$libinit$$00000032)
    __rt_lib_init_exceptions_1               0x08000271   Thumb Code     0  libinit2.o(.ARM.Collect$$libinit$$00000030)
    __rt_lib_init_fp_trap_1                  0x08000271   Thumb Code     0  libinit2.o(.ARM.Collect$$libinit$$0000001F)
    __rt_lib_init_getenv_1                   0x08000271   Thumb Code     0  libinit2.o(.ARM.Collect$$libinit$$00000023)
    __rt_lib_init_heap_1                     0x08000271   Thumb Code     0  libinit2.o(.ARM.Collect$$libinit$$0000000A)
    __rt_lib_init_lc_collate_1               0x08000271   Thumb Code     0  libinit2.o(.ARM.Collect$$libinit$$00000011)
    __rt_lib_init_lc_ctype_1                 0x08000271   Thumb Code     0  libinit2.o(.ARM.Collect$$libinit$$00000013)
    __rt_lib_init_lc_monetary_1              0x08000271   Thumb Code     0  libinit2.o(.ARM.Collect$$libinit$$00000015)
    __rt_lib_init_lc_numeric_1               0x08000271   Thumb Code     0  libinit2.o(.ARM.Collect$$libinit$$00000017)
    __rt_lib_init_lc_time_1                  0x08000271   Thumb Code     0  libinit2.o(.ARM.Collect$$libinit$$00000019)
    __rt_lib_init_preinit_1                  0x08000271   Thumb Code     0  libinit2.o(.ARM.Collect$$libinit$$00000004)
    __rt_lib_init_rand_1                     0x08000271   Thumb Code     0  libinit2.o(.ARM.Collect$$libinit$$0000000E)
    __rt_lib_init_return                     0x08000271   Thumb Code     0  libinit2.o(.ARM.Collect$$libinit$$00000033)
    __rt_lib_init_signal_1                   0x08000271   Thumb Code     0  libinit2.o(.ARM.Collect$$libinit$$0000001D)
    __rt_lib_init_stdio_1                    0x08000271   Thumb Code     0  libinit2.o(.ARM.Collect$$libinit$$00000025)
    __rt_lib_init_user_alloc_1               0x08000271   Thumb Code     0  libinit2.o(.ARM.Collect$$libinit$$0000000C)
    __rt_lib_shutdown                        0x08000273   Thumb Code     0  libshutdown.o(.ARM.Collect$$libshutdown$$00000000)
    __rt_lib_shutdown_cpp_1                  0x08000275   Thumb Code     0  libshutdown2.o(.ARM.Collect$$libshutdown$$00000004)
    __rt_lib_shutdown_fini_1                 0x08000275   Thumb Code     0  libshutdown2.o(.ARM.Collect$$libshutdown$$00000002)
    __rt_lib_shutdown_fp_trap_1              0x08000275   Thumb Code     0  libshutdown2.o(.ARM.Collect$$libshutdown$$00000009)
    __rt_lib_shutdown_heap_1                 0x08000275   Thumb Code     0  libshutdown2.o(.ARM.Collect$$libshutdown$$00000011)
    __rt_lib_shutdown_return                 0x08000275   Thumb Code     0  libshutdown2.o(.ARM.Collect$$libshutdown$$00000012)
    __rt_lib_shutdown_signal_1               0x08000275   Thumb Code     0  libshutdown2.o(.ARM.Collect$$libshutdown$$0000000C)
    __rt_lib_shutdown_stdio_1                0x08000275   Thumb Code     0  libshutdown2.o(.ARM.Collect$$libshutdown$$00000006)
    __rt_lib_shutdown_user_alloc_1           0x08000275   Thumb Code     0  libshutdown2.o(.ARM.Collect$$libshutdown$$0000000E)
    __rt_entry                               0x08000277   Thumb Code     0  __rtentry.o(.ARM.Collect$$rtentry$$00000000)
    __rt_entry_presh_1                       0x08000277   Thumb Code     0  __rtentry2.o(.ARM.Collect$$rtentry$$00000002)
    __rt_entry_sh                            0x08000277   Thumb Code     0  __rtentry4.o(.ARM.Collect$$rtentry$$00000004)
    __rt_entry_postsh_1                      0x0800027d   Thumb Code     0  __rtentry2.o(.ARM.Collect$$rtentry$$00000008)
    __rt_entry_li                            0x08000285   Thumb Code     0  __rtentry2.o(.ARM.Collect$$rtentry$$0000000A)
    __rt_entry_main                          0x08000289   Thumb Code     0  __rtentry2.o(.ARM.Collect$$rtentry$$0000000D)
    __rt_entry_postli_1                      0x08000289   Thumb Code     0  __rtentry2.o(.ARM.Collect$$rtentry$$0000000C)
    __rt_exit                                0x08000291   Thumb Code     0  rtexit.o(.ARM.Collect$$rtexit$$00000000)
    __rt_exit_ls                             0x08000293   Thumb Code     0  rtexit2.o(.ARM.Collect$$rtexit$$00000003)
    __rt_exit_prels_1                        0x08000293   Thumb Code     0  rtexit2.o(.ARM.Collect$$rtexit$$00000002)
    __rt_exit_exit                           0x08000297   Thumb Code     0  rtexit2.o(.ARM.Collect$$rtexit$$00000004)
    __asm___15_EventRecorder_c_e8d3082c__atomic_inc8 0x0800029d   Thumb Code    18  eventrecorder.o(.emb_text)
    __asm___15_EventRecorder_c_e8d3082c__atomic_inc32 0x080002af   Thumb Code    18  eventrecorder.o(.emb_text)
    __asm___15_EventRecorder_c_e8d3082c__atomic_xch32 0x080002c1   Thumb Code    16  eventrecorder.o(.emb_text)
    __asm___15_EventRecorder_c_e8d3082c__LockRecord 0x080002d1   Thumb Code    34  eventrecorder.o(.emb_text)
    __asm___15_EventRecorder_c_e8d3082c__UnlockRecord 0x080002f3   Thumb Code    30  eventrecorder.o(.emb_text)
    Reset_Handler                            0x08000311   Thumb Code     8  startup_stm32f429xx.o(.text)
    ADC_IRQHandler                           0x0800032b   Thumb Code     0  startup_stm32f429xx.o(.text)
    CAN1_RX0_IRQHandler                      0x0800032b   Thumb Code     0  startup_stm32f429xx.o(.text)
    CAN1_RX1_IRQHandler                      0x0800032b   Thumb Code     0  startup_stm32f429xx.o(.text)
    CAN1_SCE_IRQHandler                      0x0800032b   Thumb Code     0  startup_stm32f429xx.o(.text)
    CAN1_TX_IRQHandler                       0x0800032b   Thumb Code     0  startup_stm32f429xx.o(.text)
    CAN2_RX0_IRQHandler                      0x0800032b   Thumb Code     0  startup_stm32f429xx.o(.text)
    CAN2_RX1_IRQHandler                      0x0800032b   Thumb Code     0  startup_stm32f429xx.o(.text)
    CAN2_SCE_IRQHandler                      0x0800032b   Thumb Code     0  startup_stm32f429xx.o(.text)
    CAN2_TX_IRQHandler                       0x0800032b   Thumb Code     0  startup_stm32f429xx.o(.text)
    DCMI_IRQHandler                          0x0800032b   Thumb Code     0  startup_stm32f429xx.o(.text)
    DMA1_Stream0_IRQHandler                  0x0800032b   Thumb Code     0  startup_stm32f429xx.o(.text)
    DMA1_Stream1_IRQHandler                  0x0800032b   Thumb Code     0  startup_stm32f429xx.o(.text)
    DMA1_Stream2_IRQHandler                  0x0800032b   Thumb Code     0  startup_stm32f429xx.o(.text)
    DMA1_Stream3_IRQHandler                  0x0800032b   Thumb Code     0  startup_stm32f429xx.o(.text)
    DMA1_Stream4_IRQHandler                  0x0800032b   Thumb Code     0  startup_stm32f429xx.o(.text)
    DMA1_Stream5_IRQHandler                  0x0800032b   Thumb Code     0  startup_stm32f429xx.o(.text)
    DMA1_Stream6_IRQHandler                  0x0800032b   Thumb Code     0  startup_stm32f429xx.o(.text)
    DMA1_Stream7_IRQHandler                  0x0800032b   Thumb Code     0  startup_stm32f429xx.o(.text)
    DMA2D_IRQHandler                         0x0800032b   Thumb Code     0  startup_stm32f429xx.o(.text)
    DMA2_Stream0_IRQHandler                  0x0800032b   Thumb Code     0  startup_stm32f429xx.o(.text)
    DMA2_Stream1_IRQHandler                  0x0800032b   Thumb Code     0  startup_stm32f429xx.o(.text)
    DMA2_Stream2_IRQHandler                  0x0800032b   Thumb Code     0  startup_stm32f429xx.o(.text)
    DMA2_Stream3_IRQHandler                  0x0800032b   Thumb Code     0  startup_stm32f429xx.o(.text)
    DMA2_Stream4_IRQHandler                  0x0800032b   Thumb Code     0  startup_stm32f429xx.o(.text)
    DMA2_Stream5_IRQHandler                  0x0800032b   Thumb Code     0  startup_stm32f429xx.o(.text)
    DMA2_Stream6_IRQHandler                  0x0800032b   Thumb Code     0  startup_stm32f429xx.o(.text)
    DMA2_Stream7_IRQHandler                  0x0800032b   Thumb Code     0  startup_stm32f429xx.o(.text)
    ETH_IRQHandler                           0x0800032b   Thumb Code     0  startup_stm32f429xx.o(.text)
    ETH_WKUP_IRQHandler                      0x0800032b   Thumb Code     0  startup_stm32f429xx.o(.text)
    EXTI0_IRQHandler                         0x0800032b   Thumb Code     0  startup_stm32f429xx.o(.text)
    EXTI15_10_IRQHandler                     0x0800032b   Thumb Code     0  startup_stm32f429xx.o(.text)
    EXTI1_IRQHandler                         0x0800032b   Thumb Code     0  startup_stm32f429xx.o(.text)
    EXTI2_IRQHandler                         0x0800032b   Thumb Code     0  startup_stm32f429xx.o(.text)
    EXTI3_IRQHandler                         0x0800032b   Thumb Code     0  startup_stm32f429xx.o(.text)
    EXTI4_IRQHandler                         0x0800032b   Thumb Code     0  startup_stm32f429xx.o(.text)
    EXTI9_5_IRQHandler                       0x0800032b   Thumb Code     0  startup_stm32f429xx.o(.text)
    FLASH_IRQHandler                         0x0800032b   Thumb Code     0  startup_stm32f429xx.o(.text)
    FMC_IRQHandler                           0x0800032b   Thumb Code     0  startup_stm32f429xx.o(.text)
    FPU_IRQHandler                           0x0800032b   Thumb Code     0  startup_stm32f429xx.o(.text)
    HASH_RNG_IRQHandler                      0x0800032b   Thumb Code     0  startup_stm32f429xx.o(.text)
    I2C1_ER_IRQHandler                       0x0800032b   Thumb Code     0  startup_stm32f429xx.o(.text)
    I2C1_EV_IRQHandler                       0x0800032b   Thumb Code     0  startup_stm32f429xx.o(.text)
    I2C2_ER_IRQHandler                       0x0800032b   Thumb Code     0  startup_stm32f429xx.o(.text)
    I2C2_EV_IRQHandler                       0x0800032b   Thumb Code     0  startup_stm32f429xx.o(.text)
    I2C3_ER_IRQHandler                       0x0800032b   Thumb Code     0  startup_stm32f429xx.o(.text)
    I2C3_EV_IRQHandler                       0x0800032b   Thumb Code     0  startup_stm32f429xx.o(.text)
    LTDC_ER_IRQHandler                       0x0800032b   Thumb Code     0  startup_stm32f429xx.o(.text)
    LTDC_IRQHandler                          0x0800032b   Thumb Code     0  startup_stm32f429xx.o(.text)
    OTG_FS_IRQHandler                        0x0800032b   Thumb Code     0  startup_stm32f429xx.o(.text)
    OTG_FS_WKUP_IRQHandler                   0x0800032b   Thumb Code     0  startup_stm32f429xx.o(.text)
    OTG_HS_EP1_IN_IRQHandler                 0x0800032b   Thumb Code     0  startup_stm32f429xx.o(.text)
    OTG_HS_EP1_OUT_IRQHandler                0x0800032b   Thumb Code     0  startup_stm32f429xx.o(.text)
    OTG_HS_IRQHandler                        0x0800032b   Thumb Code     0  startup_stm32f429xx.o(.text)
    OTG_HS_WKUP_IRQHandler                   0x0800032b   Thumb Code     0  startup_stm32f429xx.o(.text)
    PVD_IRQHandler                           0x0800032b   Thumb Code     0  startup_stm32f429xx.o(.text)
    RCC_IRQHandler                           0x0800032b   Thumb Code     0  startup_stm32f429xx.o(.text)
    RTC_WKUP_IRQHandler                      0x0800032b   Thumb Code     0  startup_stm32f429xx.o(.text)
    SAI1_IRQHandler                          0x0800032b   Thumb Code     0  startup_stm32f429xx.o(.text)
    SDIO_IRQHandler                          0x0800032b   Thumb Code     0  startup_stm32f429xx.o(.text)
    SPI2_IRQHandler                          0x0800032b   Thumb Code     0  startup_stm32f429xx.o(.text)
    SPI3_IRQHandler                          0x0800032b   Thumb Code     0  startup_stm32f429xx.o(.text)
    SPI4_IRQHandler                          0x0800032b   Thumb Code     0  startup_stm32f429xx.o(.text)
    SPI5_IRQHandler                          0x0800032b   Thumb Code     0  startup_stm32f429xx.o(.text)
    SPI6_IRQHandler                          0x0800032b   Thumb Code     0  startup_stm32f429xx.o(.text)
    TAMP_STAMP_IRQHandler                    0x0800032b   Thumb Code     0  startup_stm32f429xx.o(.text)
    TIM1_BRK_TIM9_IRQHandler                 0x0800032b   Thumb Code     0  startup_stm32f429xx.o(.text)
    TIM1_CC_IRQHandler                       0x0800032b   Thumb Code     0  startup_stm32f429xx.o(.text)
    TIM1_TRG_COM_TIM11_IRQHandler            0x0800032b   Thumb Code     0  startup_stm32f429xx.o(.text)
    TIM1_UP_TIM10_IRQHandler                 0x0800032b   Thumb Code     0  startup_stm32f429xx.o(.text)
    TIM2_IRQHandler                          0x0800032b   Thumb Code     0  startup_stm32f429xx.o(.text)
    TIM3_IRQHandler                          0x0800032b   Thumb Code     0  startup_stm32f429xx.o(.text)
    TIM4_IRQHandler                          0x0800032b   Thumb Code     0  startup_stm32f429xx.o(.text)
    TIM5_IRQHandler                          0x0800032b   Thumb Code     0  startup_stm32f429xx.o(.text)
    TIM6_DAC_IRQHandler                      0x0800032b   Thumb Code     0  startup_stm32f429xx.o(.text)
    TIM7_IRQHandler                          0x0800032b   Thumb Code     0  startup_stm32f429xx.o(.text)
    TIM8_BRK_TIM12_IRQHandler                0x0800032b   Thumb Code     0  startup_stm32f429xx.o(.text)
    TIM8_CC_IRQHandler                       0x0800032b   Thumb Code     0  startup_stm32f429xx.o(.text)
    TIM8_TRG_COM_TIM14_IRQHandler            0x0800032b   Thumb Code     0  startup_stm32f429xx.o(.text)
    TIM8_UP_TIM13_IRQHandler                 0x0800032b   Thumb Code     0  startup_stm32f429xx.o(.text)
    UART4_IRQHandler                         0x0800032b   Thumb Code     0  startup_stm32f429xx.o(.text)
    UART5_IRQHandler                         0x0800032b   Thumb Code     0  startup_stm32f429xx.o(.text)
    UART7_IRQHandler                         0x0800032b   Thumb Code     0  startup_stm32f429xx.o(.text)
    UART8_IRQHandler                         0x0800032b   Thumb Code     0  startup_stm32f429xx.o(.text)
    USART1_IRQHandler                        0x0800032b   Thumb Code     0  startup_stm32f429xx.o(.text)
    USART2_IRQHandler                        0x0800032b   Thumb Code     0  startup_stm32f429xx.o(.text)
    USART3_IRQHandler                        0x0800032b   Thumb Code     0  startup_stm32f429xx.o(.text)
    USART6_IRQHandler                        0x0800032b   Thumb Code     0  startup_stm32f429xx.o(.text)
    WWDG_IRQHandler                          0x0800032b   Thumb Code     0  startup_stm32f429xx.o(.text)
    __user_initial_stackheap                 0x0800032d   Thumb Code     0  startup_stm32f429xx.o(.text)
    SVC_Handler                              0x08000351   Thumb Code   154  irq_armv7m.o(.text)
    PendSV_Handler                           0x080003eb   Thumb Code    16  irq_armv7m.o(.text)
    SysTick_Handler                          0x080003fb   Thumb Code    16  irq_armv7m.o(.text)
    __aeabi_uldivmod                         0x08000419   Thumb Code     0  lludivv7m.o(.text)
    _ll_udiv                                 0x08000419   Thumb Code   238  lludivv7m.o(.text)
    __2sprintf                               0x08000509   Thumb Code    34  noretval__2sprintf.o(.text)
    _printf_int_dec                          0x08000531   Thumb Code   104  _printf_dec.o(.text)
    __printf                                 0x080005a9   Thumb Code   270  __printf_wp.o(.text)
    strlen                                   0x080006b7   Thumb Code    62  strlen.o(.text)
    __aeabi_memcpy                           0x080006f5   Thumb Code     0  rt_memcpy_v6.o(.text)
    __rt_memcpy                              0x080006f5   Thumb Code   138  rt_memcpy_v6.o(.text)
    _memcpy_lastbytes                        0x0800075b   Thumb Code     0  rt_memcpy_v6.o(.text)
    __aeabi_memclr                           0x0800077f   Thumb Code     0  rt_memclr.o(.text)
    __rt_memclr                              0x0800077f   Thumb Code    68  rt_memclr.o(.text)
    _memset                                  0x08000783   Thumb Code     0  rt_memclr.o(.text)
    __aeabi_memclr4                          0x080007c3   Thumb Code     0  rt_memclr_w.o(.text)
    __aeabi_memclr8                          0x080007c3   Thumb Code     0  rt_memclr_w.o(.text)
    __rt_memclr_w                            0x080007c3   Thumb Code    78  rt_memclr_w.o(.text)
    _memset_w                                0x080007c7   Thumb Code     0  rt_memclr_w.o(.text)
    __use_two_region_memory                  0x08000811   Thumb Code     2  heapauxi.o(.text)
    __rt_heap_escrow$2region                 0x08000813   Thumb Code     2  heapauxi.o(.text)
    __rt_heap_expand$2region                 0x08000815   Thumb Code     2  heapauxi.o(.text)
    _printf_int_common                       0x08000817   Thumb Code   178  _printf_intcommon.o(.text)
    _printf_char_common                      0x080008d3   Thumb Code    32  _printf_char_common.o(.text)
    _sputc                                   0x080008f9   Thumb Code    10  _sputc.o(.text)
    __aeabi_memcpy4                          0x08000903   Thumb Code     0  rt_memcpy_w.o(.text)
    __aeabi_memcpy8                          0x08000903   Thumb Code     0  rt_memcpy_w.o(.text)
    __rt_memcpy_w                            0x08000903   Thumb Code   100  rt_memcpy_w.o(.text)
    _memcpy_lastbytes_aligned                0x0800094b   Thumb Code     0  rt_memcpy_w.o(.text)
    __user_setup_stackheap                   0x08000967   Thumb Code    74  sys_stackheap_outer.o(.text)
    exit                                     0x080009b1   Thumb Code    18  exit.o(.text)
    __user_libspace                          0x080009c5   Thumb Code     8  libspace.o(.text)
    __user_perproc_libspace                  0x080009c5   Thumb Code     0  libspace.o(.text)
    _sys_exit                                0x080009cd   Thumb Code     8  sys_exit.o(.text)
    __I$use$semihosting                      0x080009d9   Thumb Code     0  use_no_semi.o(.text)
    __use_no_semihosting_swi                 0x080009d9   Thumb Code     2  use_no_semi.o(.text)
    __semihosting_library_function           0x080009db   Thumb Code     0  indicate_semi.o(.text)
    OS_Tick_AcknowledgeIRQ                   0x08000a91   Thumb Code     8  os_systick.o(.text.OS_Tick_AcknowledgeIRQ)
    OS_Tick_Enable                           0x08000a9d   Thumb Code    32  os_systick.o(.text.OS_Tick_Enable)
    OS_Tick_GetIRQn                          0x08000ac9   Thumb Code     6  os_systick.o(.text.OS_Tick_GetIRQn)
    OS_Tick_Setup                            0x08000ad1   Thumb Code    48  os_systick.o(.text.OS_Tick_Setup)
    osDelay                                  0x08000c09   Thumb Code    32  rtx_delay.o(.text.osDelay)
    osKernelGetState                         0x08000c2d   Thumb Code    40  rtx_kernel.o(.text.osKernelGetState)
    osKernelGetTickCount                     0x08000c5d   Thumb Code    32  rtx_kernel.o(.text.osKernelGetTickCount)
    osKernelInitialize                       0x08000c85   Thumb Code    40  rtx_kernel.o(.text.osKernelInitialize)
    osKernelStart                            0x08000cb1   Thumb Code    32  rtx_kernel.o(.text.osKernelStart)
    osMessageQueueGet                        0x08000cd5   Thumb Code   108  rtx_msgqueue.o(.text.osMessageQueueGet)
    osMessageQueuePut                        0x08000d45   Thumb Code   124  rtx_msgqueue.o(.text.osMessageQueuePut)
    osMutexAcquire                           0x08000dc5   Thumb Code    32  rtx_mutex.o(.text.osMutexAcquire)
    osMutexDelete                            0x08000de9   Thumb Code    32  rtx_mutex.o(.text.osMutexDelete)
    osMutexNew                               0x08000e0d   Thumb Code    32  rtx_mutex.o(.text.osMutexNew)
    osMutexRelease                           0x08000e31   Thumb Code    32  rtx_mutex.o(.text.osMutexRelease)
    osRtxKernelErrorNotify                   0x08000e55   Thumb Code     4  rtx_kernel.o(.text.osRtxKernelErrorNotify)
    osRtxMemoryAlloc                         0x08000e59   Thumb Code   108  rtx_memory.o(.text.osRtxMemoryAlloc)
    osRtxMemoryFree                          0x08000ec5   Thumb Code    66  rtx_memory.o(.text.osRtxMemoryFree)
    osRtxMemoryInit                          0x08000f07   Thumb Code    54  rtx_memory.o(.text.osRtxMemoryInit)
    osRtxMemoryPoolAlloc                     0x08000f3d   Thumb Code    58  rtx_mempool.o(.text.osRtxMemoryPoolAlloc)
    osRtxMemoryPoolFree                      0x08000f77   Thumb Code    74  rtx_mempool.o(.text.osRtxMemoryPoolFree)
    osRtxMemoryPoolInit                      0x08000fc1   Thumb Code    56  rtx_mempool.o(.text.osRtxMemoryPoolInit)
    osRtxMessageQueueTimerSetup              0x080010a5   Thumb Code    32  rtx_msgqueue.o(.text.osRtxMessageQueueTimerSetup)
    osRtxMutexOwnerRelease                   0x080010cd   Thumb Code    72  rtx_mutex.o(.text.osRtxMutexOwnerRelease)
    osRtxMutexOwnerRestore                   0x08001115   Thumb Code    66  rtx_mutex.o(.text.osRtxMutexOwnerRestore)
    osRtxPendSV_Handler                      0x08001159   Thumb Code   136  rtx_system.o(.text.osRtxPendSV_Handler)
    osRtxPostProcess                         0x080011e5   Thumb Code   108  rtx_system.o(.text.osRtxPostProcess)
    osRtxThreadDelayTick                     0x08001351   Thumb Code    72  rtx_thread.o(.text.osRtxThreadDelayTick)
    osRtxThreadDispatch                      0x080013c1   Thumb Code    80  rtx_thread.o(.text.osRtxThreadDispatch)
    osRtxThreadListGet                       0x0800148b   Thumb Code    18  rtx_thread.o(.text.osRtxThreadListGet)
    osRtxThreadListPut                       0x0800149d   Thumb Code    44  rtx_thread.o(.text.osRtxThreadListPut)
    osRtxThreadListRemove                    0x080014c9   Thumb Code    20  rtx_thread.o(.text.osRtxThreadListRemove)
    osRtxThreadListSort                      0x080014e9   Thumb Code    38  rtx_thread.o(.text.osRtxThreadListSort)
    osRtxThreadReadyPut                      0x08001539   Thumb Code    16  rtx_thread.o(.text.osRtxThreadReadyPut)
    osRtxThreadRegPtr                        0x0800154d   Thumb Code    20  rtx_thread.o(.text.osRtxThreadRegPtr)
    osRtxThreadStartup                       0x08001561   Thumb Code    48  rtx_thread.o(.text.osRtxThreadStartup)
    osRtxThreadSwitch                        0x0800159d   Thumb Code    12  rtx_thread.o(.text.osRtxThreadSwitch)
    osRtxThreadWaitEnter                     0x080015ad   Thumb Code    56  rtx_thread.o(.text.osRtxThreadWaitEnter)
    osRtxThreadWaitExit                      0x080015e9   Thumb Code    48  rtx_thread.o(.text.osRtxThreadWaitExit)
    osRtxTick_Handler                        0x08001619   Thumb Code   116  rtx_system.o(.text.osRtxTick_Handler)
    osRtxTimerSetup                          0x08001691   Thumb Code    24  rtx_timer.o(.text.osRtxTimerSetup)
    osRtxTimerThread                         0x080016b1   Thumb Code    32  rtx_timer.o(.text.osRtxTimerThread)
    osThreadExit                             0x08001741   Thumb Code     8  rtx_thread.o(.text.osThreadExit)
    osThreadFlagsSet                         0x0800174d   Thumb Code    84  rtx_thread.o(.text.osThreadFlagsSet)
    osThreadFlagsWait                        0x080017a5   Thumb Code    32  rtx_thread.o(.text.osThreadFlagsWait)
    osThreadNew                              0x080017c9   Thumb Code    32  rtx_thread.o(.text.osThreadNew)
    osThreadYield                            0x080017ed   Thumb Code    32  rtx_thread.o(.text.osThreadYield)
    osTimerNew                               0x08001811   Thumb Code    32  rtx_timer.o(.text.osTimerNew)
    osTimerStart                             0x08001835   Thumb Code    32  rtx_timer.o(.text.osTimerStart)
    osTimerStop                              0x08001859   Thumb Code    32  rtx_timer.o(.text.osTimerStop)
    BusFault_Handler                         0x08002341   Thumb Code     4  stm32f4xx_it.o(i.BusFault_Handler)
    DebugMon_Handler                         0x08002345   Thumb Code     2  stm32f4xx_it.o(i.DebugMon_Handler)
    Display_Date_Time                        0x080023e5   Thumb Code   122  rtc.o(i.Display_Date_Time)
    EventRecorderDisable                     0x08002899   Thumb Code    88  eventrecorder.o(i.EventRecorderDisable)
    EventRecorderEnable                      0x080028f5   Thumb Code    88  eventrecorder.o(i.EventRecorderEnable)
    EventRecorderInitialize                  0x08002951   Thumb Code   270  eventrecorder.o(i.EventRecorderInitialize)
    EventRecorderStart                       0x08002a79   Thumb Code    40  eventrecorder.o(i.EventRecorderStart)
    EventRecorderTimerGetCount               0x08002aa9   Thumb Code     6  eventrecorder.o(i.EventRecorderTimerGetCount)
    EventRecorderTimerGetFreq                0x08002ab5   Thumb Code     6  eventrecorder.o(i.EventRecorderTimerGetFreq)
    EventRecorderTimerSetup                  0x08002ac1   Thumb Code    28  eventrecorder.o(i.EventRecorderTimerSetup)
    Get_Time_RTC_Binary                      0x08002ae5   Thumb Code    14  rtc.o(i.Get_Time_RTC_Binary)
    HAL_DMA_Abort_IT                         0x08002afd   Thumb Code    40  stm32f4xx_hal_dma.o(i.HAL_DMA_Abort_IT)
    HAL_GPIO_DeInit                          0x08002b25   Thumb Code   336  stm32f4xx_hal_gpio.o(i.HAL_GPIO_DeInit)
    HAL_GPIO_Init                            0x08002ca5   Thumb Code   486  stm32f4xx_hal_gpio.o(i.HAL_GPIO_Init)
    HAL_GPIO_TogglePin                       0x08002ec1   Thumb Code    18  stm32f4xx_hal_gpio.o(i.HAL_GPIO_TogglePin)
    HAL_GPIO_WritePin                        0x08002ed3   Thumb Code    12  stm32f4xx_hal_gpio.o(i.HAL_GPIO_WritePin)
    HAL_GetREVID                             0x08002ee1   Thumb Code     8  stm32f4xx_hal.o(i.HAL_GetREVID)
    HAL_GetTick                              0x08002eed   Thumb Code    66  main.o(i.HAL_GetTick)
    HAL_Init                                 0x08002f39   Thumb Code    44  stm32f4xx_hal.o(i.HAL_Init)
    HAL_InitTick                             0x08002f69   Thumb Code     6  main.o(i.HAL_InitTick)
    HAL_MspInit                              0x08002f6f   Thumb Code     2  stm32f4xx_hal.o(i.HAL_MspInit)
    HAL_NVIC_DisableIRQ                      0x08002f71   Thumb Code    38  stm32f4xx_hal_cortex.o(i.HAL_NVIC_DisableIRQ)
    HAL_NVIC_EnableIRQ                       0x08002f9d   Thumb Code    40  stm32f4xx_hal_cortex.o(i.HAL_NVIC_EnableIRQ)
    HAL_NVIC_SetPriority                     0x08002fc5   Thumb Code   124  stm32f4xx_hal_cortex.o(i.HAL_NVIC_SetPriority)
    HAL_NVIC_SetPriorityGrouping             0x08003041   Thumb Code    32  stm32f4xx_hal_cortex.o(i.HAL_NVIC_SetPriorityGrouping)
    HAL_PWR_EnableBkUpAccess                 0x08003069   Thumb Code     8  stm32f4xx_hal_pwr.o(i.HAL_PWR_EnableBkUpAccess)
    HAL_RCCEx_PeriphCLKConfig                0x08003075   Thumb Code   746  stm32f4xx_hal_rcc_ex.o(i.HAL_RCCEx_PeriphCLKConfig)
    HAL_RCC_ClockConfig                      0x08003379   Thumb Code   368  stm32f4xx_hal_rcc.o(i.HAL_RCC_ClockConfig)
    HAL_RCC_GetHCLKFreq                      0x080034fd   Thumb Code     6  stm32f4xx_hal_rcc.o(i.HAL_RCC_GetHCLKFreq)
    HAL_RCC_GetPCLK2Freq                     0x08003509   Thumb Code    22  stm32f4xx_hal_rcc.o(i.HAL_RCC_GetPCLK2Freq)
    HAL_RCC_GetSysClockFreq                  0x08003529   Thumb Code   162  stm32f4xx_hal_rcc.o(i.HAL_RCC_GetSysClockFreq)
    HAL_RCC_OscConfig                        0x080035d9   Thumb Code  1152  stm32f4xx_hal_rcc.o(i.HAL_RCC_OscConfig)
    HAL_RTCEx_AlarmBEventCallback            0x08003a61   Thumb Code     2  stm32f4xx_hal_rtc_ex.o(i.HAL_RTCEx_AlarmBEventCallback)
    HAL_RTC_AlarmAEventCallback              0x08003a65   Thumb Code    48  rtc.o(i.HAL_RTC_AlarmAEventCallback)
    HAL_RTC_AlarmIRQHandler                  0x08003aa5   Thumb Code   102  stm32f4xx_hal_rtc.o(i.HAL_RTC_AlarmIRQHandler)
    HAL_RTC_GetDate                          0x08003b11   Thumb Code    72  stm32f4xx_hal_rtc.o(i.HAL_RTC_GetDate)
    HAL_RTC_GetTime                          0x08003b5d   Thumb Code    92  stm32f4xx_hal_rtc.o(i.HAL_RTC_GetTime)
    HAL_RTC_Init                             0x08003bbd   Thumb Code   212  stm32f4xx_hal_rtc.o(i.HAL_RTC_Init)
    HAL_RTC_MspInit                          0x08003c95   Thumb Code     2  stm32f4xx_hal_rtc.o(i.HAL_RTC_MspInit)
    HAL_RTC_SetAlarm_IT                      0x08003c99   Thumb Code   512  stm32f4xx_hal_rtc.o(i.HAL_RTC_SetAlarm_IT)
    HAL_RTC_SetDate                          0x08003ea1   Thumb Code   254  stm32f4xx_hal_rtc.o(i.HAL_RTC_SetDate)
    HAL_RTC_SetTime                          0x08003fa5   Thumb Code   296  stm32f4xx_hal_rtc.o(i.HAL_RTC_SetTime)
    HAL_RTC_WaitForSynchro                   0x080040d1   Thumb Code    58  stm32f4xx_hal_rtc.o(i.HAL_RTC_WaitForSynchro)
    HAL_TIM_Base_DeInit                      0x0800410b   Thumb Code    70  stm32f4xx_hal_tim.o(i.HAL_TIM_Base_DeInit)
    HAL_TIM_Base_Init                        0x08004151   Thumb Code    52  stm32f4xx_hal_tim.o(i.HAL_TIM_Base_Init)
    HAL_TIM_Base_MspDeInit                   0x08004185   Thumb Code     2  stm32f4xx_hal_tim.o(i.HAL_TIM_Base_MspDeInit)
    HAL_TIM_Base_MspInit                     0x08004187   Thumb Code     2  stm32f4xx_hal_tim.o(i.HAL_TIM_Base_MspInit)
    HAL_TIM_Base_Start                       0x08004189   Thumb Code    42  stm32f4xx_hal_tim.o(i.HAL_TIM_Base_Start)
    HAL_TIM_Base_Stop                        0x080041b3   Thumb Code    56  stm32f4xx_hal_tim.o(i.HAL_TIM_Base_Stop)
    HardFault_Handler                        0x080041eb   Thumb Code     4  stm32f4xx_it.o(i.HardFault_Handler)
    Init_ThreadFlags                         0x080041f1   Thumb Code    32  threadflags.o(i.Init_ThreadFlags)
    Init_Timers                              0x08004219   Thumb Code   100  timer.o(i.Init_Timers)
    LCD_Init                                 0x08004291   Thumb Code    76  lcd.o(i.LCD_Init)
    LCD_clear                                0x080042dd   Thumb Code    26  lcd.o(i.LCD_clear)
    LCD_reset                                0x080042fd   Thumb Code   196  lcd.o(i.LCD_reset)
    LCD_symbolToLocalBuffer_L1               0x080043d5   Thumb Code   108  lcd.o(i.LCD_symbolToLocalBuffer_L1)
    LCD_symbolToLocalBuffer_L2               0x08004449   Thumb Code   112  lcd.o(i.LCD_symbolToLocalBuffer_L2)
    LCD_update                               0x080044c1   Thumb Code   156  lcd.o(i.LCD_update)
    LED_Init                                 0x08004631   Thumb Code    60  leds.o(i.LED_Init)
    MemManage_Handler                        0x08004679   Thumb Code     4  stm32f4xx_it.o(i.MemManage_Handler)
    NMI_Handler                              0x0800467d   Thumb Code     2  stm32f4xx_it.o(i.NMI_Handler)
    RTC_Alarm_IRQHandler                     0x08004681   Thumb Code    10  rtc.o(i.RTC_Alarm_IRQHandler)
    RTC_Bcd2ToByte                           0x08004691   Thumb Code    22  stm32f4xx_hal_rtc.o(i.RTC_Bcd2ToByte)
    RTC_ByteToBcd2                           0x080046a7   Thumb Code    26  stm32f4xx_hal_rtc.o(i.RTC_ByteToBcd2)
    RTC_EnterInitMode                        0x080046c1   Thumb Code    62  stm32f4xx_hal_rtc.o(i.RTC_EnterInitMode)
    RTC_Init                                 0x08004701   Thumb Code   144  rtc.o(i.RTC_Init)
    SPI1_IRQHandler                          0x0800480d   Thumb Code    10  spi_stm32f4xx.o(i.SPI1_IRQHandler)
    Set_Alarm                                0x080054e9   Thumb Code    68  rtc.o(i.Set_Alarm)
    SystemCoreClockUpdate                    0x0800561d   Thumb Code   170  system_stm32f4xx.o(i.SystemCoreClockUpdate)
    SystemInit                               0x080056dd   Thumb Code    14  system_stm32f4xx.o(i.SystemInit)
    TIM_Base_SetConfig                       0x080056f1   Thumb Code   170  stm32f4xx_hal_tim.o(i.TIM_Base_SetConfig)
    ThreadFlags                              0x080057c9   Thumb Code    60  threadflags.o(i.ThreadFlags)
    UsageFault_Handler                       0x08005845   Thumb Code     4  stm32f4xx_it.o(i.UsageFault_Handler)
    _is_digit                                0x08005881   Thumb Code    14  __printf_wp.o(i._is_digit)
    _mutex_acquire                           0x0800588f   Thumb Code    22  rtx_lib.o(i._mutex_acquire)
    _mutex_free                              0x080058a5   Thumb Code    12  rtx_lib.o(i._mutex_free)
    _mutex_initialize                        0x080058b1   Thumb Code    34  rtx_lib.o(i._mutex_initialize)
    _mutex_release                           0x080058d3   Thumb Code    18  rtx_lib.o(i._mutex_release)
    _platform_post_stackheap_init            0x080058e5   Thumb Code     8  rtx_lib.o(i._platform_post_stackheap_init)
    app_main                                 0x080058ed   Thumb Code    46  main.o(i.app_main)
    delay                                    0x0800595d   Thumb Code   112  lcd.o(i.delay)
    main                                     0x08005ac1   Thumb Code    38  main.o(i.main)
    osRtxErrorNotify                         0x08005aed   Thumb Code    32  rtx_config.o(i.osRtxErrorNotify)
    osRtxIdleThread                          0x08005b0d   Thumb Code     4  rtx_config.o(i.osRtxIdleThread)
    osRtxKernelPreInit                       0x08005b11   Thumb Code    14  rtx_lib.o(i.osRtxKernelPreInit)
    _fp_init                                 0x08005b41   Thumb Code    10  fpinit.o(x$fpl$fpinit)
    __fplib_config_fpu_vfp                   0x08005b49   Thumb Code     0  fpinit.o(x$fpl$fpinit)
    __fplib_config_pureend_doubles           0x08005b49   Thumb Code     0  fpinit.o(x$fpl$fpinit)
    Arial12x12                               0x08005b4a   Data        2400  lcd.o(.constdata)
    irqRtxLibRef                             0x0800650c   Data           4  rtx_lib.o(.constdata)
    osRtxUserSVC                             0x08006510   Data           4  rtx_lib.o(.constdata)
    Driver_SPI1                              0x08006568   Data          44  spi_stm32f4xx.o(.constdata)
    EventRecorderInfo                        0x08006594   Data          24  eventrecorder.o(.constdata)
    AHBPrescTable                            0x080065ac   Data          16  system_stm32f4xx.o(.constdata)
    APBPrescTable                            0x080065bc   Data           8  system_stm32f4xx.o(.constdata)
    osRtxConfig                              0x080065c4   Data         112  rtx_lib.o(.rodata)
    os_cb_sections                           0x08006634   Data          56  rtx_lib.o(.rodata)
    irqRtxLib                                0x0800666c   Number         0  irq_armv7m.o(.rodata)
    Region$$Table$$Base                      0x0800667c   Number         0  anon$$obj.o(Region$$Table)
    Region$$Table$$Limit                     0x0800669c   Number         0  anon$$obj.o(Region$$Table)
    .bss.os.msgqueue.cb$$Base                0x20008040   Number         0  rtx_lib.o(.bss.os.msgqueue.cb)
    .bss.os.msgqueue.cb$$Limit               0x20008074   Number         0  rtx_lib.o(.bss.os.msgqueue.cb)
    .bss.os.thread.cb$$Base                  0x200080c4   Number         0  rtx_lib.o(.bss.os.thread.cb)
    .bss.os.thread.cb$$Limit                 0x2000814c   Number         0  rtx_lib.o(.bss.os.thread.cb)
    SPIdrv                                   0x20008550   Data           4  lcd.o(.data)
    state                                    0x20008554   Data           4  lcd.o(.data)
    sDate                                    0x20008558   Data           4  rtc.o(.data)
    tim_id1                                  0x20008560   Data           4  timer.o(.data)
    tim_id2                                  0x20008568   Data           4  timer.o(.data)
    tid_ThreadFlags                          0x2000856c   Data           4  threadflags.o(.data)
    flags                                    0x20008570   Data           4  threadflags.o(.data)
    uwTick                                   0x20008578   Data           4  stm32f4xx_hal.o(.data)
    uwTickPrio                               0x2000857c   Data           4  stm32f4xx_hal.o(.data)
    uwTickFreq                               0x20008580   Data           1  stm32f4xx_hal.o(.data)
    SystemCoreClock                          0x20008584   Data           4  system_stm32f4xx.o(.data)
    osRtxInfo                                0x20008588   Data         164  rtx_kernel.o(.data.os)
    htim7                                    0x20008640   Data          64  lcd.o(.bss)
    buffer                                   0x20008680   Data         512  lcd.o(.bss)
    htim2                                    0x20008894   Data          64  rtc.o(.bss)
    hrtc                                     0x200088d4   Data          32  rtc.o(.bss)
    sAlarm                                   0x200088f4   Data          40  rtc.o(.bss)
    sTime                                    0x2000891c   Data          20  rtc.o(.bss)
    time                                     0x20008930   Data          30  rtc.o(.bss)
    date                                     0x2000894e   Data          30  rtc.o(.bss)
    __libspace_start                         0x20008998   Data          96  libspace.o(.bss)
    __temporary_stack_top$libspace           0x200089f8   Data           0  libspace.o(.bss)



==============================================================================

Memory Map of the image

  Image Entry point : 0x080001ad

  Load Region LR_IROM1 (Base: 0x08000000, Size: 0x0000ecc8, Max: 0x00200000, ABSOLUTE, COMPRESSED[0x000067c0])

    Execution Region ER_IROM1 (Exec base: 0x08000000, Load base: 0x08000000, Size: 0x0000669c, Max: 0x00200000, ABSOLUTE)

    Exec Addr    Load Addr    Size         Type   Attr      Idx    E Section Name        Object

    0x08000000   0x08000000   0x000001ac   Data   RO         3621    RESET               startup_stm32f429xx.o
    0x080001ac   0x080001ac   0x00000008   Code   RO         4195  * !!!main             c_w.l(__main.o)
    0x080001b4   0x080001b4   0x00000034   Code   RO         4375    !!!scatter          c_w.l(__scatter.o)
    0x080001e8   0x080001e8   0x0000005a   Code   RO         4373    !!dczerorl2         c_w.l(__dczerorl2.o)
    0x08000242   0x08000242   0x00000002   PAD
    0x08000244   0x08000244   0x0000001c   Code   RO         4377    !!handler_zi        c_w.l(__scatter_zi.o)
    0x08000260   0x08000260   0x00000000   Code   RO         4182    .ARM.Collect$$_printf_percent$$00000000  c_w.l(_printf_percent.o)
    0x08000260   0x08000260   0x00000006   Code   RO         4181    .ARM.Collect$$_printf_percent$$00000009  c_w.l(_printf_d.o)
    0x08000266   0x08000266   0x00000004   Code   RO         4208    .ARM.Collect$$_printf_percent$$00000017  c_w.l(_printf_percent_end.o)
    0x0800026a   0x0800026a   0x00000002   Code   RO         4241    .ARM.Collect$$libinit$$00000000  c_w.l(libinit.o)
    0x0800026c   0x0800026c   0x00000004   Code   RO         4253    .ARM.Collect$$libinit$$00000001  c_w.l(libinit2.o)
    0x08000270   0x08000270   0x00000000   Code   RO         4256    .ARM.Collect$$libinit$$00000004  c_w.l(libinit2.o)
    0x08000270   0x08000270   0x00000000   Code   RO         4259    .ARM.Collect$$libinit$$0000000A  c_w.l(libinit2.o)
    0x08000270   0x08000270   0x00000000   Code   RO         4261    .ARM.Collect$$libinit$$0000000C  c_w.l(libinit2.o)
    0x08000270   0x08000270   0x00000000   Code   RO         4263    .ARM.Collect$$libinit$$0000000E  c_w.l(libinit2.o)
    0x08000270   0x08000270   0x00000000   Code   RO         4266    .ARM.Collect$$libinit$$00000011  c_w.l(libinit2.o)
    0x08000270   0x08000270   0x00000000   Code   RO         4268    .ARM.Collect$$libinit$$00000013  c_w.l(libinit2.o)
    0x08000270   0x08000270   0x00000000   Code   RO         4270    .ARM.Collect$$libinit$$00000015  c_w.l(libinit2.o)
    0x08000270   0x08000270   0x00000000   Code   RO         4272    .ARM.Collect$$libinit$$00000017  c_w.l(libinit2.o)
    0x08000270   0x08000270   0x00000000   Code   RO         4274    .ARM.Collect$$libinit$$00000019  c_w.l(libinit2.o)
    0x08000270   0x08000270   0x00000000   Code   RO         4276    .ARM.Collect$$libinit$$0000001B  c_w.l(libinit2.o)
    0x08000270   0x08000270   0x00000000   Code   RO         4278    .ARM.Collect$$libinit$$0000001D  c_w.l(libinit2.o)
    0x08000270   0x08000270   0x00000000   Code   RO         4280    .ARM.Collect$$libinit$$0000001F  c_w.l(libinit2.o)
    0x08000270   0x08000270   0x00000000   Code   RO         4282    .ARM.Collect$$libinit$$00000021  c_w.l(libinit2.o)
    0x08000270   0x08000270   0x00000000   Code   RO         4284    .ARM.Collect$$libinit$$00000023  c_w.l(libinit2.o)
    0x08000270   0x08000270   0x00000000   Code   RO         4286    .ARM.Collect$$libinit$$00000025  c_w.l(libinit2.o)
    0x08000270   0x08000270   0x00000000   Code   RO         4290    .ARM.Collect$$libinit$$0000002C  c_w.l(libinit2.o)
    0x08000270   0x08000270   0x00000000   Code   RO         4292    .ARM.Collect$$libinit$$0000002E  c_w.l(libinit2.o)
    0x08000270   0x08000270   0x00000000   Code   RO         4294    .ARM.Collect$$libinit$$00000030  c_w.l(libinit2.o)
    0x08000270   0x08000270   0x00000000   Code   RO         4296    .ARM.Collect$$libinit$$00000032  c_w.l(libinit2.o)
    0x08000270   0x08000270   0x00000002   Code   RO         4297    .ARM.Collect$$libinit$$00000033  c_w.l(libinit2.o)
    0x08000272   0x08000272   0x00000002   Code   RO         4328    .ARM.Collect$$libshutdown$$00000000  c_w.l(libshutdown.o)
    0x08000274   0x08000274   0x00000000   Code   RO         4354    .ARM.Collect$$libshutdown$$00000002  c_w.l(libshutdown2.o)
    0x08000274   0x08000274   0x00000000   Code   RO         4356    .ARM.Collect$$libshutdown$$00000004  c_w.l(libshutdown2.o)
    0x08000274   0x08000274   0x00000000   Code   RO         4358    .ARM.Collect$$libshutdown$$00000006  c_w.l(libshutdown2.o)
    0x08000274   0x08000274   0x00000000   Code   RO         4361    .ARM.Collect$$libshutdown$$00000009  c_w.l(libshutdown2.o)
    0x08000274   0x08000274   0x00000000   Code   RO         4364    .ARM.Collect$$libshutdown$$0000000C  c_w.l(libshutdown2.o)
    0x08000274   0x08000274   0x00000000   Code   RO         4366    .ARM.Collect$$libshutdown$$0000000E  c_w.l(libshutdown2.o)
    0x08000274   0x08000274   0x00000000   Code   RO         4369    .ARM.Collect$$libshutdown$$00000011  c_w.l(libshutdown2.o)
    0x08000274   0x08000274   0x00000002   Code   RO         4370    .ARM.Collect$$libshutdown$$00000012  c_w.l(libshutdown2.o)
    0x08000276   0x08000276   0x00000000   Code   RO         4197    .ARM.Collect$$rtentry$$00000000  c_w.l(__rtentry.o)
    0x08000276   0x08000276   0x00000000   Code   RO         4212    .ARM.Collect$$rtentry$$00000002  c_w.l(__rtentry2.o)
    0x08000276   0x08000276   0x00000006   Code   RO         4224    .ARM.Collect$$rtentry$$00000004  c_w.l(__rtentry4.o)
    0x0800027c   0x0800027c   0x00000008   Code   RO         4213    .ARM.Collect$$rtentry$$00000008  c_w.l(__rtentry2.o)
    0x08000284   0x08000284   0x00000004   Code   RO         4215    .ARM.Collect$$rtentry$$0000000A  c_w.l(__rtentry2.o)
    0x08000288   0x08000288   0x00000000   Code   RO         4217    .ARM.Collect$$rtentry$$0000000C  c_w.l(__rtentry2.o)
    0x08000288   0x08000288   0x00000008   Code   RO         4218    .ARM.Collect$$rtentry$$0000000D  c_w.l(__rtentry2.o)
    0x08000290   0x08000290   0x00000002   Code   RO         4245    .ARM.Collect$$rtexit$$00000000  c_w.l(rtexit.o)
    0x08000292   0x08000292   0x00000000   Code   RO         4301    .ARM.Collect$$rtexit$$00000002  c_w.l(rtexit2.o)
    0x08000292   0x08000292   0x00000004   Code   RO         4302    .ARM.Collect$$rtexit$$00000003  c_w.l(rtexit2.o)
    0x08000296   0x08000296   0x00000006   Code   RO         4303    .ARM.Collect$$rtexit$$00000004  c_w.l(rtexit2.o)
    0x0800029c   0x0800029c   0x00000074   Code   RO          853    .emb_text           eventrecorder.o
    0x08000310   0x08000310   0x00000040   Code   RO         3622    .text               startup_stm32f429xx.o
    0x08000350   0x08000350   0x000000c8   Code   RO         3975    .text               RTX_CM4F.lib(irq_armv7m.o)
    0x08000418   0x08000418   0x000000ee   Code   RO         4151    .text               c_w.l(lludivv7m.o)
    0x08000506   0x08000506   0x00000002   PAD
    0x08000508   0x08000508   0x00000028   Code   RO         4155    .text               c_w.l(noretval__2sprintf.o)
    0x08000530   0x08000530   0x00000078   Code   RO         4159    .text               c_w.l(_printf_dec.o)
    0x080005a8   0x080005a8   0x0000010e   Code   RO         4169    .text               c_w.l(__printf_wp.o)
    0x080006b6   0x080006b6   0x0000003e   Code   RO         4183    .text               c_w.l(strlen.o)
    0x080006f4   0x080006f4   0x0000008a   Code   RO         4185    .text               c_w.l(rt_memcpy_v6.o)
    0x0800077e   0x0800077e   0x00000044   Code   RO         4187    .text               c_w.l(rt_memclr.o)
    0x080007c2   0x080007c2   0x0000004e   Code   RO         4189    .text               c_w.l(rt_memclr_w.o)
    0x08000810   0x08000810   0x00000006   Code   RO         4193    .text               c_w.l(heapauxi.o)
    0x08000816   0x08000816   0x000000b2   Code   RO         4202    .text               c_w.l(_printf_intcommon.o)
    0x080008c8   0x080008c8   0x00000030   Code   RO         4204    .text               c_w.l(_printf_char_common.o)
    0x080008f8   0x080008f8   0x0000000a   Code   RO         4206    .text               c_w.l(_sputc.o)
    0x08000902   0x08000902   0x00000064   Code   RO         4209    .text               c_w.l(rt_memcpy_w.o)
    0x08000966   0x08000966   0x0000004a   Code   RO         4230    .text               c_w.l(sys_stackheap_outer.o)
    0x080009b0   0x080009b0   0x00000012   Code   RO         4232    .text               c_w.l(exit.o)
    0x080009c2   0x080009c2   0x00000002   PAD
    0x080009c4   0x080009c4   0x00000008   Code   RO         4242    .text               c_w.l(libspace.o)
    0x080009cc   0x080009cc   0x0000000c   Code   RO         4298    .text               c_w.l(sys_exit.o)
    0x080009d8   0x080009d8   0x00000002   Code   RO         4317    .text               c_w.l(use_no_semi.o)
    0x080009da   0x080009da   0x00000000   Code   RO         4319    .text               c_w.l(indicate_semi.o)
    0x080009da   0x080009da   0x00000040   Code   RO         4091    .text.MessageQueueGet  RTX_CM4F.lib(rtx_msgqueue.o)
    0x08000a1a   0x08000a1a   0x00000058   Code   RO         4085    .text.MessageQueuePut  RTX_CM4F.lib(rtx_msgqueue.o)
    0x08000a72   0x08000a72   0x0000001c   Code   RO         4083    .text.MessageQueueRemove  RTX_CM4F.lib(rtx_msgqueue.o)
    0x08000a8e   0x08000a8e   0x00000002   PAD
    0x08000a90   0x08000a90   0x0000000c   Code   RO         4129    .text.OS_Tick_AcknowledgeIRQ  RTX_CM4F.lib(os_systick.o)
    0x08000a9c   0x08000a9c   0x0000002c   Code   RO         4125    .text.OS_Tick_Enable  RTX_CM4F.lib(os_systick.o)
    0x08000ac8   0x08000ac8   0x00000006   Code   RO         4131    .text.OS_Tick_GetIRQn  RTX_CM4F.lib(os_systick.o)
    0x08000ace   0x08000ace   0x00000002   PAD
    0x08000ad0   0x08000ad0   0x00000040   Code   RO         4123    .text.OS_Tick_Setup  RTX_CM4F.lib(os_systick.o)
    0x08000b10   0x08000b10   0x0000000c   Code   RO         3722    .text.OUTLINED_FUNCTION_0  RTX_CM4F.lib(rtx_kernel.o)
    0x08000b1c   0x08000b1c   0x00000006   Code   RO         3864    .text.OUTLINED_FUNCTION_0  RTX_CM4F.lib(rtx_thread.o)
    0x08000b22   0x08000b22   0x0000000c   Code   RO         4099    .text.OUTLINED_FUNCTION_0  RTX_CM4F.lib(rtx_msgqueue.o)
    0x08000b2e   0x08000b2e   0x00000006   Code   RO         3724    .text.OUTLINED_FUNCTION_1  RTX_CM4F.lib(rtx_kernel.o)
    0x08000b34   0x08000b34   0x00000064   Code   RO         3816    .text.ThreadFlagsCheck  RTX_CM4F.lib(rtx_thread.o)
    0x08000b98   0x08000b98   0x00000048   Code   RO         3916    .text.TimerInsert   RTX_CM4F.lib(rtx_timer.o)
    0x08000be0   0x08000be0   0x00000028   Code   RO         3924    .text.TimerRemove   RTX_CM4F.lib(rtx_timer.o)
    0x08000c08   0x08000c08   0x00000024   Code   RO         3882    .text.osDelay       RTX_CM4F.lib(rtx_delay.o)
    0x08000c2c   0x08000c2c   0x00000030   Code   RO         3674    .text.osKernelGetState  RTX_CM4F.lib(rtx_kernel.o)
    0x08000c5c   0x08000c5c   0x00000028   Code   RO         3690    .text.osKernelGetTickCount  RTX_CM4F.lib(rtx_kernel.o)
    0x08000c84   0x08000c84   0x0000002c   Code   RO         3668    .text.osKernelInitialize  RTX_CM4F.lib(rtx_kernel.o)
    0x08000cb0   0x08000cb0   0x00000024   Code   RO         3678    .text.osKernelStart  RTX_CM4F.lib(rtx_kernel.o)
    0x08000cd4   0x08000cd4   0x00000070   Code   RO         4059    .text.osMessageQueueGet  RTX_CM4F.lib(rtx_msgqueue.o)
    0x08000d44   0x08000d44   0x00000080   Code   RO         4057    .text.osMessageQueuePut  RTX_CM4F.lib(rtx_msgqueue.o)
    0x08000dc4   0x08000dc4   0x00000024   Code   RO         3948    .text.osMutexAcquire  RTX_CM4F.lib(rtx_mutex.o)
    0x08000de8   0x08000de8   0x00000024   Code   RO         3954    .text.osMutexDelete  RTX_CM4F.lib(rtx_mutex.o)
    0x08000e0c   0x08000e0c   0x00000024   Code   RO         3944    .text.osMutexNew    RTX_CM4F.lib(rtx_mutex.o)
    0x08000e30   0x08000e30   0x00000024   Code   RO         3950    .text.osMutexRelease  RTX_CM4F.lib(rtx_mutex.o)
    0x08000e54   0x08000e54   0x00000004   Code   RO         3666    .text.osRtxKernelErrorNotify  RTX_CM4F.lib(rtx_kernel.o)
    0x08000e58   0x08000e58   0x0000006c   Code   RO         3985    .text.osRtxMemoryAlloc  RTX_CM4F.lib(rtx_memory.o)
    0x08000ec4   0x08000ec4   0x00000042   Code   RO         3987    .text.osRtxMemoryFree  RTX_CM4F.lib(rtx_memory.o)
    0x08000f06   0x08000f06   0x00000036   Code   RO         3983    .text.osRtxMemoryInit  RTX_CM4F.lib(rtx_memory.o)
    0x08000f3c   0x08000f3c   0x0000003a   Code   RO         3999    .text.osRtxMemoryPoolAlloc  RTX_CM4F.lib(rtx_mempool.o)
    0x08000f76   0x08000f76   0x0000004a   Code   RO         4001    .text.osRtxMemoryPoolFree  RTX_CM4F.lib(rtx_mempool.o)
    0x08000fc0   0x08000fc0   0x00000038   Code   RO         3997    .text.osRtxMemoryPoolInit  RTX_CM4F.lib(rtx_mempool.o)
    0x08000ff8   0x08000ff8   0x000000aa   Code   RO         4081    .text.osRtxMessageQueuePostProcess  RTX_CM4F.lib(rtx_msgqueue.o)
    0x080010a2   0x080010a2   0x00000002   PAD
    0x080010a4   0x080010a4   0x00000028   Code   RO         4049    .text.osRtxMessageQueueTimerSetup  RTX_CM4F.lib(rtx_msgqueue.o)
    0x080010cc   0x080010cc   0x00000048   Code   RO         3940    .text.osRtxMutexOwnerRelease  RTX_CM4F.lib(rtx_mutex.o)
    0x08001114   0x08001114   0x00000042   Code   RO         3942    .text.osRtxMutexOwnerRestore  RTX_CM4F.lib(rtx_mutex.o)
    0x08001156   0x08001156   0x00000002   PAD
    0x08001158   0x08001158   0x0000008c   Code   RO         4111    .text.osRtxPendSV_Handler  RTX_CM4F.lib(rtx_system.o)
    0x080011e4   0x080011e4   0x00000074   Code   RO         4113    .text.osRtxPostProcess  RTX_CM4F.lib(rtx_system.o)
    0x08001258   0x08001258   0x00000038   Code   RO         3756    .text.osRtxThreadBlock  RTX_CM4F.lib(rtx_thread.o)
    0x08001290   0x08001290   0x00000080   Code   RO         3764    .text.osRtxThreadDelayInsert  RTX_CM4F.lib(rtx_thread.o)
    0x08001310   0x08001310   0x00000040   Code   RO         3760    .text.osRtxThreadDelayRemove  RTX_CM4F.lib(rtx_thread.o)
    0x08001350   0x08001350   0x0000004c   Code   RO         3746    .text.osRtxThreadDelayTick  RTX_CM4F.lib(rtx_thread.o)
    0x0800139c   0x0800139c   0x00000024   Code   RO         3848    .text.osRtxThreadDestroy  RTX_CM4F.lib(rtx_thread.o)
    0x080013c0   0x080013c0   0x00000054   Code   RO         3754    .text.osRtxThreadDispatch  RTX_CM4F.lib(rtx_thread.o)
    0x08001414   0x08001414   0x00000058   Code   RO         3840    .text.osRtxThreadFree  RTX_CM4F.lib(rtx_thread.o)
    0x0800146c   0x0800146c   0x0000001e   Code   RO         3846    .text.osRtxThreadJoinWakeup  RTX_CM4F.lib(rtx_thread.o)
    0x0800148a   0x0800148a   0x00000012   Code   RO         3738    .text.osRtxThreadListGet  RTX_CM4F.lib(rtx_thread.o)
    0x0800149c   0x0800149c   0x0000002c   Code   RO         3736    .text.osRtxThreadListPut  RTX_CM4F.lib(rtx_thread.o)
    0x080014c8   0x080014c8   0x00000014   Code   RO         3742    .text.osRtxThreadListRemove  RTX_CM4F.lib(rtx_thread.o)
    0x080014dc   0x080014dc   0x0000000c   Code   RO         3748    .text.osRtxThreadListRoot  RTX_CM4F.lib(rtx_thread.o)
    0x080014e8   0x080014e8   0x00000026   Code   RO         3740    .text.osRtxThreadListSort  RTX_CM4F.lib(rtx_thread.o)
    0x0800150e   0x0800150e   0x00000028   Code   RO         3814    .text.osRtxThreadPostProcess  RTX_CM4F.lib(rtx_thread.o)
    0x08001536   0x08001536   0x00000002   PAD
    0x08001538   0x08001538   0x00000014   Code   RO         3744    .text.osRtxThreadReadyPut  RTX_CM4F.lib(rtx_thread.o)
    0x0800154c   0x0800154c   0x00000014   Code   RO         3750    .text.osRtxThreadRegPtr  RTX_CM4F.lib(rtx_thread.o)
    0x08001560   0x08001560   0x0000003c   Code   RO         3766    .text.osRtxThreadStartup  RTX_CM4F.lib(rtx_thread.o)
    0x0800159c   0x0800159c   0x00000010   Code   RO         3752    .text.osRtxThreadSwitch  RTX_CM4F.lib(rtx_thread.o)
    0x080015ac   0x080015ac   0x0000003c   Code   RO         3762    .text.osRtxThreadWaitEnter  RTX_CM4F.lib(rtx_thread.o)
    0x080015e8   0x080015e8   0x00000030   Code   RO         3758    .text.osRtxThreadWaitExit  RTX_CM4F.lib(rtx_thread.o)
    0x08001618   0x08001618   0x00000078   Code   RO         4109    .text.osRtxTick_Handler  RTX_CM4F.lib(rtx_system.o)
    0x08001690   0x08001690   0x00000020   Code   RO         3898    .text.osRtxTimerSetup  RTX_CM4F.lib(rtx_timer.o)
    0x080016b0   0x080016b0   0x00000020   Code   RO         3902    .text.osRtxTimerThread  RTX_CM4F.lib(rtx_timer.o)
    0x080016d0   0x080016d0   0x00000070   Code   RO         3900    .text.osRtxTimerTick  RTX_CM4F.lib(rtx_timer.o)
    0x08001740   0x08001740   0x0000000c   Code   RO         3798    .text.osThreadExit  RTX_CM4F.lib(rtx_thread.o)
    0x0800174c   0x0800174c   0x00000058   Code   RO         3806    .text.osThreadFlagsSet  RTX_CM4F.lib(rtx_thread.o)
    0x080017a4   0x080017a4   0x00000024   Code   RO         3812    .text.osThreadFlagsWait  RTX_CM4F.lib(rtx_thread.o)
    0x080017c8   0x080017c8   0x00000024   Code   RO         3770    .text.osThreadNew   RTX_CM4F.lib(rtx_thread.o)
    0x080017ec   0x080017ec   0x00000024   Code   RO         3788    .text.osThreadYield  RTX_CM4F.lib(rtx_thread.o)
    0x08001810   0x08001810   0x00000024   Code   RO         3904    .text.osTimerNew    RTX_CM4F.lib(rtx_timer.o)
    0x08001834   0x08001834   0x00000024   Code   RO         3908    .text.osTimerStart  RTX_CM4F.lib(rtx_timer.o)
    0x08001858   0x08001858   0x00000024   Code   RO         3910    .text.osTimerStop   RTX_CM4F.lib(rtx_timer.o)
    0x0800187c   0x0800187c   0x00000016   Code   RO         3886    .text.svcRtxDelay   RTX_CM4F.lib(rtx_delay.o)
    0x08001892   0x08001892   0x00000002   PAD
    0x08001894   0x08001894   0x0000000c   Code   RO         3676    .text.svcRtxKernelGetState  RTX_CM4F.lib(rtx_kernel.o)
    0x080018a0   0x080018a0   0x0000000c   Code   RO         3692    .text.svcRtxKernelGetTickCount  RTX_CM4F.lib(rtx_kernel.o)
    0x080018ac   0x080018ac   0x00000100   Code   RO         3706    .text.svcRtxKernelInitialize  RTX_CM4F.lib(rtx_kernel.o)
    0x080019ac   0x080019ac   0x00000088   Code   RO         3708    .text.svcRtxKernelStart  RTX_CM4F.lib(rtx_kernel.o)
    0x08001a34   0x08001a34   0x000000d8   Code   RO         4093    .text.svcRtxMessageQueueGet  RTX_CM4F.lib(rtx_msgqueue.o)
    0x08001b0c   0x08001b0c   0x00000118   Code   RO         4051    .text.svcRtxMessageQueueNew  RTX_CM4F.lib(rtx_msgqueue.o)
    0x08001c24   0x08001c24   0x000000b4   Code   RO         4089    .text.svcRtxMessageQueuePut  RTX_CM4F.lib(rtx_msgqueue.o)
    0x08001cd8   0x08001cd8   0x00000090   Code   RO         3960    .text.svcRtxMutexAcquire  RTX_CM4F.lib(rtx_mutex.o)
    0x08001d68   0x08001d68   0x000000b0   Code   RO         3966    .text.svcRtxMutexDelete  RTX_CM4F.lib(rtx_mutex.o)
    0x08001e18   0x08001e18   0x00000068   Code   RO         3956    .text.svcRtxMutexNew  RTX_CM4F.lib(rtx_mutex.o)
    0x08001e80   0x08001e80   0x000000b4   Code   RO         3962    .text.svcRtxMutexRelease  RTX_CM4F.lib(rtx_mutex.o)
    0x08001f34   0x08001f34   0x0000004c   Code   RO         3844    .text.svcRtxThreadExit  RTX_CM4F.lib(rtx_thread.o)
    0x08001f80   0x08001f80   0x00000066   Code   RO         3856    .text.svcRtxThreadFlagsSet  RTX_CM4F.lib(rtx_thread.o)
    0x08001fe6   0x08001fe6   0x00000002   PAD
    0x08001fe8   0x08001fe8   0x0000004c   Code   RO         3862    .text.svcRtxThreadFlagsWait  RTX_CM4F.lib(rtx_thread.o)
    0x08002034   0x08002034   0x000001ec   Code   RO         3768    .text.svcRtxThreadNew  RTX_CM4F.lib(rtx_thread.o)
    0x08002220   0x08002220   0x00000038   Code   RO         3830    .text.svcRtxThreadYield  RTX_CM4F.lib(rtx_thread.o)
    0x08002258   0x08002258   0x00000078   Code   RO         3918    .text.svcRtxTimerNew  RTX_CM4F.lib(rtx_timer.o)
    0x080022d0   0x080022d0   0x00000048   Code   RO         3922    .text.svcRtxTimerStart  RTX_CM4F.lib(rtx_timer.o)
    0x08002318   0x08002318   0x00000028   Code   RO         3926    .text.svcRtxTimerStop  RTX_CM4F.lib(rtx_timer.o)
    0x08002340   0x08002340   0x00000004   Code   RO          404    i.BusFault_Handler  stm32f4xx_it.o
    0x08002344   0x08002344   0x00000002   Code   RO          405    i.DebugMon_Handler  stm32f4xx_it.o
    0x08002346   0x08002346   0x00000002   PAD
    0x08002348   0x08002348   0x0000009c   Code   RO          677    i.Disable_SPI_Clock  spi_stm32f4xx.o
    0x080023e4   0x080023e4   0x000000b8   Code   RO          258    i.Display_Date_Time  rtc.o
    0x0800249c   0x0800249c   0x000001d8   Code   RO          678    i.Enable_GPIO_Clock  spi_stm32f4xx.o
    0x08002674   0x08002674   0x0000010c   Code   RO          679    i.Enable_SPI_Clock  spi_stm32f4xx.o
    0x08002780   0x08002780   0x00000004   Code   RO          350    i.Error_Handler     main.o
    0x08002784   0x08002784   0x0000003c   Code   RO          855    i.EventGetTS        eventrecorder.o
    0x080027c0   0x080027c0   0x000000d8   Code   RO          859    i.EventRecordItem   eventrecorder.o
    0x08002898   0x08002898   0x0000005c   Code   RO          861    i.EventRecorderDisable  eventrecorder.o
    0x080028f4   0x080028f4   0x0000005c   Code   RO          862    i.EventRecorderEnable  eventrecorder.o
    0x08002950   0x08002950   0x00000128   Code   RO          863    i.EventRecorderInitialize  eventrecorder.o
    0x08002a78   0x08002a78   0x00000030   Code   RO          864    i.EventRecorderStart  eventrecorder.o
    0x08002aa8   0x08002aa8   0x0000000c   Code   RO          866    i.EventRecorderTimerGetCount  eventrecorder.o
    0x08002ab4   0x08002ab4   0x0000000c   Code   RO          867    i.EventRecorderTimerGetFreq  eventrecorder.o
    0x08002ac0   0x08002ac0   0x00000024   Code   RO          868    i.EventRecorderTimerSetup  eventrecorder.o
    0x08002ae4   0x08002ae4   0x00000018   Code   RO          260    i.Get_Time_RTC_Binary  rtc.o
    0x08002afc   0x08002afc   0x00000028   Code   RO         1406    i.HAL_DMA_Abort_IT  stm32f4xx_hal_dma.o
    0x08002b24   0x08002b24   0x00000180   Code   RO         1549    i.HAL_GPIO_DeInit   stm32f4xx_hal_gpio.o
    0x08002ca4   0x08002ca4   0x0000021c   Code   RO         1552    i.HAL_GPIO_Init     stm32f4xx_hal_gpio.o
    0x08002ec0   0x08002ec0   0x00000012   Code   RO         1555    i.HAL_GPIO_TogglePin  stm32f4xx_hal_gpio.o
    0x08002ed2   0x08002ed2   0x0000000c   Code   RO         1556    i.HAL_GPIO_WritePin  stm32f4xx_hal_gpio.o
    0x08002ede   0x08002ede   0x00000002   PAD
    0x08002ee0   0x08002ee0   0x0000000c   Code   RO         1078    i.HAL_GetREVID      stm32f4xx_hal.o
    0x08002eec   0x08002eec   0x0000004c   Code   RO          351    i.HAL_GetTick       main.o
    0x08002f38   0x08002f38   0x00000030   Code   RO         1086    i.HAL_Init          stm32f4xx_hal.o
    0x08002f68   0x08002f68   0x00000006   Code   RO          352    i.HAL_InitTick      main.o
    0x08002f6e   0x08002f6e   0x00000002   Code   RO         1089    i.HAL_MspInit       stm32f4xx_hal.o
    0x08002f70   0x08002f70   0x0000002c   Code   RO         1266    i.HAL_NVIC_DisableIRQ  stm32f4xx_hal_cortex.o
    0x08002f9c   0x08002f9c   0x00000028   Code   RO         1267    i.HAL_NVIC_EnableIRQ  stm32f4xx_hal_cortex.o
    0x08002fc4   0x08002fc4   0x0000007c   Code   RO         1273    i.HAL_NVIC_SetPriority  stm32f4xx_hal_cortex.o
    0x08003040   0x08003040   0x00000028   Code   RO         1274    i.HAL_NVIC_SetPriorityGrouping  stm32f4xx_hal_cortex.o
    0x08003068   0x08003068   0x0000000c   Code   RO         1622    i.HAL_PWR_EnableBkUpAccess  stm32f4xx_hal_pwr.o
    0x08003074   0x08003074   0x00000304   Code   RO         1915    i.HAL_RCCEx_PeriphCLKConfig  stm32f4xx_hal_rcc_ex.o
    0x08003378   0x08003378   0x00000184   Code   RO         1808    i.HAL_RCC_ClockConfig  stm32f4xx_hal_rcc.o
    0x080034fc   0x080034fc   0x0000000c   Code   RO         1813    i.HAL_RCC_GetHCLKFreq  stm32f4xx_hal_rcc.o
    0x08003508   0x08003508   0x00000020   Code   RO         1816    i.HAL_RCC_GetPCLK2Freq  stm32f4xx_hal_rcc.o
    0x08003528   0x08003528   0x000000b0   Code   RO         1817    i.HAL_RCC_GetSysClockFreq  stm32f4xx_hal_rcc.o
    0x080035d8   0x080035d8   0x00000488   Code   RO         1820    i.HAL_RCC_OscConfig  stm32f4xx_hal_rcc.o
    0x08003a60   0x08003a60   0x00000002   Code   RO         2113    i.HAL_RTCEx_AlarmBEventCallback  stm32f4xx_hal_rtc_ex.o
    0x08003a62   0x08003a62   0x00000002   PAD
    0x08003a64   0x08003a64   0x00000040   Code   RO          261    i.HAL_RTC_AlarmAEventCallback  rtc.o
    0x08003aa4   0x08003aa4   0x0000006c   Code   RO         1976    i.HAL_RTC_AlarmIRQHandler  stm32f4xx_hal_rtc.o
    0x08003b10   0x08003b10   0x0000004c   Code   RO         1980    i.HAL_RTC_GetDate   stm32f4xx_hal_rtc.o
    0x08003b5c   0x08003b5c   0x00000060   Code   RO         1982    i.HAL_RTC_GetTime   stm32f4xx_hal_rtc.o
    0x08003bbc   0x08003bbc   0x000000d8   Code   RO         1983    i.HAL_RTC_Init      stm32f4xx_hal_rtc.o
    0x08003c94   0x08003c94   0x00000002   Code   RO         1985    i.HAL_RTC_MspInit   stm32f4xx_hal_rtc.o
    0x08003c96   0x08003c96   0x00000002   PAD
    0x08003c98   0x08003c98   0x00000208   Code   RO         1988    i.HAL_RTC_SetAlarm_IT  stm32f4xx_hal_rtc.o
    0x08003ea0   0x08003ea0   0x00000104   Code   RO         1989    i.HAL_RTC_SetDate   stm32f4xx_hal_rtc.o
    0x08003fa4   0x08003fa4   0x0000012c   Code   RO         1990    i.HAL_RTC_SetTime   stm32f4xx_hal_rtc.o
    0x080040d0   0x080040d0   0x0000003a   Code   RO         1991    i.HAL_RTC_WaitForSynchro  stm32f4xx_hal_rtc.o
    0x0800410a   0x0800410a   0x00000046   Code   RO         2683    i.HAL_TIM_Base_DeInit  stm32f4xx_hal_tim.o
    0x08004150   0x08004150   0x00000034   Code   RO         2685    i.HAL_TIM_Base_Init  stm32f4xx_hal_tim.o
    0x08004184   0x08004184   0x00000002   Code   RO         2686    i.HAL_TIM_Base_MspDeInit  stm32f4xx_hal_tim.o
    0x08004186   0x08004186   0x00000002   Code   RO         2687    i.HAL_TIM_Base_MspInit  stm32f4xx_hal_tim.o
    0x08004188   0x08004188   0x0000002a   Code   RO         2688    i.HAL_TIM_Base_Start  stm32f4xx_hal_tim.o
    0x080041b2   0x080041b2   0x00000038   Code   RO         2691    i.HAL_TIM_Base_Stop  stm32f4xx_hal_tim.o
    0x080041ea   0x080041ea   0x00000004   Code   RO          406    i.HardFault_Handler  stm32f4xx_it.o
    0x080041ee   0x080041ee   0x00000002   PAD
    0x080041f0   0x080041f0   0x00000028   Code   RO          504    i.Init_ThreadFlags  threadflags.o
    0x08004218   0x08004218   0x00000078   Code   RO          461    i.Init_Timers       timer.o
    0x08004290   0x08004290   0x0000004c   Code   RO            4    i.LCD_Init          lcd.o
    0x080042dc   0x080042dc   0x00000020   Code   RO            5    i.LCD_clear         lcd.o
    0x080042fc   0x080042fc   0x000000d8   Code   RO            6    i.LCD_reset         lcd.o
    0x080043d4   0x080043d4   0x00000074   Code   RO            7    i.LCD_symbolToLocalBuffer_L1  lcd.o
    0x08004448   0x08004448   0x00000078   Code   RO            8    i.LCD_symbolToLocalBuffer_L2  lcd.o
    0x080044c0   0x080044c0   0x000000a0   Code   RO            9    i.LCD_update        lcd.o
    0x08004560   0x08004560   0x00000068   Code   RO           10    i.LCD_wr_cmd        lcd.o
    0x080045c8   0x080045c8   0x00000068   Code   RO           11    i.LCD_wr_data       lcd.o
    0x08004630   0x08004630   0x00000048   Code   RO          229    i.LED_Init          leds.o
    0x08004678   0x08004678   0x00000004   Code   RO          407    i.MemManage_Handler  stm32f4xx_it.o
    0x0800467c   0x0800467c   0x00000002   Code   RO          408    i.NMI_Handler       stm32f4xx_it.o
    0x0800467e   0x0800467e   0x00000002   PAD
    0x08004680   0x08004680   0x00000010   Code   RO          262    i.RTC_Alarm_IRQHandler  rtc.o
    0x08004690   0x08004690   0x00000016   Code   RO         1992    i.RTC_Bcd2ToByte    stm32f4xx_hal_rtc.o
    0x080046a6   0x080046a6   0x0000001a   Code   RO         1993    i.RTC_ByteToBcd2    stm32f4xx_hal_rtc.o
    0x080046c0   0x080046c0   0x0000003e   Code   RO         1994    i.RTC_EnterInitMode  stm32f4xx_hal_rtc.o
    0x080046fe   0x080046fe   0x00000002   PAD
    0x08004700   0x08004700   0x000000a8   Code   RO          263    i.RTC_Init          rtc.o
    0x080047a8   0x080047a8   0x0000002c   Code   RO           12    i.Reset_Signal      lcd.o
    0x080047d4   0x080047d4   0x00000018   Code   RO          680    i.SPI1_Control      spi_stm32f4xx.o
    0x080047ec   0x080047ec   0x00000010   Code   RO          681    i.SPI1_GetDataCount  spi_stm32f4xx.o
    0x080047fc   0x080047fc   0x00000010   Code   RO          682    i.SPI1_GetStatus    spi_stm32f4xx.o
    0x0800480c   0x0800480c   0x00000010   Code   RO          683    i.SPI1_IRQHandler   spi_stm32f4xx.o
    0x0800481c   0x0800481c   0x00000014   Code   RO          684    i.SPI1_Initialize   spi_stm32f4xx.o
    0x08004830   0x08004830   0x00000014   Code   RO          685    i.SPI1_PowerControl  spi_stm32f4xx.o
    0x08004844   0x08004844   0x00000018   Code   RO          686    i.SPI1_Receive      spi_stm32f4xx.o
    0x0800485c   0x0800485c   0x00000018   Code   RO          687    i.SPI1_Send         spi_stm32f4xx.o
    0x08004874   0x08004874   0x0000001c   Code   RO          688    i.SPI1_Transfer     spi_stm32f4xx.o
    0x08004890   0x08004890   0x00000010   Code   RO          689    i.SPI1_Uninitialize  spi_stm32f4xx.o
    0x080048a0   0x080048a0   0x0000000c   Code   RO          690    i.SPIX_GetCapabilities  spi_stm32f4xx.o
    0x080048ac   0x080048ac   0x00000010   Code   RO          691    i.SPIX_GetVersion   spi_stm32f4xx.o
    0x080048bc   0x080048bc   0x0000050a   Code   RO          692    i.SPI_Control       spi_stm32f4xx.o
    0x08004dc6   0x08004dc6   0x00000008   Code   RO          693    i.SPI_GetDataCount  spi_stm32f4xx.o
    0x08004dce   0x08004dce   0x0000002c   Code   RO          694    i.SPI_GetStatus     spi_stm32f4xx.o
    0x08004dfa   0x08004dfa   0x00000106   Code   RO          695    i.SPI_IRQHandler    spi_stm32f4xx.o
    0x08004f00   0x08004f00   0x00000054   Code   RO           13    i.SPI_Init          lcd.o
    0x08004f54   0x08004f54   0x000000d4   Code   RO          696    i.SPI_Initialize    spi_stm32f4xx.o
    0x08005028   0x08005028   0x00000124   Code   RO          697    i.SPI_PeripheralReset  spi_stm32f4xx.o
    0x0800514c   0x0800514c   0x00000104   Code   RO          698    i.SPI_PowerControl  spi_stm32f4xx.o
    0x08005250   0x08005250   0x00000088   Code   RO          699    i.SPI_Receive       spi_stm32f4xx.o
    0x080052d8   0x080052d8   0x00000056   Code   RO          700    i.SPI_RxData        spi_stm32f4xx.o
    0x0800532e   0x0800532e   0x00000088   Code   RO          701    i.SPI_Send          spi_stm32f4xx.o
    0x080053b6   0x080053b6   0x00000076   Code   RO          702    i.SPI_Transfer      spi_stm32f4xx.o
    0x0800542c   0x0800542c   0x00000054   Code   RO          703    i.SPI_TxData        spi_stm32f4xx.o
    0x08005480   0x08005480   0x00000066   Code   RO          704    i.SPI_Uninitialize  spi_stm32f4xx.o
    0x080054e6   0x080054e6   0x00000002   PAD
    0x080054e8   0x080054e8   0x0000004c   Code   RO          264    i.Set_Alarm         rtc.o
    0x08005534   0x08005534   0x000000e8   Code   RO          353    i.SystemClock_Config  main.o
    0x0800561c   0x0800561c   0x000000c0   Code   RO         3629    i.SystemCoreClockUpdate  system_stm32f4xx.o
    0x080056dc   0x080056dc   0x00000014   Code   RO         3630    i.SystemInit        system_stm32f4xx.o
    0x080056f0   0x080056f0   0x000000d8   Code   RO         2773    i.TIM_Base_SetConfig  stm32f4xx_hal_tim.o
    0x080057c8   0x080057c8   0x00000048   Code   RO          505    i.ThreadFlags       threadflags.o
    0x08005810   0x08005810   0x00000014   Code   RO          462    i.Timer1_Callback   timer.o
    0x08005824   0x08005824   0x00000020   Code   RO          463    i.Timer2_Callback   timer.o
    0x08005844   0x08005844   0x00000004   Code   RO          409    i.UsageFault_Handler  stm32f4xx_it.o
    0x08005848   0x08005848   0x00000010   Code   RO         1280    i.__NVIC_GetPriorityGrouping  stm32f4xx_hal_cortex.o
    0x08005858   0x08005858   0x00000028   Code   RO         1281    i.__NVIC_SetPriority  stm32f4xx_hal_cortex.o
    0x08005880   0x08005880   0x0000000e   Code   RO         4171    i._is_digit         c_w.l(__printf_wp.o)
    0x0800588e   0x0800588e   0x00000016   Code   RO          539    i._mutex_acquire    rtx_lib.o
    0x080058a4   0x080058a4   0x0000000c   Code   RO          540    i._mutex_free       rtx_lib.o
    0x080058b0   0x080058b0   0x00000022   Code   RO          541    i._mutex_initialize  rtx_lib.o
    0x080058d2   0x080058d2   0x00000012   Code   RO          542    i._mutex_release    rtx_lib.o
    0x080058e4   0x080058e4   0x00000008   Code   RO          543    i._platform_post_stackheap_init  rtx_lib.o
    0x080058ec   0x080058ec   0x0000002e   Code   RO          354    i.app_main          main.o
    0x0800591a   0x0800591a   0x00000042   Code   RO          870    i.crc16_ccitt       eventrecorder.o
    0x0800595c   0x0800595c   0x0000007c   Code   RO           14    i.delay             lcd.o
    0x080059d8   0x080059d8   0x000000e8   Code   RO          544    i.evr_initialize    rtx_lib.o
    0x08005ac0   0x08005ac0   0x0000002c   Code   RO          355    i.main              main.o
    0x08005aec   0x08005aec   0x00000020   Code   RO          643    i.osRtxErrorNotify  rtx_config.o
    0x08005b0c   0x08005b0c   0x00000004   Code   RO          644    i.osRtxIdleThread   rtx_config.o
    0x08005b10   0x08005b10   0x0000000e   Code   RO          545    i.osRtxKernelPreInit  rtx_lib.o
    0x08005b1e   0x08005b1e   0x00000002   PAD
    0x08005b20   0x08005b20   0x00000020   Code   RO          546    i.os_kernel_is_active  rtx_lib.o
    0x08005b40   0x08005b40   0x0000000a   Code   RO         4313    x$fpl$fpinit        fz_wm.l(fpinit.o)
    0x08005b4a   0x08005b4a   0x00000960   Data   RO           17    .constdata          lcd.o
    0x080064aa   0x080064aa   0x00000002   PAD
    0x080064ac   0x080064ac   0x00000068   Data   RO          554    .constdata          rtx_lib.o
    0x08006514   0x08006514   0x00000080   Data   RO          706    .constdata          spi_stm32f4xx.o
    0x08006594   0x08006594   0x00000018   Data   RO          872    .constdata          eventrecorder.o
    0x080065ac   0x080065ac   0x00000018   Data   RO         3631    .constdata          system_stm32f4xx.o
    0x080065c4   0x080065c4   0x000000a8   Data   RO          556    .rodata             rtx_lib.o
    0x0800666c   0x0800666c   0x00000001   Data   RO         3976    .rodata             RTX_CM4F.lib(irq_armv7m.o)
    0x0800666d   0x0800666d   0x00000003   PAD
    0x08006670   0x08006670   0x0000000b   Data   RO         3726    .rodata.str1.4      RTX_CM4F.lib(rtx_kernel.o)
    0x0800667b   0x0800667b   0x00000001   PAD
    0x0800667c   0x0800667c   0x00000020   Data   RO         4371    Region$$Table       anon$$obj.o


    Execution Region RW_IRAM1 (Exec base: 0x20000000, Load base: 0x0800669c, Size: 0x000094a8, Max: 0x00030000, ABSOLUTE, COMPRESSED[0x00000124])

    Exec Addr    Load Addr    Size         Type   Attr      Idx    E Section Name        Object

    0x20000000   COMPRESSED   0x00008040   Data   RW          547    .bss.os             rtx_lib.o
    0x20008040   COMPRESSED   0x00000034   Data   RW          549    .bss.os.msgqueue.cb  rtx_lib.o
    0x20008074   COMPRESSED   0x00000050   Data   RW          550    .bss.os.msgqueue.mem  rtx_lib.o
    0x200080c4   COMPRESSED   0x00000088   Data   RW          551    .bss.os.thread.cb   rtx_lib.o
    0x2000814c   COMPRESSED   0x00000004   PAD
    0x20008150   COMPRESSED   0x00000200   Data   RW          552    .bss.os.thread.idle.stack  rtx_lib.o
    0x20008350   COMPRESSED   0x00000200   Data   RW          553    .bss.os.thread.timer.stack  rtx_lib.o
    0x20008550   COMPRESSED   0x00000008   Data   RW           18    .data               lcd.o
    0x20008558   COMPRESSED   0x00000004   Data   RW          269    .data               rtc.o
    0x2000855c   COMPRESSED   0x00000004   Data   RW          356    .data               main.o
    0x20008560   COMPRESSED   0x0000000c   Data   RW          464    .data               timer.o
    0x2000856c   COMPRESSED   0x00000008   Data   RW          506    .data               threadflags.o
    0x20008574   COMPRESSED   0x00000001   Data   RW          555    .data               rtx_lib.o
    0x20008575   COMPRESSED   0x00000003   PAD
    0x20008578   COMPRESSED   0x00000009   Data   RW         1093    .data               stm32f4xx_hal.o
    0x20008581   COMPRESSED   0x00000003   PAD
    0x20008584   COMPRESSED   0x00000004   Data   RW         3632    .data               system_stm32f4xx.o
    0x20008588   COMPRESSED   0x000000a4   Data   RW         3727    .data.os            RTX_CM4F.lib(rtx_kernel.o)
    0x2000862c        -       0x00000254   Zero   RW           16    .bss                lcd.o
    0x20008880        -       0x00000014   Zero   RW          230    .bss                leds.o
    0x20008894        -       0x000000d8   Zero   RW          268    .bss                rtc.o
    0x2000896c        -       0x0000002c   Zero   RW          705    .bss                spi_stm32f4xx.o
    0x20008998        -       0x00000060   Zero   RW         4243    .bss                c_w.l(libspace.o)
    0x200089f8   COMPRESSED   0x00000008   PAD
    0x20008a00        -       0x000004a4   Zero   RW          871    .bss.noinit         eventrecorder.o
    0x20008ea4        -       0x00000001   Zero   RW         4141    .bss.os             RTX_CM4F.lib(os_systick.o)
    0x20008ea5   COMPRESSED   0x00000003   PAD
    0x20008ea8        -       0x00000200   Zero   RW         3620    HEAP                startup_stm32f429xx.o
    0x200090a8        -       0x00000400   Zero   RW         3619    STACK               startup_stm32f429xx.o


==============================================================================

Image component sizes


      Code (inc. data)   RO Data    RW Data    ZI Data      Debug   Object Name

      1046         76         24          0       1188      12871   eventrecorder.o
      1180        110       2400          8        596     776243   lcd.o
        72         12          0          0         20        847   leds.o
       408         28          0          4          0       3775   main.o
       532        126          0          4        216       4002   rtc.o
        36          6          0          0          0       1045   rtx_config.o
       372          4        272      34125          0      14299   rtx_lib.o
      4158        212        128          0         44      55603   spi_stm32f4xx.o
        64         26        428          0       1536        856   startup_stm32f429xx.o
        62          8          0          9          0       8691   stm32f4xx_hal.o
       304         28          0          0          0      34964   stm32f4xx_hal_cortex.o
        40          0          0          0          0       1343   stm32f4xx_hal_dma.o
       954        102          0          0          0       4287   stm32f4xx_hal_gpio.o
        12          4          0          0          0        623   stm32f4xx_hal_pwr.o
      1768         74          0          0          0       5557   stm32f4xx_hal_rcc.o
       772         26          0          0          0       1808   stm32f4xx_hal_rcc_ex.o
      1746         36          0          0          0      10708   stm32f4xx_hal_rtc.o
         2          0          0          0          0       1200   stm32f4xx_hal_rtc_ex.o
       440         46          0          0          0       5632   stm32f4xx_hal_tim.o
        20          0          0          0          0       2601   stm32f4xx_it.o
       212         28         24          4          0       1951   system_stm32f4xx.o
       112         20          0          8          0       1261   threadflags.o
       172         34          0         12          0       5456   timer.o

    ----------------------------------------------------------------------
     14502       1006       3310      34184       3600     955623   Object Totals
         0          0         32          0          0          0   (incl. Generated)
        18          0          2         10          0          0   (incl. Padding)

    ----------------------------------------------------------------------

      Code (inc. data)   RO Data    RW Data    ZI Data      Debug   Library Member Name

       200         12          1          0          0        634   irq_armv7m.o
       126         32          0          0          1       3200   os_systick.o
        58          4          0          0          0       2791   rtx_delay.o
       606         60         11        164          0      16501   rtx_kernel.o
       228          0          0          0          0       2537   rtx_memory.o
       188          0          0          0          0      16008   rtx_mempool.o
      1318         32          0          0          0      18657   rtx_msgqueue.o
       886         32          0          0          0       9962   rtx_mutex.o
       376         26          0          0          0       5296   rtx_system.o
      2074        104          0          0          0      31847   rtx_thread.o
       628         40          0          0          0      10397   rtx_timer.o
        90          0          0          0          0          0   __dczerorl2.o
         8          0          0          0          0         68   __main.o
       284          0          0          0          0        156   __printf_wp.o
         0          0          0          0          0          0   __rtentry.o
        20          0          0          0          0          0   __rtentry2.o
         6          0          0          0          0          0   __rtentry4.o
        52          8          0          0          0          0   __scatter.o
        28          0          0          0          0          0   __scatter_zi.o
        48          6          0          0          0         96   _printf_char_common.o
         6          0          0          0          0          0   _printf_d.o
       120         16          0          0          0         92   _printf_dec.o
       178          0          0          0          0         88   _printf_intcommon.o
         0          0          0          0          0          0   _printf_percent.o
         4          0          0          0          0          0   _printf_percent_end.o
        10          0          0          0          0         68   _sputc.o
        18          0          0          0          0         80   exit.o
         6          0          0          0          0        152   heapauxi.o
         0          0          0          0          0          0   indicate_semi.o
         2          0          0          0          0          0   libinit.o
         6          0          0          0          0          0   libinit2.o
         2          0          0          0          0          0   libshutdown.o
         2          0          0          0          0          0   libshutdown2.o
         8          4          0          0         96         68   libspace.o
       238          0          0          0          0        100   lludivv7m.o
        40          6          0          0          0         84   noretval__2sprintf.o
        68          0          0          0          0         68   rt_memclr.o
        78          0          0          0          0         80   rt_memclr_w.o
       138          0          0          0          0         68   rt_memcpy_v6.o
       100          0          0          0          0         80   rt_memcpy_w.o
         2          0          0          0          0          0   rtexit.o
        10          0          0          0          0          0   rtexit2.o
        62          0          0          0          0         76   strlen.o
        12          4          0          0          0         68   sys_exit.o
        74          0          0          0          0         80   sys_stackheap_outer.o
         2          0          0          0          0         68   use_no_semi.o
        10          0          0          0          0        116   fpinit.o

    ----------------------------------------------------------------------
      8440        386         16        164        108     119586   Library Totals
        20          0          4          0         11          0   (incl. Padding)

    ----------------------------------------------------------------------

      Code (inc. data)   RO Data    RW Data    ZI Data      Debug   Library Name

      6688        342         12        164          1     117830   RTX_CM4F.lib
      1722         44          0          0         96       1640   c_w.l
        10          0          0          0          0        116   fz_wm.l

    ----------------------------------------------------------------------
      8440        386         16        164        108     119586   Library Totals

    ----------------------------------------------------------------------

==============================================================================


      Code (inc. data)   RO Data    RW Data    ZI Data      Debug   

     22942       1392       3326      34348       3708    1062133   Grand Totals
     22942       1392       3326        292       3708    1062133   ELF Image Totals (compressed)
     22942       1392       3326        292          0          0   ROM Totals

==============================================================================

    Total RO  Size (Code + RO Data)                26268 (  25.65kB)
    Total RW  Size (RW Data + ZI Data)             38056 (  37.16kB)
    Total ROM Size (Code + RO Data + RW Data)      26560 (  25.94kB)

==============================================================================

