Component: ARM Compiler 5.06 update 7 (build 960) Tool: armlink [4d3601]

==============================================================================

Section Cross References

    main.o(.text) refers to rtx_kernel.o(.text) for osKernelGetState
    main.o(.text) refers to stm32f4xx_hal_rcc.o(.text) for HAL_RCC_OscConfig
    main.o(.text) refers to stm32f4xx_hal.o(.text) for HAL_GetREVID
    main.o(.text) refers to system_stm32f4xx_1.o(.text) for SystemCoreClockUpdate
    main.o(.text) refers to led_init.o(.text) for LED_Init
    main.o(.text) refers to lcd.o(.text) for LCD_reset
    main.o(.text) refers to rtx_thread.o(.text) for osThreadNew
    main.o(.text) refers to system_stm32f4xx_1.o(.data) for SystemCoreClock
    main.o(.text) refers to main.o(.data) for .data
    main.o(.text) refers to http_server.o(.constdata) for app_main_attr
    main.o(.text) refers to http_server.o(.text) for app_main
    http_server.o(.text) refers to adc.o(.text) for ADC1_pins_F429ZI_config
    http_server.o(.text) refers to rtx_thread.o(.text) for osThreadFlagsSet
    http_server.o(.text) refers to net_sys.o(i.netIF_GetOption) for netIF_GetOption
    http_server.o(.text) refers to net_addr.o(i.netIP_ntoa) for netIP_ntoa
    http_server.o(.text) refers to printfa.o(i.__0sprintf) for __2sprintf
    http_server.o(.text) refers to net_sys.o(i.netInitialize) for netInitialize
    http_server.o(.text) refers to http_server.o(.data) for .data
    http_server.o(.text) refers to http_server.o(.bss) for .bss
    http_server.o(.constdata) refers to http_server.o(.bss) for app_main_stk
    http_server_cgi.o(.text) refers to net_http_server.o(i.netCGI_GetEnvVar) for netCGI_GetEnvVar
    http_server_cgi.o(.text) refers to net_addr.o(i.netIP_aton) for netIP_aton
    http_server_cgi.o(.text) refers to net_sys.o(i.netIF_SetOption) for netIF_SetOption
    http_server_cgi.o(.text) refers to stm32f4xx_hal_gpio.o(.text) for HAL_GPIO_WritePin
    http_server_cgi.o(.text) refers to strcmp.o(.text) for strcmp
    http_server_cgi.o(.text) refers to strncmp.o(.text) for strncmp
    http_server_cgi.o(.text) refers to net_http_server.o(i.netHTTPs_LoginActive) for netHTTPs_LoginActive
    http_server_cgi.o(.text) refers to strcpy.o(.text) for strcpy
    http_server_cgi.o(.text) refers to net_http_server.o(i.netHTTPs_SetPassword) for netHTTPs_SetPassword
    http_server_cgi.o(.text) refers to lcd.o(.text) for LCD_clear
    http_server_cgi.o(.text) refers to strlen.o(.text) for strlen
    http_server_cgi.o(.text) refers to net_sys.o(i.netIF_GetOption) for netIF_GetOption
    http_server_cgi.o(.text) refers to net_addr.o(i.netIP_ntoa) for netIP_ntoa
    http_server_cgi.o(.text) refers to printfa.o(i.__0sprintf) for __2sprintf
    http_server_cgi.o(.text) refers to net_tcp.o(i.netTCP_GetState) for netTCP_GetState
    http_server_cgi.o(.text) refers to net_tcp.o(i.netTCP_GetPeer) for netTCP_GetPeer
    http_server_cgi.o(.text) refers to net_tcp.o(i.netTCP_GetTimer) for netTCP_GetTimer
    http_server_cgi.o(.text) refers to net_tcp.o(i.netTCP_GetLocalPort) for netTCP_GetLocalPort
    http_server_cgi.o(.text) refers to http_server_cgi.o(.bss) for .bss
    http_server_cgi.o(.text) refers to http_server_cgi.o(.data) for .data
    http_server_cgi.o(.text) refers to http_server.o(.data) for LEDrun
    http_server_cgi.o(.text) refers to http_server.o(.data) for lcd_text
    http_server_cgi.o(.text) refers to http_server_cgi.o(.conststring) for .conststring
    http_server_cgi.o(.text) refers to net_http_server.o(i.netHTTPs_GetPassword) for netHTTPs_GetPassword
    http_server_cgi.o(.text) refers to net_http_server.o(i.netHTTPs_GetLanguage) for netHTTPs_GetLanguage
    http_server_cgi.o(.text) refers to http_server.o(.text) for AD_in
    http_server_cgi.o(.text) refers to dfltui.o(.text) for __aeabi_ui2d
    http_server_cgi.o(.text) refers to dmul.o(.text) for __aeabi_dmul
    http_server_cgi.o(.text) refers to dscalb.o(.text) for __ARM_scalbn
    web.o(.text) refers to web.o(.constdata) for .constdata
    web.o(.constdata) refers to web.o(.constdata) for imageFileData
    lcd.o(.text) refers to stm32f4xx_hal_tim.o(.text) for HAL_TIM_Base_Init
    lcd.o(.text) refers to stm32f4xx_hal_gpio.o(.text) for HAL_GPIO_WritePin
    lcd.o(.text) refers to lcd.o(.bss) for .bss
    lcd.o(.text) refers to lcd.o(.data) for .data
    lcd.o(.text) refers to lcd.o(.constdata) for .constdata
    lcd.o(.data) refers to spi_stm32f4xx.o(.constdata) for Driver_SPI1
    led_init.o(.text) refers to stm32f4xx_hal_gpio.o(.text) for HAL_GPIO_Init
    led_init.o(.text) refers to led_init.o(.bss) for .bss
    adc.o(.text) refers to memseta.o(.text) for __aeabi_memclr4
    adc.o(.text) refers to stm32f4xx_hal_gpio.o(.text) for HAL_GPIO_Init
    adc.o(.text) refers to stm32f4xx_hal_adc.o(.text) for HAL_ADC_Init
    adc.o(.text) refers to ffltui.o(.text) for __aeabi_ui2f
    adc.o(.text) refers to fmul.o(.text) for __aeabi_fmul
    adc.o(.text) refers to fscalb.o(.text) for __ARM_scalbnf
[...]
    netDHCP6_Notify                          0x08012461   Thumb Code     2  net_dhcp6_client.o(i.netDHCP6_Notify)
    netETH_Notify                            0x08012463   Thumb Code     2  net_eth.o(i.netETH_Notify)
    netETH_ReceiveRaw                        0x08012465   Thumb Code     2  net_eth.o(i.netETH_ReceiveRaw)
    netETH_Thread                            0x08012467   Thumb Code   114  net_eth.o(i.netETH_Thread)
    netHTTPs_AcceptClient                    0x080124d9   Thumb Code     4  net_http_server.o(i.netHTTPs_AcceptClient)
    netHTTPs_CheckAccount                    0x080124dd   Thumb Code     4  net_http_server_auth.o(i.netHTTPs_CheckAccount)
    netHTTPs_FileAccess                      0x080124e1   Thumb Code     4  net_http_server.o(i.netHTTPs_FileAccess)
    netHTTPs_GetLanguage                     0x080124e5   Thumb Code    24  net_http_server.o(i.netHTTPs_GetLanguage)
    netHTTPs_GetPassword                     0x08012505   Thumb Code     6  net_http_server.o(i.netHTTPs_GetPassword)
    netHTTPs_LoginActive                     0x08012511   Thumb Code     6  net_http_server.o(i.netHTTPs_LoginActive)
    netHTTPs_SetPassword                     0x0801251d   Thumb Code    78  net_http_server.o(i.netHTTPs_SetPassword)
    netIF_GetOption                          0x08012575   Thumb Code   128  net_sys.o(i.netIF_GetOption)
    netIF_SetOption                          0x080125fd   Thumb Code   124  net_sys.o(i.netIF_SetOption)
    netIP_aton                               0x08012681   Thumb Code    26  net_addr.o(i.netIP_aton)
    netIP_ntoa                               0x0801269b   Thumb Code    50  net_addr.o(i.netIP_ntoa)
    netInitialize                            0x080126cd   Thumb Code   156  net_sys.o(i.netInitialize)
    netMAC_aton                              0x08012779   Thumb Code   140  net_addr.o(i.netMAC_aton)
    netTCP_GetLocalPort                      0x08012805   Thumb Code     4  net_tcp.o(i.netTCP_GetLocalPort)
    netTCP_GetPeer                           0x08012809   Thumb Code    32  net_tcp.o(i.netTCP_GetPeer)
    netTCP_GetState                          0x08012829   Thumb Code     4  net_tcp.o(i.netTCP_GetState)
    netTCP_GetTimer                          0x0801282d   Thumb Code     4  net_tcp.o(i.netTCP_GetTimer)
    net_addr4_aton                           0x08012831   Thumb Code   124  net_addr.o(i.net_addr4_aton)
    net_addr4_to_mac                         0x080128ad   Thumb Code    30  net_addr.o(i.net_addr4_to_mac)
    net_addr6_aton                           0x080128cd   Thumb Code   230  net_addr.o(i.net_addr6_aton)
    net_addr6_comp                           0x080129b3   Thumb Code    40  net_addr.o(i.net_addr6_comp)
    net_addr6_copy                           0x080129db   Thumb Code    18  net_addr.o(i.net_addr6_copy)
    net_addr6_create                         0x080129ed   Thumb Code    70  net_addr.o(i.net_addr6_create)
    net_addr6_get_solicited                  0x08012a39   Thumb Code    34  net_addr.o(i.net_addr6_get_solicited)
    net_addr6_is_linklocal                   0x08012a61   Thumb Code    24  net_addr.o(i.net_addr6_is_linklocal)
    net_addr6_is_onlink                      0x08012a79   Thumb Code   110  net_addr.o(i.net_addr6_is_onlink)
    net_addr6_is_solicited                   0x08012ae7   Thumb Code    72  net_addr.o(i.net_addr6_is_solicited)
    net_addr6_is_unspec                      0x08012b2f   Thumb Code    24  net_addr.o(i.net_addr6_is_unspec)
    net_addr6_to_mac                         0x08012b47   Thumb Code    14  net_addr.o(i.net_addr6_to_mac)
    net_addr_copy                            0x08012b55   Thumb Code    38  net_addr.o(i.net_addr_copy)
    net_addr_find_route                      0x08012b7b   Thumb Code    26  net_addr.o(i.net_addr_find_route)
    net_addr_get_local                       0x08012b95   Thumb Code    26  net_addr.o(i.net_addr_get_local)
    net_addr_is_unspec                       0x08012bb5   Thumb Code    34  net_addr.o(i.net_addr_is_unspec)
    net_arp_cache_add                        0x08012bd9   Thumb Code   276  net_arp.o(i.net_arp_cache_add)
    net_arp_cache_early                      0x08012cf5   Thumb Code   180  net_arp.o(i.net_arp_cache_early)
    net_arp_cache_find                       0x08012db1   Thumb Code   224  net_arp.o(i.net_arp_cache_find)
    net_arp_cache_init                       0x08012e9d   Thumb Code    64  net_arp.o(i.net_arp_cache_init)
    net_arp_cache_run                        0x08012ee5   Thumb Code    22  net_arp.o(i.net_arp_cache_run)
    net_arp_enqueue                          0x08012f01   Thumb Code   114  net_arp.o(i.net_arp_enqueue)
    net_arp_notify                           0x08012f79   Thumb Code    32  net_arp.o(i.net_arp_notify)
    net_arp_process                          0x08012f99   Thumb Code   536  net_arp.o(i.net_arp_process)
    net_atoi                                 0x080131bd   Thumb Code    66  net_common.o(i.net_atoi)
    net_base64_decode                        0x08013201   Thumb Code   114  net_base64.o(i.net_base64_decode)
    net_chksum_buf                           0x08013279   Thumb Code    48  net_common.o(i.net_chksum_buf)
    net_crc_buf                              0x080132a9   Thumb Code    30  net_common.o(i.net_crc_buf)
    net_dhcp6_client_init                    0x080132c9   Thumb Code   114  net_dhcp6_client.o(i.net_dhcp6_client_init)
    net_dhcp6_client_run                     0x08013351   Thumb Code    22  net_dhcp6_client.o(i.net_dhcp6_client_run)
    net_eth_callback                         0x0801336d   Thumb Code    14  net_eth.o(i.net_eth_callback)
    net_eth_config_mcast                     0x0801337b   Thumb Code   104  net_eth.o(i.net_eth_config_mcast)
    net_eth_get_option                       0x080133e3   Thumb Code   234  net_eth.o(i.net_eth_get_option)
    net_eth_iface_init                       0x080134cd   Thumb Code    22  net_eth.o(i.net_eth_iface_init)
    net_eth_iface_run                        0x080134e9   Thumb Code    22  net_eth.o(i.net_eth_iface_run)
    net_eth_output                           0x08013505   Thumb Code   164  net_eth.o(i.net_eth_output)
    net_eth_send_frame                       0x080135ad   Thumb Code   462  net_eth.o(i.net_eth_send_frame)
    net_eth_set_option                       0x0801378d   Thumb Code   610  net_eth.o(i.net_eth_set_option)
    net_http_server_init                     0x080139fd   Thumb Code   212  net_http_server.o(i.net_http_server_init)
    net_http_server_run                      0x08013ae5   Thumb Code    30  net_http_server.o(i.net_http_server_run)
    net_icmp6_init                           0x08013b0d   Thumb Code    20  net_icmp6.o(i.net_icmp6_init)
    net_icmp6_process                        0x08013b25   Thumb Code   542  net_icmp6.o(i.net_icmp6_process)
    net_icmp6_send                           0x08013d5d   Thumb Code   122  net_icmp6.o(i.net_icmp6_send)
    net_icmp6_send_echo                      0x08013de1   Thumb Code    78  net_icmp6.o(i.net_icmp6_send_echo)
    net_icmp_init                            0x08013e39   Thumb Code    20  net_icmp.o(i.net_icmp_init)
    net_icmp_process                         0x08013e51   Thumb Code   430  net_icmp.o(i.net_icmp_process)
    net_icmp_send_echo                       0x08014019   Thumb Code   142  net_icmp.o(i.net_icmp_send_echo)
    net_if_map_all                           0x080140b9   Thumb Code     6  net_sys.o(i.net_if_map_all)
    net_igmp_collect_mcast                   0x080140c5   Thumb Code   104  net_igmp.o(i.net_igmp_collect_mcast)
    net_igmp_host_init                       0x08014131   Thumb Code    68  net_igmp.o(i.net_igmp_host_init)
    net_igmp_host_run                        0x08014179   Thumb Code    22  net_igmp.o(i.net_igmp_host_run)
    net_igmp_is_member                       0x08014195   Thumb Code    28  net_igmp.o(i.net_igmp_is_member)
    net_igmp_process                         0x080141b5   Thumb Code   414  net_igmp.o(i.net_igmp_process)
    net_ip4_chk_frame                        0x08014361   Thumb Code   372  net_ip4.o(i.net_ip4_chk_frame)
    net_ip4_chksum                           0x080144ed   Thumb Code    44  net_ip4.o(i.net_ip4_chksum)
    net_ip4_chksum_buf                       0x08014519   Thumb Code     6  net_ip4.o(i.net_ip4_chksum_buf)
    net_ip4_find_route                       0x08014521   Thumb Code   104  net_ip4.o(i.net_ip4_find_route)
    net_ip4_frag_add                         0x080145a1   Thumb Code   284  net_ip4_frag.o(i.net_ip4_frag_add)
    net_ip4_frag_get                         0x080146c5   Thumb Code   168  net_ip4_frag.o(i.net_ip4_frag_get)
    net_ip4_frag_init                        0x08014771   Thumb Code    12  net_ip4_frag.o(i.net_ip4_frag_init)
    net_ip4_frag_run                         0x08014781   Thumb Code    50  net_ip4_frag.o(i.net_ip4_frag_run)
    net_ip4_get_local                        0x080147bd   Thumb Code    40  net_ip4.o(i.net_ip4_get_local)
    net_ip4_init                             0x080147e9   Thumb Code    22  net_ip4.o(i.net_ip4_init)
    net_ip4_is_onlink                        0x0801480d   Thumb Code    32  net_ip4.o(i.net_ip4_is_onlink)
    net_ip4_is_subcast                       0x0801482d   Thumb Code    38  net_ip4.o(i.net_ip4_is_subcast)
    net_ip4_reass_frame                      0x08014853   Thumb Code    14  net_ip4.o(i.net_ip4_reass_frame)
    net_ip4_send_frame                       0x08014861   Thumb Code   340  net_ip4.o(i.net_ip4_send_frame)
    net_ip4_tx_offl_hl                       0x080149c5   Thumb Code    42  net_ip4.o(i.net_ip4_tx_offl_hl)
    net_ip6_chk_frame                        0x080149f1   Thumb Code   236  net_ip6.o(i.net_ip6_chk_frame)
    net_ip6_chksum                           0x08014af1   Thumb Code    50  net_ip6.o(i.net_ip6_chksum)
    net_ip6_collect_mcast                    0x08014b25   Thumb Code   118  net_ip6.o(i.net_ip6_collect_mcast)
    net_ip6_find_route                       0x08014ba1   Thumb Code    56  net_ip6.o(i.net_ip6_find_route)
    net_ip6_get_local                        0x08014be9   Thumb Code    74  net_ip6.o(i.net_ip6_get_local)
    net_ip6_init                             0x08014c3d   Thumb Code    20  net_ip6.o(i.net_ip6_init)
    net_ip6_send_frame                       0x08014c59   Thumb Code   192  net_ip6.o(i.net_ip6_send_frame)
    net_ip6_tx_offl_hl                       0x08014d25   Thumb Code    30  net_ip6.o(i.net_ip6_tx_offl_hl)
    net_itoa                                 0x08014d43   Thumb Code     8  net_common.o(i.net_itoa)
    net_itoa_n0                              0x08014d4b   Thumb Code     6  net_common.o(i.net_itoa_n0)
    net_loop_iface_init                      0x08014d51   Thumb Code    40  net_loopback.o(i.net_loop_iface_init)
    net_loop_iface_run                       0x08014d81   Thumb Code   176  net_loopback.o(i.net_loop_iface_run)
    net_loop_send_frame                      0x08014e3d   Thumb Code   104  net_loopback.o(i.net_loop_send_frame)
    net_mem_alloc                            0x08014ead   Thumb Code   178  net_mem.o(i.net_mem_alloc)
    net_mem_avail                            0x08014f6d   Thumb Code    22  net_mem.o(i.net_mem_avail)
    net_mem_free                             0x08014f89   Thumb Code   152  net_mem.o(i.net_mem_free)
    net_mem_init                             0x0801502d   Thumb Code    98  net_mem.o(i.net_mem_init)
    net_mem_shrink                           0x0801509d   Thumb Code    62  net_mem.o(i.net_mem_shrink)
    net_nbns_client_init                     0x080150e5   Thumb Code    82  net_nbns_client.o(i.net_nbns_client_init)
    net_ndp_cache_find                       0x08015149   Thumb Code   438  net_ndp.o(i.net_ndp_cache_find)
    net_ndp_cache_init                       0x0801530d   Thumb Code   114  net_ndp.o(i.net_ndp_cache_init)
    net_ndp_cache_refresh                    0x0801538d   Thumb Code   112  net_ndp.o(i.net_ndp_cache_refresh)
    net_ndp_cache_run                        0x08015405   Thumb Code    22  net_ndp.o(i.net_ndp_cache_run)
    net_ndp_enqueue                          0x08015421   Thumb Code   108  net_ndp.o(i.net_ndp_enqueue)
    net_ndp_process                          0x08015491   Thumb Code   872  net_ndp.o(i.net_ndp_process)
    net_path                                 0x08015805   Thumb Code    52  net_sys.o(i.net_path)
    net_ping_client_init                     0x0801583d   Thumb Code    22  net_ping_core.o(i.net_ping_client_init)
    net_ping_client_run                      0x0801585d   Thumb Code   110  net_ping_core.o(i.net_ping_client_run)
    net_rand32                               0x080158dd   Thumb Code    18  net_sys.o(i.net_rand32)
    net_strcasecmp                           0x080158f9   Thumb Code    46  net_common.o(i.net_strcasecmp)
    net_strchr                               0x08015927   Thumb Code    22  net_common.o(i.net_strchr)
    net_strcmp                               0x0801593d   Thumb Code    26  net_common.o(i.net_strcmp)
    net_strcpy                               0x08015957   Thumb Code    18  net_common.o(i.net_strcpy)
    net_strnchr                              0x08015969   Thumb Code    28  net_common.o(i.net_strnchr)
    net_strncpy                              0x08015985   Thumb Code    26  net_common.o(i.net_strncpy)
    net_strtoupper                           0x0801599f   Thumb Code    32  net_common.o(i.net_strtoupper)
    net_sys_lock                             0x080159c1   Thumb Code     8  net_sys.o(i.net_sys_lock)
    net_sys_resume                           0x080159cd   Thumb Code    22  net_sys.o(i.net_sys_resume)
    net_sys_tick                             0x080159e5   Thumb Code    16  net_sys.o(i.net_sys_tick)
    net_sys_unlock                           0x080159f9   Thumb Code     8  net_sys.o(i.net_sys_unlock)
    net_sys_wakeup                           0x08015a05   Thumb Code    26  net_sys.o(i.net_sys_wakeup)
    net_tcp_abort                            0x08015a25   Thumb Code   122  net_tcp.o(i.net_tcp_abort)
    net_tcp_close                            0x08015aa9   Thumb Code   218  net_tcp.o(i.net_tcp_close)
    net_tcp_get_buf                          0x08015b8d   Thumb Code    46  net_tcp.o(i.net_tcp_get_buf)
    net_tcp_get_local_port                   0x08015bbd   Thumb Code    48  net_tcp.o(i.net_tcp_get_local_port)
    net_tcp_get_mss                          0x08015bf1   Thumb Code    34  net_tcp.o(i.net_tcp_get_mss)
    net_tcp_get_peer                         0x08015c19   Thumb Code    80  net_tcp.o(i.net_tcp_get_peer)
    net_tcp_get_socket                       0x08015c6d   Thumb Code   104  net_tcp.o(i.net_tcp_get_socket)
    net_tcp_get_state                        0x08015cdd   Thumb Code    40  net_tcp.o(i.net_tcp_get_state)
    net_tcp_get_timer                        0x08015d09   Thumb Code    48  net_tcp.o(i.net_tcp_get_timer)
    net_tcp_listen                           0x08015d3d   Thumb Code   168  net_tcp.o(i.net_tcp_listen)
    net_tcp_process                          0x08015ded   Thumb Code  1956  net_tcp.o(i.net_tcp_process)
    net_tcp_send                             0x08016595   Thumb Code   336  net_tcp.o(i.net_tcp_send)
    net_tcp_set_option                       0x080166f1   Thumb Code   288  net_tcp.o(i.net_tcp_set_option)
    net_tcp_socket_init                      0x0801681d   Thumb Code    30  net_tcp.o(i.net_tcp_socket_init)
    net_tcp_socket_run                       0x08016845   Thumb Code   938  net_tcp.o(i.net_tcp_socket_run)
    net_udp_get_buf                          0x08016c05   Thumb Code    46  net_udp.o(i.net_udp_get_buf)
    net_udp_get_socket                       0x08016c35   Thumb Code   102  net_udp.o(i.net_udp_get_socket)
    net_udp_open                             0x08016ca5   Thumb Code   160  net_udp.o(i.net_udp_open)
    net_udp_process                          0x08016d51   Thumb Code   322  net_udp.o(i.net_udp_process)
    net_udp_send_if                          0x08016ea9   Thumb Code   540  net_udp.o(i.net_udp_send_if)
    net_udp_socket_init                      0x080170d5   Thumb Code    30  net_udp.o(i.net_udp_socket_init)
    net_ultoa                                0x080170f9   Thumb Code     8  net_common.o(i.net_ultoa)
    net_ultox                                0x08017101   Thumb Code    44  net_common.o(i.net_ultox)
    net_xtoul                                0x08017131   Thumb Code    76  net_common.o(i.net_xtoul)
    app_main_attr                            0x08017dfc   Data          36  http_server.o(.constdata)
    imageLastModified                        0x08017e20   Data           4  web.o(.constdata)
    Arial12x12                               0x0801e388   Data        2400  lcd.o(.constdata)
    osRtxUserSVC                             0x0801ed48   Data           4  rtx_lib.o(.constdata)
    Driver_ETH_PHY0                          0x0801ed50   Data          32  phy_lan8742a.o(.constdata)
    Driver_ETH_MAC0                          0x0801edc0   Data          68  emac_stm32f4xx.o(.constdata)
    Driver_SPI1                              0x0801ee58   Data          44  spi_stm32f4xx.o(.constdata)
    EventRecorderInfo                        0x0801ee84   Data          24  eventrecorder.o(.constdata)
    AHBPrescTable                            0x0801eea4   Data          16  system_stm32f4xx_1.o(.constdata)
    APBPrescTable                            0x0801eeb4   Data           8  system_stm32f4xx_1.o(.constdata)
    net_sys_config                           0x0801ef64   Data          28  net_config.o(.constdata)
    net_eth0_if_config                       0x0801f028   Data          44  net_config.o(.constdata)
    net_eth_list                             0x0801f054   Data           8  net_config.o(.constdata)
    net_if_list_lan                          0x0801f05c   Data           8  net_config.o(.constdata)
    net_if_list_all                          0x0801f064   Data           8  net_config.o(.constdata)
    net_if_inet_def                          0x0801f06c   Data           8  net_config.o(.constdata)
    net_if_link_def                          0x0801f074   Data           8  net_config.o(.constdata)
    net_arp_list                             0x0801f07c   Data           8  net_config.o(.constdata)
    net_icmp_list                            0x0801f084   Data           8  net_config.o(.constdata)
    net_igmp_list                            0x0801f08c   Data           8  net_config.o(.constdata)
    net_ndp_list                             0x0801f094   Data           8  net_config.o(.constdata)
    net_icmp6_list                           0x0801f09c   Data           8  net_config.o(.constdata)
    net_dhcp6_list                           0x0801f0a4   Data           8  net_config.o(.constdata)
    net_ip4_frag_config                      0x0801f0ac   Data           8  net_config.o(.constdata)
    net_udp_config                           0x0801f0b4   Data          12  net_config.o(.constdata)
    net_tcp_config                           0x0801f0c0   Data          24  net_config.o(.constdata)
    net_http_config                          0x0801f0d8   Data          52  net_config.o(.constdata)
    netif_getopt_func                        0x0801f16c   Data          16  net_config.o(.constdata)
    netif_setopt_func                        0x0801f17c   Data          16  net_config.o(.constdata)
    net_loop_if_config                       0x0801f194   Data          44  net_loopback.o(.constdata)
    net_http_auth_basic_func                 0x0801f2e0   Data          24  net_http_server_auth.o(.constdata)
    net_ping_payload                         0x0801f2f8   Data          18  net_ping_core.o(.constdata)
    net_addr_unspec                          0x0801f30a   Data          16  net_addr.o(.constdata)
    net_addr_bcast                           0x0801f31a   Data           6  net_addr.o(.constdata)
    net_addr4_loopback                       0x0801f320   Data           4  net_ip4.o(.constdata)
    net_addr6_all_nodes                      0x0801f324   Data          16  net_ip6.o(.constdata)
    net_addr6_loopback                       0x0801f334   Data          16  net_ip6.o(.constdata)
    net_addr6_all_routers                    0x0801f344   Data          16  net_ip6.o(.constdata)
    net_http_error                           0x0801f354   Data          24  net_http_server_err.o(.constdata)
    net_lib_version                          0x0801f40c   Data           4  net_version.o(.constdata)
    network_ip4ip6_debug_v7.15.0             0x0801f40c   Data           4  net_version.o(.constdata)
    osRtxConfig                              0x0801f81c   Data         112  rtx_lib.o(.rodata)
    os_cb_sections                           0x0801f88c   Data          56  rtx_lib.o(.rodata)
    Region$$Table$$Base                      0x0801f8c4   Number         0  anon$$obj.o(Region$$Table)
    Region$$Table$$Limit                     0x0801f8f4   Number         0  anon$$obj.o(Region$$Table)
    .bss.os.msgqueue.cb$$Base                0x20008044   Number         0  rtx_lib.o(.bss.os.msgqueue.cb)
    .bss.os.msgqueue.cb$$Limit               0x20008078   Number         0  rtx_lib.o(.bss.os.msgqueue.cb)
    .bss.os.mutex.cb$$Base                   0x200080c8   Number         0  net_config.o(.bss.os.mutex.cb)
    .bss.os.mutex.cb$$Limit                  0x20008100   Number         0  net_config.o(.bss.os.mutex.cb)
    .bss.os.semaphore.cb$$Base               0x20008100   Number         0  net_config.o(.bss.os.semaphore.cb)
    .bss.os.semaphore.cb$$Limit              0x20008110   Number         0  net_config.o(.bss.os.semaphore.cb)
    .bss.os.thread.cb$$Base                  0x20008110   Number         0  rtx_lib.o(.bss.os.thread.cb)
    .bss.os.thread.cb$$Limit                 0x20008220   Number         0  net_config.o(.bss.os.thread.cb)
    .bss.os.timer.cb$$Base                   0x20008620   Number         0  net_config.o(.bss.os.timer.cb)
    .bss.os.timer.cb$$Limit                  0x20008640   Number         0  net_config.o(.bss.os.timer.cb)
    TID_Display                              0x20008644   Data           4  http_server.o(.data)
    lcd_text                                 0x20008648   Data          42  http_server.o(.data)
    LEDrun                                   0x20008672   Data           1  http_server.o(.data)
    SPIdrv                                   0x2000867c   Data           4  lcd.o(.data)
    state                                    0x20008680   Data           4  lcd.o(.data)
    uwTickFreq                               0x20008684   Data           1  stm32f4xx_hal.o(.data)
    uwTickPrio                               0x20008688   Data           4  stm32f4xx_hal.o(.data)
    uwTick                                   0x2000868c   Data           4  stm32f4xx_hal.o(.data)
    SystemCoreClock                          0x20008690   Data           4  system_stm32f4xx_1.o(.data)
    net_eth0_igmp_control                    0x200086a2   Data           4  net_igmp.o(.data)
    net_eth0_icmp_control                    0x200086b0   Data           1  net_icmp.o(.data)
    net_eth0_icmp6_control                   0x200086b1   Data           1  net_icmp6.o(.data)
    osRtxInfo                                0x200086d4   Data         164  rtx_kernel.o(.data.os)
    app_main_stk                             0x200087c8   Data        1024  http_server.o(.bss)
    htim7                                    0x20008c14   Data          64  lcd.o(.bss)
    buffer                                   0x20008c54   Data         512  lcd.o(.bss)
    net_eth0_if_control                      0x2000f04c   Data         160  net_eth.o(.bss)
    net_eth0_arp_control                     0x2000f0ec   Data          24  net_arp.o(.bss)
    net_eth0_ndp_control                     0x2000f104   Data          68  net_ndp.o(.bss)
    net_eth0_dhcp6_control                   0x2000f164   Data          68  net_dhcp6_client.o(.bss)
    net_http_control                         0x2000f22c   Data          20  net_http_server.o(.bss)
    net_ping_control                         0x2000f240   Data          44  net_ping_core.o(.bss)
    net_sys_control                          0x2000f27c   Data          28  net_sys.o(.bss)
    net_dbg_buf                              0x2000f2a4   Data          36  net_sys.o(.bss)
    __initial_sp                             0x2000f738   Data           0  startup_stm32f429xx.o(STACK)



==============================================================================

Memory Map of the image

  Image Entry point : 0x080001ad

  Load Region LR_IROM1 (Base: 0x08000000, Size: 0x0002806c, Max: 0x00200000, ABSOLUTE, COMPRESSED[0x0001fa2c])

    Execution Region ER_IROM1 (Exec base: 0x08000000, Load base: 0x08000000, Size: 0x0001f8f4, Max: 0x00200000, ABSOLUTE)

    Exec Addr    Load Addr    Size         Type   Attr      Idx    E Section Name        Object

    0x08000000   0x08000000   0x000001ac   Data   RO         1450    RESET               startup_stm32f429xx.o
    0x080001ac   0x080001ac   0x00000000   Code   RO         2640  * .ARM.Collect$$$$00000000  mc_w.l(entry.o)
    0x080001ac   0x080001ac   0x00000004   Code   RO         2934    .ARM.Collect$$$$00000001  mc_w.l(entry2.o)
    0x080001b0   0x080001b0   0x00000004   Code   RO         2937    .ARM.Collect$$$$00000004  mc_w.l(entry5.o)
    0x080001b4   0x080001b4   0x00000000   Code   RO         2939    .ARM.Collect$$$$00000008  mc_w.l(entry7b.o)
    0x080001b4   0x080001b4   0x00000000   Code   RO         2941    .ARM.Collect$$$$0000000A  mc_w.l(entry8b.o)
    0x080001b4   0x080001b4   0x00000008   Code   RO         2942    .ARM.Collect$$$$0000000B  mc_w.l(entry9a.o)
    0x080001bc   0x080001bc   0x00000004   Code   RO         2949    .ARM.Collect$$$$0000000E  mc_w.l(entry12b.o)
    0x080001c0   0x080001c0   0x00000000   Code   RO         2944    .ARM.Collect$$$$0000000F  mc_w.l(entry10a.o)
    0x080001c0   0x080001c0   0x00000000   Code   RO         2946    .ARM.Collect$$$$00000011  mc_w.l(entry11a.o)
    0x080001c0   0x080001c0   0x00000004   Code   RO         2935    .ARM.Collect$$$$00002712  mc_w.l(entry2.o)
    0x080001c4   0x080001c4   0x00000148   Code   RO          618    .emb_text           rtx_mempool.o
    0x0800030c   0x0800030c   0x00000148   Code   RO          649    .emb_text           rtx_msgqueue.o
    0x08000454   0x08000454   0x00000148   Code   RO          714    .emb_text           rtx_semaphore.o
    0x0800059c   0x0800059c   0x00000148   Code   RO          745    .emb_text           rtx_system.o
    0x080006e4   0x080006e4   0x00000148   Code   RO          779    .emb_text           rtx_thread.o
    0x0800082c   0x0800082c   0x00000074   Code   RO          997    .emb_text           eventrecorder.o
    0x080008a0   0x080008a0   0x00000128   Code   RO            4    .text               main.o
    0x080009c8   0x080009c8   0x0000010c   Code   RO          160    .text               http_server.o
    0x08000ad4   0x08000ad4   0x0000073c   Code   RO          215    .text               http_server_cgi.o
    0x08001210   0x08001210   0x00000078   Code   RO          252    .text               web.o
    0x08001288   0x08001288   0x000003dc   Code   RO          272    .text               lcd.o
    0x08001664   0x08001664   0x000000a8   Code   RO          318    .text               led_init.o
    0x0800170c   0x0800170c   0x00000130   Code   RO          344    .text               adc.o
    0x0800183c   0x0800183c   0x00000094   Code   RO          366    .text               irq_armv7m.o
    0x080018d0   0x080018d0   0x00000104   Code   RO          374    .text               rtx_delay.o
    0x080019d4   0x080019d4   0x00000964   Code   RO          472    .text               rtx_evr.o
    0x08002338   0x08002338   0x000006d8   Code   RO          497    .text               rtx_kernel.o
    0x08002a10   0x08002a10   0x00000124   Code   RO          588    .text               rtx_memory.o
    0x08002b34   0x08002b34   0x00000678   Code   RO          619    .text               rtx_mempool.o
    0x080031ac   0x080031ac   0x000009bc   Code   RO          650    .text               rtx_msgqueue.o
    0x08003b68   0x08003b68   0x00000558   Code   RO          684    .text               rtx_mutex.o
    0x080040c0   0x080040c0   0x00000450   Code   RO          715    .text               rtx_semaphore.o
    0x08004510   0x08004510   0x00000154   Code   RO          746    .text               rtx_system.o
    0x08004664   0x08004664   0x00001194   Code   RO          780    .text               rtx_thread.o
    0x080057f8   0x080057f8   0x00000480   Code   RO          814    .text               rtx_timer.o
    0x08005c78   0x08005c78   0x000000c4   Code   RO          844    .text               os_systick.o
    0x08005d3c   0x08005d3c   0x00000004   Code   RO          870    .text               rtx_config.o
    0x08005d40   0x08005d40   0x000001ac   Code   RO          891    .text               phy_lan8742a.o
    0x08005eec   0x08005eec   0x000009e8   Code   RO          919    .text               emac_stm32f4xx.o
    0x080068d4   0x080068d4   0x00000c5c   Code   RO          958    .text               spi_stm32f4xx.o
    0x08007530   0x08007530   0x00000538   Code   RO          998    .text               eventrecorder.o
    0x08007a68   0x08007a68   0x000001c8   Code   RO         1032    .text               stm32f4xx_hal.o
    0x08007c30   0x08007c30   0x00000ab8   Code   RO         1062    .text               stm32f4xx_hal_adc.o
    0x080086e8   0x080086e8   0x00000724   Code   RO         1086    .text               stm32f4xx_hal_adc_ex.o
    0x08008e0c   0x08008e0c   0x00000298   Code   RO         1110    .text               stm32f4xx_hal_cortex.o
    0x080090a4   0x080090a4   0x00000718   Code   RO         1138    .text               stm32f4xx_hal_dma.o
    0x080097bc   0x080097bc   0x00000364   Code   RO         1211    .text               stm32f4xx_hal_gpio.o
    0x08009b20   0x08009b20   0x00000760   Code   RO         1283    .text               stm32f4xx_hal_rcc.o
    0x0800a280   0x0800a280   0x000023d2   Code   RO         1379    .text               stm32f4xx_hal_tim.o
    0x0800c652   0x0800c652   0x00000002   PAD
    0x0800c654   0x0800c654   0x00000bb0   Code   RO         1403    .text               stm32f4xx_hal_tim_ex.o
    0x0800d204   0x0800d204   0x00000024   Code   RO         1451    .text               startup_stm32f429xx.o
    0x0800d228   0x0800d228   0x00000094   Code   RO         1458    .text               system_stm32f4xx_1.o
    0x0800d2bc   0x0800d2bc   0x00000160   Code   RO         1487    .text               net_config.o
    0x0800d41c   0x0800d41c   0x00000152   Code   RO         1585    .text               net_debug.o
    0x0800d56e   0x0800d56e   0x00000062   Code   RO         2643    .text               mc_w.l(uldiv.o)
    0x0800d5d0   0x0800d5d0   0x00000024   Code   RO         2645    .text               mc_w.l(memcpya.o)
    0x0800d5f4   0x0800d5f4   0x00000024   Code   RO         2647    .text               mc_w.l(memseta.o)
    0x0800d618   0x0800d618   0x0000000e   Code   RO         2649    .text               mc_w.l(strlen.o)
    0x0800d626   0x0800d626   0x0000001c   Code   RO         2651    .text               mc_w.l(strcmp.o)
    0x0800d642   0x0800d642   0x0000001a   Code   RO         2653    .text               mc_w.l(memcmp.o)
    0x0800d65c   0x0800d65c   0x00000012   Code   RO         2655    .text               mc_w.l(strcpy.o)
    0x0800d66e   0x0800d66e   0x0000001e   Code   RO         2657    .text               mc_w.l(strncmp.o)
    0x0800d68c   0x0800d68c   0x00000064   Code   RO         2922    .text               mf_w.l(fmul.o)
    0x0800d6f0   0x0800d6f0   0x00000018   Code   RO         2924    .text               mf_w.l(fscalb.o)
    0x0800d708   0x0800d708   0x000000e4   Code   RO         2926    .text               mf_w.l(dmul.o)
    0x0800d7ec   0x0800d7ec   0x0000002e   Code   RO         2928    .text               mf_w.l(dscalb.o)
    0x0800d81a   0x0800d81a   0x0000000a   Code   RO         2930    .text               mf_w.l(ffltui.o)
    0x0800d824   0x0800d824   0x0000001a   Code   RO         2932    .text               mf_w.l(dfltui.o)
    0x0800d83e   0x0800d83e   0x0000002c   Code   RO         2953    .text               mc_w.l(uidiv.o)
    0x0800d86a   0x0800d86a   0x0000001e   Code   RO         2955    .text               mc_w.l(llshl.o)
    0x0800d888   0x0800d888   0x00000020   Code   RO         2957    .text               mc_w.l(llushr.o)
    0x0800d8a8   0x0800d8a8   0x00000000   Code   RO         2959    .text               mc_w.l(iusefp.o)
    0x0800d8a8   0x0800d8a8   0x0000006e   Code   RO         2960    .text               mf_w.l(fepilogue.o)
    0x0800d916   0x0800d916   0x000000ba   Code   RO         2962    .text               mf_w.l(depilogue.o)
    0x0800d9d0   0x0800d9d0   0x0000014e   Code   RO         2964    .text               mf_w.l(dadd.o)
    0x0800db1e   0x0800db1e   0x000000de   Code   RO         2966    .text               mf_w.l(ddiv.o)
    0x0800dbfc   0x0800dbfc   0x00000030   Code   RO         2968    .text               mf_w.l(dfixul.o)
    0x0800dc2c   0x0800dc2c   0x00000030   Code   RO         2970    .text               mf_w.l(cdrcmple.o)
    0x0800dc5c   0x0800dc5c   0x00000024   Code   RO         2972    .text               mc_w.l(init.o)
    0x0800dc80   0x0800dc80   0x00000024   Code   RO         2975    .text               mc_w.l(llsshr.o)
    0x0800dca4   0x0800dca4   0x00000056   Code   RO         2985    .text               mc_w.l(__dczerorl2.o)
    0x0800dcfa   0x0800dcfa   0x00000002   PAD
    0x0800dcfc   0x0800dcfc   0x00000028   Code   RO         2896    i.__0sprintf        mc_w.l(printfa.o)
    0x0800dd24   0x0800dd24   0x0000000e   Code   RO         2979    i.__scatterload_copy  mc_w.l(handlers.o)
    0x0800dd32   0x0800dd32   0x00000002   Code   RO         2980    i.__scatterload_null  mc_w.l(handlers.o)
    0x0800dd34   0x0800dd34   0x0000000e   Code   RO         2981    i.__scatterload_zeroinit  mc_w.l(handlers.o)
    0x0800dd42   0x0800dd42   0x00000002   PAD
    0x0800dd44   0x0800dd44   0x00000184   Code   RO         2901    i._fp_digits        mc_w.l(printfa.o)
    0x0800dec8   0x0800dec8   0x000006b4   Code   RO         2902    i._printf_core      mc_w.l(printfa.o)
    0x0800e57c   0x0800e57c   0x00000024   Code   RO         2903    i._printf_post_padding  mc_w.l(printfa.o)
    0x0800e5a0   0x0800e5a0   0x0000002e   Code   RO         2904    i._printf_pre_padding  mc_w.l(printfa.o)
    0x0800e5ce   0x0800e5ce   0x0000000a   Code   RO         2906    i._sputc            mc_w.l(printfa.o)
    0x0800e5d8   0x0800e5d8   0x00000054   Code   RO         2156    i.add_server_id     Net_Dbg_CM3_L.lib(net_http_server.o)
    0x0800e62c   0x0800e62c   0x0000005c   Code   RO         1671    i.arp_cache_alloc   Net_Dbg_CM3_L.lib(net_arp.o)
    0x0800e688   0x0800e688   0x00000170   Code   RO         1672    i.arp_cache_run     Net_Dbg_CM3_L.lib(net_arp.o)
    0x0800e7f8   0x0800e7f8   0x00000038   Code   RO         1673    i.arp_is_cacheable  Net_Dbg_CM3_L.lib(net_arp.o)
    0x0800e830   0x0800e830   0x00000088   Code   RO         1674    i.arp_probe_run     Net_Dbg_CM3_L.lib(net_arp.o)
    0x0800e8b8   0x0800e8b8   0x000000d8   Code   RO         1676    i.arp_proc_response  Net_Dbg_CM3_L.lib(net_arp.o)
    0x0800e990   0x0800e990   0x0000001a   Code   RO         1677    i.arp_que_free      Net_Dbg_CM3_L.lib(net_arp.o)
    0x0800e9aa   0x0800e9aa   0x00000002   PAD
    0x0800e9ac   0x0800e9ac   0x000000a0   Code   RO         1678    i.arp_send_reply    Net_Dbg_CM3_L.lib(net_arp.o)
    0x0800ea4c   0x0800ea4c   0x000000d0   Code   RO         1679    i.arp_send_request  Net_Dbg_CM3_L.lib(net_arp.o)
    0x0800eb1c   0x0800eb1c   0x00000068   Code   RO         1680    i.arp_sender_valid  Net_Dbg_CM3_L.lib(net_arp.o)
    0x0800eb84   0x0800eb84   0x0000006c   Code   RO         2100    i.check_client_id   Net_Dbg_CM3_L.lib(net_dhcp6_client.o)
    0x0800ebf0   0x0800ebf0   0x0000018c   Code   RO         2157    i.chk_post_req      Net_Dbg_CM3_L.lib(net_http_server.o)
    0x0800ed7c   0x0800ed7c   0x00000028   Code   RO         2554    i.crc32_8bit        Net_Dbg_CM3_L.lib(net_common.o)
    0x0800eda4   0x0800eda4   0x00000394   Code   RO         2101    i.dhcp6_client_run  Net_Dbg_CM3_L.lib(net_dhcp6_client.o)
    0x0800f138   0x0800f138   0x00000058   Code   RO         2102    i.dhcp6_client_start  Net_Dbg_CM3_L.lib(net_dhcp6_client.o)
    0x0800f190   0x0800f190   0x000004b8   Code   RO         2104    i.dhcp6_listener    Net_Dbg_CM3_L.lib(net_dhcp6_client.o)
    0x0800f648   0x0800f648   0x000001f8   Code   RO         2105    i.dhcp6_send_message  Net_Dbg_CM3_L.lib(net_dhcp6_client.o)
    0x0800f840   0x0800f840   0x0000009a   Code   RO         1615    i.eth_check_link    Net_Dbg_CM3_L.lib(net_eth.o)
    0x0800f8da   0x0800f8da   0x00000002   PAD
    0x0800f8dc   0x0800f8dc   0x00000020   Code   RO         1616    i.eth_if_map        Net_Dbg_CM3_L.lib(net_eth.o)
    0x0800f8fc   0x0800f8fc   0x00000304   Code   RO         1617    i.eth_iface_init    Net_Dbg_CM3_L.lib(net_eth.o)
    0x0800fc00   0x0800fc00   0x00000290   Code   RO         1618    i.eth_iface_run     Net_Dbg_CM3_L.lib(net_eth.o)
    0x0800fe90   0x0800fe90   0x00000008   Code   RO         1620    i.eth_lock          Net_Dbg_CM3_L.lib(net_eth.o)
    0x0800fe98   0x0800fe98   0x0000001c   Code   RO         1621    i.eth_mtu_limit     Net_Dbg_CM3_L.lib(net_eth.o)
    0x0800feb4   0x0800feb4   0x00000048   Code   RO         1622    i.eth_opt_len       Net_Dbg_CM3_L.lib(net_eth.o)
    0x0800fefc   0x0800fefc   0x00000088   Code   RO         1623    i.eth_receive       Net_Dbg_CM3_L.lib(net_eth.o)
    0x0800ff84   0x0800ff84   0x00000008   Code   RO         1624    i.eth_unlock        Net_Dbg_CM3_L.lib(net_eth.o)
    0x0800ff8c   0x0800ff8c   0x0000007c   Code   RO         1858    i.frag_map_session  Net_Dbg_CM3_L.lib(net_ip4_frag.o)
    0x08010008   0x08010008   0x00000028   Code   RO         2158    i.get_next_field    Net_Dbg_CM3_L.lib(net_http_server.o)
    0x08010030   0x08010030   0x00000032   Code   RO         2159    i.get_next_par      Net_Dbg_CM3_L.lib(net_http_server.o)
    0x08010062   0x08010062   0x0000005c   Code   RO         2106    i.get_tout          Net_Dbg_CM3_L.lib(net_dhcp6_client.o)
    0x080100be   0x080100be   0x00000022   Code   RO         2160    i.hex2byte          Net_Dbg_CM3_L.lib(net_http_server.o)
    0x080100e0   0x080100e0   0x0000036c   Code   RO         2161    i.http_add_header   Net_Dbg_CM3_L.lib(net_http_server.o)
    0x0801044c   0x0801044c   0x00000050   Code   RO         2281    i.http_auth_basic_add  Net_Dbg_CM3_L.lib(net_http_server_auth.o)
    0x0801049c   0x0801049c   0x00000090   Code   RO         2282    i.http_auth_basic_parse  Net_Dbg_CM3_L.lib(net_http_server_auth.o)
    0x0801052c   0x0801052c   0x00000002   Code   RO         2288    i.http_auth_dummy   Net_Dbg_CM3_L.lib(net_http_server_auth.o)
    0x0801052e   0x0801052e   0x00000002   PAD
    0x08010530   0x08010530   0x00000024   Code   RO         2289    i.http_auth_init    Net_Dbg_CM3_L.lib(net_http_server_auth.o)
    0x08010554   0x08010554   0x000001cc   Code   RO         2162    i.http_error_msg    Net_Dbg_CM3_L.lib(net_http_server.o)
    0x08010720   0x08010720   0x00000078   Code   RO         2163    i.http_get_ftype    Net_Dbg_CM3_L.lib(net_http_server.o)
    0x08010798   0x08010798   0x0000005e   Code   RO         2164    i.http_kill_session  Net_Dbg_CM3_L.lib(net_http_server.o)
    0x080107f6   0x080107f6   0x00000002   PAD
    0x080107f8   0x080107f8   0x000002a8   Code   RO         2165    i.http_listener     Net_Dbg_CM3_L.lib(net_http_server.o)
    0x08010aa0   0x08010aa0   0x00000184   Code   RO         2166    i.http_open_file    Net_Dbg_CM3_L.lib(net_http_server.o)
    0x08010c24   0x08010c24   0x0000011c   Code   RO         2167    i.http_parse_header  Net_Dbg_CM3_L.lib(net_http_server.o)
    0x08010d40   0x08010d40   0x000001a8   Code   RO         2168    i.http_proc_multipart  Net_Dbg_CM3_L.lib(net_http_server.o)
    0x08010ee8   0x08010ee8   0x00000138   Code   RO         2169    i.http_proc_post    Net_Dbg_CM3_L.lib(net_http_server.o)
    0x08011020   0x08011020   0x00000468   Code   RO         2170    i.http_server_run   Net_Dbg_CM3_L.lib(net_http_server.o)
    0x08011488   0x08011488   0x00000060   Code   RO         2171    i.http_server_start  Net_Dbg_CM3_L.lib(net_http_server.o)
    0x080114e8   0x080114e8   0x00000020   Code   RO         2173    i.http_strcpy       Net_Dbg_CM3_L.lib(net_http_server.o)
    0x08011508   0x08011508   0x000000ac   Code   RO         2174    i.http_to_utc       Net_Dbg_CM3_L.lib(net_http_server.o)
    0x080115b4   0x080115b4   0x0000001a   Code   RO         2555    i.i2str             Net_Dbg_CM3_L.lib(net_common.o)
    0x080115ce   0x080115ce   0x00000002   PAD
    0x080115d0   0x080115d0   0x0000009c   Code   RO         1738    i.igmp_host_run     Net_Dbg_CM3_L.lib(net_igmp.o)
    0x0801166c   0x0801166c   0x00000024   Code   RO         1739    i.igmp_map_group    Net_Dbg_CM3_L.lib(net_igmp.o)
    0x08011690   0x08011690   0x00000070   Code   RO         1740    i.igmp_send_report  Net_Dbg_CM3_L.lib(net_igmp.o)
    0x08011700   0x08011700   0x0000000c   Code   RO         2452    i.ip4_get_chksum    Net_Dbg_CM3_L.lib(net_ip4.o)
    0x0801170c   0x0801170c   0x00000028   Code   RO         2453    i.ip4_get_mtu       Net_Dbg_CM3_L.lib(net_ip4.o)
    0x08011734   0x08011734   0x00000040   Code   RO         2385    i.ip4_ntoa          Net_Dbg_CM3_L.lib(net_addr.o)
    0x08011774   0x08011774   0x000000ca   Code   RO         2386    i.ip6_ntoa          Net_Dbg_CM3_L.lib(net_addr.o)
    0x0801183e   0x0801183e   0x00000002   PAD
    0x08011840   0x08011840   0x0000000c   Code   RO         2531    i.mem_lock          Net_Dbg_CM3_L.lib(net_mem.o)
    0x0801184c   0x0801184c   0x0000000c   Code   RO         2532    i.mem_unlock        Net_Dbg_CM3_L.lib(net_mem.o)
    0x08011858   0x08011858   0x000001a4   Code   RO         2142    i.nbns_listener     Net_Dbg_CM3_L.lib(net_nbns_client.o)
    0x080119fc   0x080119fc   0x00000120   Code   RO         1771    i.ndp_cache_add     Net_Dbg_CM3_L.lib(net_ndp.o)
    0x08011b1c   0x08011b1c   0x00000072   Code   RO         1772    i.ndp_cache_alloc   Net_Dbg_CM3_L.lib(net_ndp.o)
    0x08011b8e   0x08011b8e   0x00000002   PAD
    0x08011b90   0x08011b90   0x00000078   Code   RO         1773    i.ndp_cache_delete  Net_Dbg_CM3_L.lib(net_ndp.o)
    0x08011c08   0x08011c08   0x0000016c   Code   RO         1774    i.ndp_cache_run     Net_Dbg_CM3_L.lib(net_ndp.o)
    0x08011d74   0x08011d74   0x0000002c   Code   RO         1775    i.ndp_check_frame   Net_Dbg_CM3_L.lib(net_ndp.o)
    0x08011da0   0x08011da0   0x00000012   Code   RO         1776    i.ndp_next_opt      Net_Dbg_CM3_L.lib(net_ndp.o)
    0x08011db2   0x08011db2   0x00000002   PAD
    0x08011db4   0x08011db4   0x000000e4   Code   RO         1777    i.ndp_prefix_add    Net_Dbg_CM3_L.lib(net_ndp.o)
    0x08011e98   0x08011e98   0x0000009c   Code   RO         1778    i.ndp_probe_run     Net_Dbg_CM3_L.lib(net_ndp.o)
    0x08011f34   0x08011f34   0x000000fc   Code   RO         1780    i.ndp_proc_response  Net_Dbg_CM3_L.lib(net_ndp.o)
    0x08012030   0x08012030   0x0000001a   Code   RO         1781    i.ndp_que_free      Net_Dbg_CM3_L.lib(net_ndp.o)
    0x0801204a   0x0801204a   0x00000002   PAD
    0x0801204c   0x0801204c   0x00000038   Code   RO         1782    i.ndp_router_remove  Net_Dbg_CM3_L.lib(net_ndp.o)
    0x08012084   0x08012084   0x0000009c   Code   RO         1783    i.ndp_send_reply    Net_Dbg_CM3_L.lib(net_ndp.o)
    0x08012120   0x08012120   0x000000bc   Code   RO         1784    i.ndp_send_request  Net_Dbg_CM3_L.lib(net_ndp.o)
    0x080121dc   0x080121dc   0x000001a0   Code   RO         1785    i.ndp_slaac_run     Net_Dbg_CM3_L.lib(net_ndp.o)
    0x0801237c   0x0801237c   0x00000004   Code   RO         2175    i.netCGI_Charset    Net_Dbg_CM3_L.lib(net_http_server.o)
    0x08012380   0x08012380   0x00000004   Code   RO         2176    i.netCGI_ContentType  Net_Dbg_CM3_L.lib(net_http_server.o)
    0x08012384   0x08012384   0x00000004   Code   RO         2177    i.netCGI_CustomHeader  Net_Dbg_CM3_L.lib(net_http_server.o)
    0x08012388   0x08012388   0x0000006c   Code   RO         2178    i.netCGI_GetEnvVar  Net_Dbg_CM3_L.lib(net_http_server.o)
    0x080123f4   0x080123f4   0x00000004   Code   RO         2181    i.netCGI_Redirect   Net_Dbg_CM3_L.lib(net_http_server.o)
    0x080123f8   0x080123f8   0x00000004   Code   RO         2183    i.netCGX_ContentType  Net_Dbg_CM3_L.lib(net_http_server.o)
    0x080123fc   0x080123fc   0x00000064   Code   RO         2335    i.netCore_Thread    Net_Dbg_CM3_L.lib(net_sys.o)
    0x08012460   0x08012460   0x00000002   Code   RO         2109    i.netDHCP6_Notify   Net_Dbg_CM3_L.lib(net_dhcp6_client.o)
    0x08012462   0x08012462   0x00000002   Code   RO         1625    i.netETH_Notify     Net_Dbg_CM3_L.lib(net_eth.o)
    0x08012464   0x08012464   0x00000002   Code   RO         1626    i.netETH_ReceiveRaw  Net_Dbg_CM3_L.lib(net_eth.o)
    0x08012466   0x08012466   0x00000072   Code   RO         1628    i.netETH_Thread     Net_Dbg_CM3_L.lib(net_eth.o)
    0x080124d8   0x080124d8   0x00000004   Code   RO         2184    i.netHTTPs_AcceptClient  Net_Dbg_CM3_L.lib(net_http_server.o)
    0x080124dc   0x080124dc   0x00000004   Code   RO         2290    i.netHTTPs_CheckAccount  Net_Dbg_CM3_L.lib(net_http_server_auth.o)
    0x080124e0   0x080124e0   0x00000004   Code   RO         2186    i.netHTTPs_FileAccess  Net_Dbg_CM3_L.lib(net_http_server.o)
    0x080124e4   0x080124e4   0x00000020   Code   RO         2189    i.netHTTPs_GetLanguage  Net_Dbg_CM3_L.lib(net_http_server.o)
    0x08012504   0x08012504   0x0000000c   Code   RO         2190    i.netHTTPs_GetPassword  Net_Dbg_CM3_L.lib(net_http_server.o)
    0x08012510   0x08012510   0x0000000c   Code   RO         2196    i.netHTTPs_LoginActive  Net_Dbg_CM3_L.lib(net_http_server.o)
    0x0801251c   0x0801251c   0x00000058   Code   RO         2199    i.netHTTPs_SetPassword  Net_Dbg_CM3_L.lib(net_http_server.o)
    0x08012574   0x08012574   0x00000088   Code   RO         2336    i.netIF_GetOption   Net_Dbg_CM3_L.lib(net_sys.o)
    0x080125fc   0x080125fc   0x00000084   Code   RO         2338    i.netIF_SetOption   Net_Dbg_CM3_L.lib(net_sys.o)
    0x08012680   0x08012680   0x0000001a   Code   RO         2388    i.netIP_aton        Net_Dbg_CM3_L.lib(net_addr.o)
    0x0801269a   0x0801269a   0x00000032   Code   RO         2389    i.netIP_ntoa        Net_Dbg_CM3_L.lib(net_addr.o)
    0x080126cc   0x080126cc   0x000000ac   Code   RO         2339    i.netInitialize     Net_Dbg_CM3_L.lib(net_sys.o)
    0x08012778   0x08012778   0x0000008c   Code   RO         2390    i.netMAC_aton       Net_Dbg_CM3_L.lib(net_addr.o)
    0x08012804   0x08012804   0x00000004   Code   RO         1981    i.netTCP_GetLocalPort  Net_Dbg_CM3_L.lib(net_tcp.o)
    0x08012808   0x08012808   0x00000020   Code   RO         1983    i.netTCP_GetPeer    Net_Dbg_CM3_L.lib(net_tcp.o)
    0x08012828   0x08012828   0x00000004   Code   RO         1985    i.netTCP_GetState   Net_Dbg_CM3_L.lib(net_tcp.o)
    0x0801282c   0x0801282c   0x00000004   Code   RO         1986    i.netTCP_GetTimer   Net_Dbg_CM3_L.lib(net_tcp.o)
    0x08012830   0x08012830   0x0000007c   Code   RO         2392    i.net_addr4_aton    Net_Dbg_CM3_L.lib(net_addr.o)
    0x080128ac   0x080128ac   0x0000001e   Code   RO         2394    i.net_addr4_to_mac  Net_Dbg_CM3_L.lib(net_addr.o)
    0x080128ca   0x080128ca   0x00000002   PAD
    0x080128cc   0x080128cc   0x000000e6   Code   RO         2395    i.net_addr6_aton    Net_Dbg_CM3_L.lib(net_addr.o)
    0x080129b2   0x080129b2   0x00000028   Code   RO         2396    i.net_addr6_comp    Net_Dbg_CM3_L.lib(net_addr.o)
    0x080129da   0x080129da   0x00000012   Code   RO         2397    i.net_addr6_copy    Net_Dbg_CM3_L.lib(net_addr.o)
    0x080129ec   0x080129ec   0x0000004c   Code   RO         2398    i.net_addr6_create  Net_Dbg_CM3_L.lib(net_addr.o)
    0x08012a38   0x08012a38   0x00000028   Code   RO         2399    i.net_addr6_get_solicited  Net_Dbg_CM3_L.lib(net_addr.o)
    0x08012a60   0x08012a60   0x00000018   Code   RO         2400    i.net_addr6_is_linklocal  Net_Dbg_CM3_L.lib(net_addr.o)
    0x08012a78   0x08012a78   0x0000006e   Code   RO         2401    i.net_addr6_is_onlink  Net_Dbg_CM3_L.lib(net_addr.o)
    0x08012ae6   0x08012ae6   0x00000048   Code   RO         2402    i.net_addr6_is_solicited  Net_Dbg_CM3_L.lib(net_addr.o)
    0x08012b2e   0x08012b2e   0x00000018   Code   RO         2403    i.net_addr6_is_unspec  Net_Dbg_CM3_L.lib(net_addr.o)
    0x08012b46   0x08012b46   0x0000000e   Code   RO         2405    i.net_addr6_to_mac  Net_Dbg_CM3_L.lib(net_addr.o)
    0x08012b54   0x08012b54   0x00000026   Code   RO         2407    i.net_addr_copy     Net_Dbg_CM3_L.lib(net_addr.o)
    0x08012b7a   0x08012b7a   0x0000001a   Code   RO         2408    i.net_addr_find_route  Net_Dbg_CM3_L.lib(net_addr.o)
    0x08012b94   0x08012b94   0x00000020   Code   RO         2410    i.net_addr_get_local  Net_Dbg_CM3_L.lib(net_addr.o)
    0x08012bb4   0x08012bb4   0x00000022   Code   RO         2411    i.net_addr_is_unspec  Net_Dbg_CM3_L.lib(net_addr.o)
    0x08012bd6   0x08012bd6   0x00000002   PAD
    0x08012bd8   0x08012bd8   0x0000011c   Code   RO         1688    i.net_arp_cache_add  Net_Dbg_CM3_L.lib(net_arp.o)
    0x08012cf4   0x08012cf4   0x000000bc   Code   RO         1689    i.net_arp_cache_early  Net_Dbg_CM3_L.lib(net_arp.o)
    0x08012db0   0x08012db0   0x000000ec   Code   RO         1690    i.net_arp_cache_find  Net_Dbg_CM3_L.lib(net_arp.o)
    0x08012e9c   0x08012e9c   0x00000048   Code   RO         1691    i.net_arp_cache_init  Net_Dbg_CM3_L.lib(net_arp.o)
    0x08012ee4   0x08012ee4   0x0000001c   Code   RO         1692    i.net_arp_cache_run  Net_Dbg_CM3_L.lib(net_arp.o)
    0x08012f00   0x08012f00   0x00000078   Code   RO         1694    i.net_arp_enqueue   Net_Dbg_CM3_L.lib(net_arp.o)
    0x08012f78   0x08012f78   0x00000020   Code   RO         1696    i.net_arp_notify    Net_Dbg_CM3_L.lib(net_arp.o)
    0x08012f98   0x08012f98   0x00000224   Code   RO         1698    i.net_arp_process   Net_Dbg_CM3_L.lib(net_arp.o)
    0x080131bc   0x080131bc   0x00000042   Code   RO         2556    i.net_atoi          Net_Dbg_CM3_L.lib(net_common.o)
    0x080131fe   0x080131fe   0x00000002   PAD
    0x08013200   0x08013200   0x00000078   Code   RO         2622    i.net_base64_decode  Net_Dbg_CM3_L.lib(net_base64.o)
    0x08013278   0x08013278   0x00000030   Code   RO         2558    i.net_chksum_buf    Net_Dbg_CM3_L.lib(net_common.o)
    0x080132a8   0x080132a8   0x0000001e   Code   RO         2559    i.net_crc_buf       Net_Dbg_CM3_L.lib(net_common.o)
    0x080132c6   0x080132c6   0x00000002   PAD
    0x080132c8   0x080132c8   0x00000088   Code   RO         2110    i.net_dhcp6_client_init  Net_Dbg_CM3_L.lib(net_dhcp6_client.o)
    0x08013350   0x08013350   0x0000001c   Code   RO         2111    i.net_dhcp6_client_run  Net_Dbg_CM3_L.lib(net_dhcp6_client.o)
    0x0801336c   0x0801336c   0x0000000e   Code   RO         1629    i.net_eth_callback  Net_Dbg_CM3_L.lib(net_eth.o)
    0x0801337a   0x0801337a   0x00000068   Code   RO         1630    i.net_eth_config_mcast  Net_Dbg_CM3_L.lib(net_eth.o)
    0x080133e2   0x080133e2   0x000000ea   Code   RO         1632    i.net_eth_get_option  Net_Dbg_CM3_L.lib(net_eth.o)
    0x080134cc   0x080134cc   0x0000001c   Code   RO         1633    i.net_eth_iface_init  Net_Dbg_CM3_L.lib(net_eth.o)
    0x080134e8   0x080134e8   0x0000001c   Code   RO         1634    i.net_eth_iface_run  Net_Dbg_CM3_L.lib(net_eth.o)
    0x08013504   0x08013504   0x000000a8   Code   RO         1636    i.net_eth_output    Net_Dbg_CM3_L.lib(net_eth.o)
    0x080135ac   0x080135ac   0x000001e0   Code   RO         1637    i.net_eth_send_frame  Net_Dbg_CM3_L.lib(net_eth.o)
    0x0801378c   0x0801378c   0x00000270   Code   RO         1638    i.net_eth_set_option  Net_Dbg_CM3_L.lib(net_eth.o)
    0x080139fc   0x080139fc   0x000000e8   Code   RO         2205    i.net_http_server_init  Net_Dbg_CM3_L.lib(net_http_server.o)
    0x08013ae4   0x08013ae4   0x00000028   Code   RO         2206    i.net_http_server_run  Net_Dbg_CM3_L.lib(net_http_server.o)
    0x08013b0c   0x08013b0c   0x00000018   Code   RO         1900    i.net_icmp6_init    Net_Dbg_CM3_L.lib(net_icmp6.o)
    0x08013b24   0x08013b24   0x00000238   Code   RO         1901    i.net_icmp6_process  Net_Dbg_CM3_L.lib(net_icmp6.o)
    0x08013d5c   0x08013d5c   0x00000084   Code   RO         1902    i.net_icmp6_send    Net_Dbg_CM3_L.lib(net_icmp6.o)
    0x08013de0   0x08013de0   0x00000058   Code   RO         1903    i.net_icmp6_send_echo  Net_Dbg_CM3_L.lib(net_icmp6.o)
    0x08013e38   0x08013e38   0x00000018   Code   RO         1880    i.net_icmp_init     Net_Dbg_CM3_L.lib(net_icmp.o)
    0x08013e50   0x08013e50   0x000001c8   Code   RO         1881    i.net_icmp_process  Net_Dbg_CM3_L.lib(net_icmp.o)
    0x08014018   0x08014018   0x000000a0   Code   RO         1882    i.net_icmp_send_echo  Net_Dbg_CM3_L.lib(net_icmp.o)
    0x080140b8   0x080140b8   0x0000000c   Code   RO         2343    i.net_if_map_all    Net_Dbg_CM3_L.lib(net_sys.o)
    0x080140c4   0x080140c4   0x0000006c   Code   RO         1743    i.net_igmp_collect_mcast  Net_Dbg_CM3_L.lib(net_igmp.o)
    0x08014130   0x08014130   0x00000048   Code   RO         1744    i.net_igmp_host_init  Net_Dbg_CM3_L.lib(net_igmp.o)
    0x08014178   0x08014178   0x0000001c   Code   RO         1745    i.net_igmp_host_run  Net_Dbg_CM3_L.lib(net_igmp.o)
    0x08014194   0x08014194   0x00000020   Code   RO         1747    i.net_igmp_is_member  Net_Dbg_CM3_L.lib(net_igmp.o)
    0x080141b4   0x080141b4   0x000001ac   Code   RO         1748    i.net_igmp_process  Net_Dbg_CM3_L.lib(net_igmp.o)
    0x08014360   0x08014360   0x0000018c   Code   RO         2454    i.net_ip4_chk_frame  Net_Dbg_CM3_L.lib(net_ip4.o)
    0x080144ec   0x080144ec   0x0000002c   Code   RO         2455    i.net_ip4_chksum    Net_Dbg_CM3_L.lib(net_ip4.o)
    0x08014518   0x08014518   0x00000006   Code   RO         2456    i.net_ip4_chksum_buf  Net_Dbg_CM3_L.lib(net_ip4.o)
    0x0801451e   0x0801451e   0x00000002   PAD
    0x08014520   0x08014520   0x00000080   Code   RO         2458    i.net_ip4_find_route  Net_Dbg_CM3_L.lib(net_ip4.o)
    0x080145a0   0x080145a0   0x00000124   Code   RO         1859    i.net_ip4_frag_add  Net_Dbg_CM3_L.lib(net_ip4_frag.o)
    0x080146c4   0x080146c4   0x000000ac   Code   RO         1860    i.net_ip4_frag_get  Net_Dbg_CM3_L.lib(net_ip4_frag.o)
    0x08014770   0x08014770   0x00000010   Code   RO         1861    i.net_ip4_frag_init  Net_Dbg_CM3_L.lib(net_ip4_frag.o)
    0x08014780   0x08014780   0x0000003c   Code   RO         1862    i.net_ip4_frag_run  Net_Dbg_CM3_L.lib(net_ip4_frag.o)
    0x080147bc   0x080147bc   0x0000002c   Code   RO         2459    i.net_ip4_get_local  Net_Dbg_CM3_L.lib(net_ip4.o)
    0x080147e8   0x080147e8   0x00000024   Code   RO         2460    i.net_ip4_init      Net_Dbg_CM3_L.lib(net_ip4.o)
    0x0801480c   0x0801480c   0x00000020   Code   RO         2461    i.net_ip4_is_onlink  Net_Dbg_CM3_L.lib(net_ip4.o)
    0x0801482c   0x0801482c   0x00000026   Code   RO         2462    i.net_ip4_is_subcast  Net_Dbg_CM3_L.lib(net_ip4.o)
    0x08014852   0x08014852   0x0000000e   Code   RO         2463    i.net_ip4_reass_frame  Net_Dbg_CM3_L.lib(net_ip4.o)
    0x08014860   0x08014860   0x00000164   Code   RO         2464    i.net_ip4_send_frame  Net_Dbg_CM3_L.lib(net_ip4.o)
    0x080149c4   0x080149c4   0x0000002a   Code   RO         2466    i.net_ip4_tx_offl_hl  Net_Dbg_CM3_L.lib(net_ip4.o)
    0x080149ee   0x080149ee   0x00000002   PAD
    0x080149f0   0x080149f0   0x00000100   Code   RO         2492    i.net_ip6_chk_frame  Net_Dbg_CM3_L.lib(net_ip6.o)
    0x08014af0   0x08014af0   0x00000032   Code   RO         2493    i.net_ip6_chksum    Net_Dbg_CM3_L.lib(net_ip6.o)
    0x08014b22   0x08014b22   0x00000002   PAD
    0x08014b24   0x08014b24   0x0000007c   Code   RO         2494    i.net_ip6_collect_mcast  Net_Dbg_CM3_L.lib(net_ip6.o)
    0x08014ba0   0x08014ba0   0x00000048   Code   RO         2496    i.net_ip6_find_route  Net_Dbg_CM3_L.lib(net_ip6.o)
    0x08014be8   0x08014be8   0x00000054   Code   RO         2497    i.net_ip6_get_local  Net_Dbg_CM3_L.lib(net_ip6.o)
    0x08014c3c   0x08014c3c   0x0000001c   Code   RO         2498    i.net_ip6_init      Net_Dbg_CM3_L.lib(net_ip6.o)
    0x08014c58   0x08014c58   0x000000cc   Code   RO         2499    i.net_ip6_send_frame  Net_Dbg_CM3_L.lib(net_ip6.o)
    0x08014d24   0x08014d24   0x0000001e   Code   RO         2501    i.net_ip6_tx_offl_hl  Net_Dbg_CM3_L.lib(net_ip6.o)
    0x08014d42   0x08014d42   0x00000008   Code   RO         2560    i.net_itoa          Net_Dbg_CM3_L.lib(net_common.o)
    0x08014d4a   0x08014d4a   0x00000006   Code   RO         2562    i.net_itoa_n0       Net_Dbg_CM3_L.lib(net_common.o)
    0x08014d50   0x08014d50   0x00000030   Code   RO         1841    i.net_loop_iface_init  Net_Dbg_CM3_L.lib(net_loopback.o)
    0x08014d80   0x08014d80   0x000000bc   Code   RO         1842    i.net_loop_iface_run  Net_Dbg_CM3_L.lib(net_loopback.o)
    0x08014e3c   0x08014e3c   0x00000070   Code   RO         1844    i.net_loop_send_frame  Net_Dbg_CM3_L.lib(net_loopback.o)
    0x08014eac   0x08014eac   0x000000c0   Code   RO         2533    i.net_mem_alloc     Net_Dbg_CM3_L.lib(net_mem.o)
    0x08014f6c   0x08014f6c   0x0000001c   Code   RO         2534    i.net_mem_avail     Net_Dbg_CM3_L.lib(net_mem.o)
    0x08014f88   0x08014f88   0x000000a4   Code   RO         2535    i.net_mem_free      Net_Dbg_CM3_L.lib(net_mem.o)
    0x0801502c   0x0801502c   0x00000070   Code   RO         2536    i.net_mem_init      Net_Dbg_CM3_L.lib(net_mem.o)
    0x0801509c   0x0801509c   0x00000048   Code   RO         2537    i.net_mem_shrink    Net_Dbg_CM3_L.lib(net_mem.o)
    0x080150e4   0x080150e4   0x00000064   Code   RO         2143    i.net_nbns_client_init  Net_Dbg_CM3_L.lib(net_nbns_client.o)
    0x08015148   0x08015148   0x000001c4   Code   RO         1792    i.net_ndp_cache_find  Net_Dbg_CM3_L.lib(net_ndp.o)
    0x0801530c   0x0801530c   0x00000080   Code   RO         1793    i.net_ndp_cache_init  Net_Dbg_CM3_L.lib(net_ndp.o)
    0x0801538c   0x0801538c   0x00000078   Code   RO         1795    i.net_ndp_cache_refresh  Net_Dbg_CM3_L.lib(net_ndp.o)
    0x08015404   0x08015404   0x0000001c   Code   RO         1796    i.net_ndp_cache_run  Net_Dbg_CM3_L.lib(net_ndp.o)
    0x08015420   0x08015420   0x00000070   Code   RO         1798    i.net_ndp_enqueue   Net_Dbg_CM3_L.lib(net_ndp.o)
    0x08015490   0x08015490   0x00000374   Code   RO         1800    i.net_ndp_process   Net_Dbg_CM3_L.lib(net_ndp.o)
    0x08015804   0x08015804   0x00000038   Code   RO         2345    i.net_path          Net_Dbg_CM3_L.lib(net_sys.o)
    0x0801583c   0x0801583c   0x00000020   Code   RO         2316    i.net_ping_client_init  Net_Dbg_CM3_L.lib(net_ping_core.o)
    0x0801585c   0x0801585c   0x00000080   Code   RO         2317    i.net_ping_client_run  Net_Dbg_CM3_L.lib(net_ping_core.o)
    0x080158dc   0x080158dc   0x0000001c   Code   RO         2346    i.net_rand32        Net_Dbg_CM3_L.lib(net_sys.o)
    0x080158f8   0x080158f8   0x0000002e   Code   RO         2563    i.net_strcasecmp    Net_Dbg_CM3_L.lib(net_common.o)
    0x08015926   0x08015926   0x00000016   Code   RO         2564    i.net_strchr        Net_Dbg_CM3_L.lib(net_common.o)
    0x0801593c   0x0801593c   0x0000001a   Code   RO         2565    i.net_strcmp        Net_Dbg_CM3_L.lib(net_common.o)
    0x08015956   0x08015956   0x00000012   Code   RO         2566    i.net_strcpy        Net_Dbg_CM3_L.lib(net_common.o)
    0x08015968   0x08015968   0x0000001c   Code   RO         2568    i.net_strnchr       Net_Dbg_CM3_L.lib(net_common.o)
    0x08015984   0x08015984   0x0000001a   Code   RO         2569    i.net_strncpy       Net_Dbg_CM3_L.lib(net_common.o)
    0x0801599e   0x0801599e   0x00000020   Code   RO         2570    i.net_strtoupper    Net_Dbg_CM3_L.lib(net_common.o)
    0x080159be   0x080159be   0x00000002   PAD
    0x080159c0   0x080159c0   0x0000000c   Code   RO         2347    i.net_sys_lock      Net_Dbg_CM3_L.lib(net_sys.o)
    0x080159cc   0x080159cc   0x00000016   Code   RO         2348    i.net_sys_resume    Net_Dbg_CM3_L.lib(net_sys.o)
    0x080159e2   0x080159e2   0x00000002   PAD
    0x080159e4   0x080159e4   0x00000014   Code   RO         2350    i.net_sys_tick      Net_Dbg_CM3_L.lib(net_sys.o)
    0x080159f8   0x080159f8   0x0000000c   Code   RO         2351    i.net_sys_unlock    Net_Dbg_CM3_L.lib(net_sys.o)
    0x08015a04   0x08015a04   0x00000020   Code   RO         2353    i.net_sys_wakeup    Net_Dbg_CM3_L.lib(net_sys.o)
    0x08015a24   0x08015a24   0x00000084   Code   RO         1993    i.net_tcp_abort     Net_Dbg_CM3_L.lib(net_tcp.o)
    0x08015aa8   0x08015aa8   0x000000e4   Code   RO         1996    i.net_tcp_close     Net_Dbg_CM3_L.lib(net_tcp.o)
    0x08015b8c   0x08015b8c   0x0000002e   Code   RO         1999    i.net_tcp_get_buf   Net_Dbg_CM3_L.lib(net_tcp.o)
    0x08015bba   0x08015bba   0x00000002   PAD
    0x08015bbc   0x08015bbc   0x00000034   Code   RO         2001    i.net_tcp_get_local_port  Net_Dbg_CM3_L.lib(net_tcp.o)
    0x08015bf0   0x08015bf0   0x00000028   Code   RO         2002    i.net_tcp_get_mss   Net_Dbg_CM3_L.lib(net_tcp.o)
    0x08015c18   0x08015c18   0x00000054   Code   RO         2004    i.net_tcp_get_peer  Net_Dbg_CM3_L.lib(net_tcp.o)
    0x08015c6c   0x08015c6c   0x00000070   Code   RO         2006    i.net_tcp_get_socket  Net_Dbg_CM3_L.lib(net_tcp.o)
    0x08015cdc   0x08015cdc   0x0000002c   Code   RO         2007    i.net_tcp_get_state  Net_Dbg_CM3_L.lib(net_tcp.o)
    0x08015d08   0x08015d08   0x00000034   Code   RO         2008    i.net_tcp_get_timer  Net_Dbg_CM3_L.lib(net_tcp.o)
    0x08015d3c   0x08015d3c   0x000000b0   Code   RO         2009    i.net_tcp_listen    Net_Dbg_CM3_L.lib(net_tcp.o)
    0x08015dec   0x08015dec   0x000007a8   Code   RO         2011    i.net_tcp_process   Net_Dbg_CM3_L.lib(net_tcp.o)
    0x08016594   0x08016594   0x0000015c   Code   RO         2015    i.net_tcp_send      Net_Dbg_CM3_L.lib(net_tcp.o)
    0x080166f0   0x080166f0   0x0000012c   Code   RO         2017    i.net_tcp_set_option  Net_Dbg_CM3_L.lib(net_tcp.o)
    0x0801681c   0x0801681c   0x00000028   Code   RO         2018    i.net_tcp_socket_init  Net_Dbg_CM3_L.lib(net_tcp.o)
    0x08016844   0x08016844   0x000003c0   Code   RO         2019    i.net_tcp_socket_run  Net_Dbg_CM3_L.lib(net_tcp.o)
    0x08016c04   0x08016c04   0x0000002e   Code   RO         1930    i.net_udp_get_buf   Net_Dbg_CM3_L.lib(net_udp.o)
    0x08016c32   0x08016c32   0x00000002   PAD
    0x08016c34   0x08016c34   0x00000070   Code   RO         1933    i.net_udp_get_socket  Net_Dbg_CM3_L.lib(net_udp.o)
    0x08016ca4   0x08016ca4   0x000000ac   Code   RO         1935    i.net_udp_open      Net_Dbg_CM3_L.lib(net_udp.o)
    0x08016d50   0x08016d50   0x00000158   Code   RO         1936    i.net_udp_process   Net_Dbg_CM3_L.lib(net_udp.o)
    0x08016ea8   0x08016ea8   0x0000022c   Code   RO         1939    i.net_udp_send_if   Net_Dbg_CM3_L.lib(net_udp.o)
    0x080170d4   0x080170d4   0x00000024   Code   RO         1941    i.net_udp_socket_init  Net_Dbg_CM3_L.lib(net_udp.o)
    0x080170f8   0x080170f8   0x00000008   Code   RO         2571    i.net_ultoa         Net_Dbg_CM3_L.lib(net_common.o)
    0x08017100   0x08017100   0x00000030   Code   RO         2574    i.net_ultox         Net_Dbg_CM3_L.lib(net_common.o)
    0x08017130   0x08017130   0x0000004c   Code   RO         2575    i.net_xtoul         Net_Dbg_CM3_L.lib(net_common.o)
    0x0801717c   0x0801717c   0x0000001c   Code   RO         2320    i.ping_send_req     Net_Dbg_CM3_L.lib(net_ping_core.o)
    0x08017198   0x08017198   0x00000104   Code   RO         2113    i.proc_opt_ia_na    Net_Dbg_CM3_L.lib(net_dhcp6_client.o)
    0x0801729c   0x0801729c   0x00000058   Code   RO         2209    i.proc_req_line     Net_Dbg_CM3_L.lib(net_http_server.o)
    0x080172f4   0x080172f4   0x0000001a   Code   RO         1864    i.que_free_list     Net_Dbg_CM3_L.lib(net_ip4_frag.o)
    0x0801730e   0x0801730e   0x000000a0   Code   RO         2210    i.read_script_line  Net_Dbg_CM3_L.lib(net_http_server.o)
    0x080173ae   0x080173ae   0x00000048   Code   RO         2211    i.search_delim      Net_Dbg_CM3_L.lib(net_http_server.o)
    0x080173f6   0x080173f6   0x00000070   Code   RO         2114    i.select_server     Net_Dbg_CM3_L.lib(net_dhcp6_client.o)
    0x08017466   0x08017466   0x00000018   Code   RO         2354    i.sys_map_if        Net_Dbg_CM3_L.lib(net_sys.o)
    0x0801747e   0x0801747e   0x00000002   PAD
    0x08017480   0x08017480   0x0000004c   Code   RO         2355    i.sys_proc_tick     Net_Dbg_CM3_L.lib(net_sys.o)
    0x080174cc   0x080174cc   0x00000110   Code   RO         2021    i.tcp_map_socket    Net_Dbg_CM3_L.lib(net_tcp.o)
    0x080175dc   0x080175dc   0x00000084   Code   RO         2022    i.tcp_parse_opt     Net_Dbg_CM3_L.lib(net_tcp.o)
    0x08017660   0x08017660   0x0000011c   Code   RO         2023    i.tcp_proc_acknr    Net_Dbg_CM3_L.lib(net_tcp.o)
    0x0801777c   0x0801777c   0x000000ac   Code   RO         2024    i.tcp_proc_dupack   Net_Dbg_CM3_L.lib(net_tcp.o)
    0x08017828   0x08017828   0x0000001a   Code   RO         2025    i.tcp_que_free      Net_Dbg_CM3_L.lib(net_tcp.o)
    0x08017842   0x08017842   0x0000001a   Code   RO         2026    i.tcp_que_init      Net_Dbg_CM3_L.lib(net_tcp.o)
    0x0801785c   0x0801785c   0x000000ac   Code   RO         2027    i.tcp_que_resend    Net_Dbg_CM3_L.lib(net_tcp.o)
    0x08017908   0x08017908   0x00000090   Code   RO         2028    i.tcp_send_ctrl     Net_Dbg_CM3_L.lib(net_tcp.o)
    0x08017998   0x08017998   0x0000007c   Code   RO         2029    i.tcp_send_data     Net_Dbg_CM3_L.lib(net_tcp.o)
    0x08017a14   0x08017a14   0x00000090   Code   RO         2030    i.tcp_send_reset    Net_Dbg_CM3_L.lib(net_tcp.o)
    0x08017aa4   0x08017aa4   0x00000044   Code   RO         2031    i.tcp_set_cwnd      Net_Dbg_CM3_L.lib(net_tcp.o)
    0x08017ae8   0x08017ae8   0x00000074   Code   RO         2032    i.tcp_transit       Net_Dbg_CM3_L.lib(net_tcp.o)
    0x08017b5c   0x08017b5c   0x0000010c   Code   RO         2033    i.tcp_write         Net_Dbg_CM3_L.lib(net_tcp.o)
    0x08017c68   0x08017c68   0x0000002c   Code   RO         1943    i.udp_port_in_use   Net_Dbg_CM3_L.lib(net_udp.o)
    0x08017c94   0x08017c94   0x00000044   Code   RO         2576    i.ul2str            Net_Dbg_CM3_L.lib(net_common.o)
    0x08017cd8   0x08017cd8   0x00000124   Code   RO         2212    i.utc_to_http       Net_Dbg_CM3_L.lib(net_http_server.o)
    0x08017dfc   0x08017dfc   0x00000024   Data   RO          163    .constdata          http_server.o
    0x08017e20   0x08017e20   0x00000004   Data   RO          253    .constdata          web.o
    0x08017e24   0x08017e24   0x000064c2   Data   RO          254    .constdata          web.o
    0x0801e2e6   0x0801e2e6   0x00000002   PAD
    0x0801e2e8   0x0801e2e8   0x000000a0   Data   RO          255    .constdata          web.o
    0x0801e388   0x0801e388   0x00000960   Data   RO          274    .constdata          lcd.o
    0x0801ece8   0x0801ece8   0x00000024   Data   RO          553    .constdata          rtx_lib.o
    0x0801ed0c   0x0801ed0c   0x00000024   Data   RO          554    .constdata          rtx_lib.o
    0x0801ed30   0x0801ed30   0x00000018   Data   RO          555    .constdata          rtx_lib.o
    0x0801ed48   0x0801ed48   0x00000004   Data   RO          557    .constdata          rtx_lib.o
    0x0801ed4c   0x0801ed4c   0x00000004   Data   RO          893    .constdata          phy_lan8742a.o
    0x0801ed50   0x0801ed50   0x00000020   Data   RO          894    .constdata          phy_lan8742a.o
    0x0801ed70   0x0801ed70   0x00000050   Data   RO          921    .constdata          emac_stm32f4xx.o
    0x0801edc0   0x0801edc0   0x00000044   Data   RO          922    .constdata          emac_stm32f4xx.o
    0x0801ee04   0x0801ee04   0x00000034   Data   RO          961    .constdata          spi_stm32f4xx.o
    0x0801ee38   0x0801ee38   0x00000010   Data   RO          962    .constdata          spi_stm32f4xx.o
    0x0801ee48   0x0801ee48   0x00000010   Data   RO          963    .constdata          spi_stm32f4xx.o
    0x0801ee58   0x0801ee58   0x0000002c   Data   RO          964    .constdata          spi_stm32f4xx.o
    0x0801ee84   0x0801ee84   0x00000018   Data   RO         1000    .constdata          eventrecorder.o
    0x0801ee9c   0x0801ee9c   0x00000008   Data   RO         1139    .constdata          stm32f4xx_hal_dma.o
    0x0801eea4   0x0801eea4   0x00000010   Data   RO         1459    .constdata          system_stm32f4xx_1.o
    0x0801eeb4   0x0801eeb4   0x00000008   Data   RO         1460    .constdata          system_stm32f4xx_1.o
    0x0801eebc   0x0801eebc   0x000000a8   Data   RO         1506    .constdata          net_config.o
    0x0801ef64   0x0801ef64   0x0000001c   Data   RO         1507    .constdata          net_config.o
    0x0801ef80   0x0801ef80   0x00000014   Data   RO         1508    .constdata          net_config.o
    0x0801ef94   0x0801ef94   0x0000000c   Data   RO         1509    .constdata          net_config.o
    0x0801efa0   0x0801efa0   0x00000010   Data   RO         1510    .constdata          net_config.o
    0x0801efb0   0x0801efb0   0x00000028   Data   RO         1511    .constdata          net_config.o
    0x0801efd8   0x0801efd8   0x00000010   Data   RO         1512    .constdata          net_config.o
    0x0801efe8   0x0801efe8   0x0000000c   Data   RO         1513    .constdata          net_config.o
    0x0801eff4   0x0801eff4   0x00000014   Data   RO         1514    .constdata          net_config.o
    0x0801f008   0x0801f008   0x00000020   Data   RO         1515    .constdata          net_config.o
    0x0801f028   0x0801f028   0x0000002c   Data   RO         1516    .constdata          net_config.o
    0x0801f054   0x0801f054   0x00000008   Data   RO         1517    .constdata          net_config.o
    0x0801f05c   0x0801f05c   0x00000008   Data   RO         1518    .constdata          net_config.o
    0x0801f064   0x0801f064   0x00000008   Data   RO         1519    .constdata          net_config.o
    0x0801f06c   0x0801f06c   0x00000008   Data   RO         1520    .constdata          net_config.o
    0x0801f074   0x0801f074   0x00000008   Data   RO         1521    .constdata          net_config.o
    0x0801f07c   0x0801f07c   0x00000008   Data   RO         1522    .constdata          net_config.o
    0x0801f084   0x0801f084   0x00000008   Data   RO         1523    .constdata          net_config.o
    0x0801f08c   0x0801f08c   0x00000008   Data   RO         1524    .constdata          net_config.o
    0x0801f094   0x0801f094   0x00000008   Data   RO         1525    .constdata          net_config.o
    0x0801f09c   0x0801f09c   0x00000008   Data   RO         1526    .constdata          net_config.o
    0x0801f0a4   0x0801f0a4   0x00000008   Data   RO         1527    .constdata          net_config.o
    0x0801f0ac   0x0801f0ac   0x00000008   Data   RO         1528    .constdata          net_config.o
    0x0801f0b4   0x0801f0b4   0x0000000c   Data   RO         1529    .constdata          net_config.o
    0x0801f0c0   0x0801f0c0   0x00000018   Data   RO         1530    .constdata          net_config.o
    0x0801f0d8   0x0801f0d8   0x00000034   Data   RO         1531    .constdata          net_config.o
    0x0801f10c   0x0801f10c   0x00000034   Data   RO         1532    .constdata          net_config.o
    0x0801f140   0x0801f140   0x0000002c   Data   RO         1533    .constdata          net_config.o
    0x0801f16c   0x0801f16c   0x00000010   Data   RO         1535    .constdata          net_config.o
    0x0801f17c   0x0801f17c   0x00000010   Data   RO         1536    .constdata          net_config.o
    0x0801f18c   0x0801f18c   0x00000008   Data   RO         1749    .constdata          Net_Dbg_CM3_L.lib(net_igmp.o)
    0x0801f194   0x0801f194   0x0000002c   Data   RO         1845    .constdata          Net_Dbg_CM3_L.lib(net_loopback.o)
    0x0801f1c0   0x0801f1c0   0x0000000c   Data   RO         1846    .constdata          Net_Dbg_CM3_L.lib(net_loopback.o)
    0x0801f1cc   0x0801f1cc   0x00000010   Data   RO         2119    .constdata          Net_Dbg_CM3_L.lib(net_dhcp6_client.o)
    0x0801f1dc   0x0801f1dc   0x00000008   Data   RO         2145    .constdata          Net_Dbg_CM3_L.lib(net_nbns_client.o)
    0x0801f1e4   0x0801f1e4   0x000000fa   Data   RO         2214    .constdata          Net_Dbg_CM3_L.lib(net_http_server.o)
    0x0801f2de   0x0801f2de   0x00000002   PAD
    0x0801f2e0   0x0801f2e0   0x00000018   Data   RO         2293    .constdata          Net_Dbg_CM3_L.lib(net_http_server_auth.o)
    0x0801f2f8   0x0801f2f8   0x00000012   Data   RO         2322    .constdata          Net_Dbg_CM3_L.lib(net_ping_core.o)
    0x0801f30a   0x0801f30a   0x00000010   Data   RO         2415    .constdata          Net_Dbg_CM3_L.lib(net_addr.o)
    0x0801f31a   0x0801f31a   0x00000006   Data   RO         2416    .constdata          Net_Dbg_CM3_L.lib(net_addr.o)
    0x0801f320   0x0801f320   0x00000004   Data   RO         2468    .constdata          Net_Dbg_CM3_L.lib(net_ip4.o)
    0x0801f324   0x0801f324   0x00000020   Data   RO         2503    .constdata          Net_Dbg_CM3_L.lib(net_ip6.o)
    0x0801f344   0x0801f344   0x00000010   Data   RO         2504    .constdata          Net_Dbg_CM3_L.lib(net_ip6.o)
    0x0801f354   0x0801f354   0x00000018   Data   RO         2523    .constdata          Net_Dbg_CM3_L.lib(net_http_server_err.o)
    0x0801f36c   0x0801f36c   0x00000010   Data   RO         2577    .constdata          Net_Dbg_CM3_L.lib(net_common.o)
    0x0801f37c   0x0801f37c   0x00000090   Data   RO         2624    .constdata          Net_Dbg_CM3_L.lib(net_base64.o)
    0x0801f40c   0x0801f40c   0x00000004   Data   RO         2633    .constdata          Net_Dbg_CM3_L.lib(net_version.o)
    0x0801f410   0x0801f410   0x000000da   Data   RO          218    .conststring        http_server_cgi.o
    0x0801f4ea   0x0801f4ea   0x00000002   PAD
    0x0801f4ec   0x0801f4ec   0x00000078   Data   RO         1537    .conststring        net_config.o
    0x0801f564   0x0801f564   0x0000000d   Data   RO         1538    .conststring        net_config.o
    0x0801f571   0x0801f571   0x00000003   PAD
    0x0801f574   0x0801f574   0x00000038   Data   RO         1539    .conststring        net_config.o
    0x0801f5ac   0x0801f5ac   0x0000003d   Data   RO         1540    .conststring        net_config.o
    0x0801f5e9   0x0801f5e9   0x00000003   PAD
    0x0801f5ec   0x0801f5ec   0x0000001d   Data   RO         1541    .conststring        net_config.o
    0x0801f609   0x0801f609   0x00000003   PAD
    0x0801f60c   0x0801f60c   0x00000203   Data   RO         2524    .conststring        Net_Dbg_CM3_L.lib(net_http_server_err.o)
    0x0801f80f   0x0801f80f   0x00000001   PAD
    0x0801f810   0x0801f810   0x0000000b   Data   RO          498    .conststrlit        rtx_kernel.o
    0x0801f81b   0x0801f81b   0x00000001   PAD
    0x0801f81c   0x0801f81c   0x000000a8   Data   RO          558    .rodata             rtx_lib.o
    0x0801f8c4   0x0801f8c4   0x00000030   Data   RO         2978    Region$$Table       anon$$obj.o


    Execution Region RW_IRAM2 (Exec base: 0x10000000, Load base: 0x0801fa2c, Size: 0x000004a4, Max: 0x00010000, ABSOLUTE)

    Exec Addr    Load Addr    Size         Type   Attr      Idx    E Section Name        Object

    0x10000000        -       0x000004a4   Zero   RW          999    .bss.noinit         eventrecorder.o


    Execution Region RW_IRAM1 (Exec base: 0x20000000, Load base: 0x0801f8f4, Size: 0x0000f738, Max: 0x00030000, ABSOLUTE, COMPRESSED[0x00000138])

    Exec Addr    Load Addr    Size         Type   Attr      Idx    E Section Name        Object

    0x20000000   COMPRESSED   0x00008000   Data   RW          545    .bss.os             rtx_lib.o
    0x20008000   COMPRESSED   0x00000040   Data   RW          546    .bss.os             rtx_lib.o
    0x20008040   COMPRESSED   0x00000001   Data   RW          845    .bss.os             os_systick.o
    0x20008041   COMPRESSED   0x00000003   PAD
    0x20008044   COMPRESSED   0x00000034   Data   RW          547    .bss.os.msgqueue.cb  rtx_lib.o
    0x20008078   COMPRESSED   0x00000050   Data   RW          548    .bss.os.msgqueue.mem  rtx_lib.o
    0x200080c8   COMPRESSED   0x0000001c   Data   RW         1500    .bss.os.mutex.cb    net_config.o
    0x200080e4   COMPRESSED   0x0000001c   Data   RW         1501    .bss.os.mutex.cb    net_config.o
    0x20008100   COMPRESSED   0x00000010   Data   RW         1502    .bss.os.semaphore.cb  net_config.o
    0x20008110   COMPRESSED   0x00000044   Data   RW          549    .bss.os.thread.cb   rtx_lib.o
    0x20008154   COMPRESSED   0x00000044   Data   RW          550    .bss.os.thread.cb   rtx_lib.o
    0x20008198   COMPRESSED   0x00000044   Data   RW         1503    .bss.os.thread.cb   net_config.o
    0x200081dc   COMPRESSED   0x00000044   Data   RW         1504    .bss.os.thread.cb   net_config.o
    0x20008220   COMPRESSED   0x00000200   Data   RW          551    .bss.os.thread.idle.stack  rtx_lib.o
    0x20008420   COMPRESSED   0x00000200   Data   RW          552    .bss.os.thread.timer.stack  rtx_lib.o
    0x20008620   COMPRESSED   0x00000020   Data   RW         1505    .bss.os.timer.cb    net_config.o
    0x20008640   COMPRESSED   0x00000004   Data   RW            5    .data               main.o
    0x20008644   COMPRESSED   0x0000002e   Data   RW          164    .data               http_server.o
    0x20008672   COMPRESSED   0x00000001   Data   RW          165    .data               http_server.o
    0x20008673   COMPRESSED   0x00000001   PAD
    0x20008674   COMPRESSED   0x00000008   Data   RW          219    .data               http_server_cgi.o
    0x2000867c   COMPRESSED   0x00000008   Data   RW          275    .data               lcd.o
    0x20008684   COMPRESSED   0x0000000c   Data   RW         1033    .data               stm32f4xx_hal.o
    0x20008690   COMPRESSED   0x00000004   Data   RW         1461    .data               system_stm32f4xx_1.o
    0x20008694   COMPRESSED   0x00000004   Data   RW         1542    .data               net_config.o
    0x20008698   COMPRESSED   0x00000006   Data   RW         1543    .data               net_config.o
    0x2000869e   COMPRESSED   0x00000004   Data   RW         1544    .data               net_config.o
    0x200086a2   COMPRESSED   0x00000004   Data   RW         1750    .data               Net_Dbg_CM3_L.lib(net_igmp.o)
    0x200086a6   COMPRESSED   0x00000002   PAD
    0x200086a8   COMPRESSED   0x00000004   Data   RW         1847    .data               Net_Dbg_CM3_L.lib(net_loopback.o)
    0x200086ac   COMPRESSED   0x00000004   Data   RW         1865    .data               Net_Dbg_CM3_L.lib(net_ip4_frag.o)
    0x200086b0   COMPRESSED   0x00000001   Data   RW         1883    .data               Net_Dbg_CM3_L.lib(net_icmp.o)
    0x200086b1   COMPRESSED   0x00000001   Data   RW         1904    .data               Net_Dbg_CM3_L.lib(net_icmp6.o)
    0x200086b2   COMPRESSED   0x00000002   Data   RW         1945    .data               Net_Dbg_CM3_L.lib(net_udp.o)
    0x200086b4   COMPRESSED   0x00000004   Data   RW         2036    .data               Net_Dbg_CM3_L.lib(net_tcp.o)
    0x200086b8   COMPRESSED   0x00000002   Data   RW         2120    .data               Net_Dbg_CM3_L.lib(net_dhcp6_client.o)
    0x200086ba   COMPRESSED   0x00000001   Data   RW         2146    .data               Net_Dbg_CM3_L.lib(net_nbns_client.o)
    0x200086bb   COMPRESSED   0x00000001   PAD
    0x200086bc   COMPRESSED   0x0000000c   Data   RW         2215    .data               Net_Dbg_CM3_L.lib(net_http_server.o)
    0x200086c8   COMPRESSED   0x00000008   Data   RW         2469    .data               Net_Dbg_CM3_L.lib(net_ip4.o)
    0x200086d0   COMPRESSED   0x00000004   Data   RW         2505    .data               Net_Dbg_CM3_L.lib(net_ip6.o)
    0x200086d4   COMPRESSED   0x000000a4   Data   RW          499    .data.os            rtx_kernel.o
    0x20008778        -       0x00000050   Zero   RW          161    .bss                http_server.o
    0x200087c8        -       0x00000400   Zero   RW          162    .bss                http_server.o
    0x20008bc8        -       0x00000038   Zero   RW          217    .bss                http_server_cgi.o
    0x20008c00        -       0x00000254   Zero   RW          273    .bss                lcd.o
    0x20008e54        -       0x00000014   Zero   RW          319    .bss                led_init.o
    0x20008e68        -       0x0000000c   Zero   RW          892    .bss                phy_lan8742a.o
    0x20008e74        -       0x000024cc   Zero   RW          920    .bss                emac_stm32f4xx.o
    0x2000b340        -       0x00000010   Zero   RW          959    .bss                spi_stm32f4xx.o
    0x2000b350        -       0x0000001c   Zero   RW          960    .bss                spi_stm32f4xx.o
    0x2000b36c   COMPRESSED   0x00000004   PAD
    0x2000b370        -       0x00000400   Zero   RW         1488    .bss                net_config.o
    0x2000b770        -       0x00000400   Zero   RW         1489    .bss                net_config.o
    0x2000bb70        -       0x00002ee0   Zero   RW         1490    .bss                net_config.o
    0x2000ea50        -       0x000000c8   Zero   RW         1491    .bss                net_config.o
    0x2000eb18        -       0x00000028   Zero   RW         1492    .bss                net_config.o
    0x2000eb40        -       0x00000018   Zero   RW         1493    .bss                net_config.o
    0x2000eb58        -       0x000000a0   Zero   RW         1494    .bss                net_config.o
    0x2000ebf8        -       0x00000064   Zero   RW         1495    .bss                net_config.o
    0x2000ec5c        -       0x00000028   Zero   RW         1496    .bss                net_config.o
    0x2000ec84        -       0x00000050   Zero   RW         1497    .bss                net_config.o
    0x2000ecd4        -       0x00000228   Zero   RW         1498    .bss                net_config.o
    0x2000eefc        -       0x00000150   Zero   RW         1499    .bss                net_config.o
    0x2000f04c        -       0x000000a0   Zero   RW         1639    .bss                Net_Dbg_CM3_L.lib(net_eth.o)
    0x2000f0ec        -       0x00000018   Zero   RW         1699    .bss                Net_Dbg_CM3_L.lib(net_arp.o)
    0x2000f104        -       0x00000044   Zero   RW         1801    .bss                Net_Dbg_CM3_L.lib(net_ndp.o)
    0x2000f148        -       0x0000001c   Zero   RW         1944    .bss                Net_Dbg_CM3_L.lib(net_udp.o)
    0x2000f164        -       0x00000044   Zero   RW         2115    .bss                Net_Dbg_CM3_L.lib(net_dhcp6_client.o)
    0x2000f1a8        -       0x00000098   Zero   RW         2213    .bss                Net_Dbg_CM3_L.lib(net_http_server.o)
    0x2000f240        -       0x0000002c   Zero   RW         2321    .bss                Net_Dbg_CM3_L.lib(net_ping_core.o)
    0x2000f26c        -       0x00000038   Zero   RW         2356    .bss                Net_Dbg_CM3_L.lib(net_sys.o)
    0x2000f2a4        -       0x00000024   Zero   RW         2357    .bss                Net_Dbg_CM3_L.lib(net_sys.o)
    0x2000f2c8        -       0x0000005c   Zero   RW         2414    .bss                Net_Dbg_CM3_L.lib(net_addr.o)
    0x2000f324        -       0x00000014   Zero   RW         2539    .bss                Net_Dbg_CM3_L.lib(net_mem.o)
    0x2000f338        -       0x00000400   Zero   RW         1448    STACK               startup_stm32f429xx.o


==============================================================================

Image component sizes


      Code (inc. data)   RO Data    RW Data    ZI Data      Debug   Object Name

       304         22          0          0          0       2120   adc.o
      2536        156        148          0       9420      47662   emac_stm32f4xx.o
      1452         40         24          0       1188      17424   eventrecorder.o
       268         54         36         47       1104      10681   http_server.o
      1852        274        218          8         56       7749   http_server_cgi.o
       148          8          0          0          0        608   irq_armv7m.o
       988         36       2400          8        596       9505   lcd.o
       168         16          0          0         20       1076   led_init.o
       296         30          0          4          0     770031   main.o
       352         26        999        254      15580      32132   net_config.o
       338          0          0          0          0        818   net_debug.o
       196         12          0          1          0       1984   os_systick.o
       428         10         36          0         12       6950   phy_lan8742a.o
         4          0          0          0          0        567   rtx_config.o
       260         14          0          0          0      17918   rtx_delay.o
      2404         88          0          0          0      45362   rtx_evr.o
      1752         98         11        164          0      28084   rtx_kernel.o
         0          0        268      34124          0       9258   rtx_lib.o
       292          0          0          0          0       3843   rtx_memory.o
      1984         48          0          0          0      15188   rtx_mempool.o
      2820         58          0          0          0      23712   rtx_msgqueue.o
      1368         30          0          0          0      10166   rtx_mutex.o
      1432         34          0          0          0      11924   rtx_semaphore.o
       668         18          0          0          0       8501   rtx_system.o
      4828        124          0          0          0      33255   rtx_thread.o
      1152         34          0          0          0      10269   rtx_timer.o
      3164         98        128          0         44      44939   spi_stm32f4xx.o
        36          8        428          0       1024        804   startup_stm32f429xx.o
       456         38          0         12          0      11463   stm32f4xx_hal.o
      2744         92          0          0          0       8855   stm32f4xx_hal_adc.o
      1828         42          0          0          0       6562   stm32f4xx_hal_adc_ex.o
       664         10          0          0          0      36154   stm32f4xx_hal_cortex.o
      1816         28          8          0          0       7669   stm32f4xx_hal_dma.o
       868         54          0          0          0       4019   stm32f4xx_hal_gpio.o
      1888         66          0          0          0       6171   stm32f4xx_hal_rcc.o
      9170        166          0          0          0      37664   stm32f4xx_hal_tim.o
      2992         62          0          0          0      13692   stm32f4xx_hal_tim_ex.o
       148         20         24          4          0       1701   system_stm32f4xx_1.o
       120         10      25958          0          0       1636   web.o

    ----------------------------------------------------------------------
     54186       1924      30748      34630      29048    1308116   Object Totals
         0          0         48          0          0          0   (incl. Generated)
         2          0         14          4          4          0   (incl. Padding)

    ----------------------------------------------------------------------

      Code (inc. data)   RO Data    RW Data    ZI Data      Debug   Library Member Name

      1414         18         22          0         92       1556   net_addr.o
      2874        144          0          0         24       1548   net_arp.o
       120          6        144          0          0         84   net_base64.o
       622         10         16          0          0       1340   net_common.o
      3454        144         16          2         68        944   net_dhcp6_client.o
      3664        138          0          0        160       1600   net_eth.o
      6834       1268        250         12        152       2852   net_http_server.o
       266         66         24          0          0        368   net_http_server_auth.o
         0          0        539          0          0          0   net_http_server_err.o
       640         48          0          1          0        236   net_icmp.o
       812         60          0          1          0        332   net_icmp6.o
       972         46          8          4          0        680   net_igmp.o
      1188         82          4          8          0        956   net_ip4.o
       690         30          0          4          0        476   net_ip4_frag.o
       848         72         48          4          0        644   net_ip6.o
       348         28         56          4          0        256   net_loopback.o
       592         64          0          0         20        564   net_mem.o
       520         44          8          1          0        188   net_nbns_client.o
      4150        176          0          0         68       1848   net_ndp.o
       188         32         18          0         44        220   net_ping_core.o
       834         84          0          0         92       1012   net_sys.o
      6566        282          0          4          0       2728   net_tcp.o
      1310         70          0          2         28        620   net_udp.o
         0          0          4          0          0          0   net_version.o
        86          0          0          0          0          0   __dczerorl2.o
         0          0          0          0          0          0   entry.o
         0          0          0          0          0          0   entry10a.o
         0          0          0          0          0          0   entry11a.o
         4          0          0          0          0          0   entry12b.o
         8          4          0          0          0          0   entry2.o
         4          0          0          0          0          0   entry5.o
         0          0          0          0          0          0   entry7b.o
         0          0          0          0          0          0   entry8b.o
         8          4          0          0          0          0   entry9a.o
        30          0          0          0          0          0   handlers.o
        36          8          0          0          0         68   init.o
         0          0          0          0          0          0   iusefp.o
        30          0          0          0          0         68   llshl.o
        36          0          0          0          0         68   llsshr.o
        32          0          0          0          0         68   llushr.o
        26          0          0          0          0         80   memcmp.o
        36          0          0          0          0         68   memcpya.o
        36          0          0          0          0        108   memseta.o
      2236         86          0          0          0        532   printfa.o
        28          0          0          0          0         76   strcmp.o
        18          0          0          0          0         68   strcpy.o
        14          0          0          0          0         68   strlen.o
        30          0          0          0          0         80   strncmp.o
        44          0          0          0          0         80   uidiv.o
        98          0          0          0          0         92   uldiv.o
        48          0          0          0          0         68   cdrcmple.o
       334          0          0          0          0        148   dadd.o
       222          0          0          0          0        100   ddiv.o
       186          0          0          0          0        176   depilogue.o
        48          0          0          0          0         68   dfixul.o
        26          0          0          0          0         76   dfltui.o
       228          0          0          0          0         96   dmul.o
        46          0          0          0          0         80   dscalb.o
       110          0          0          0          0        168   fepilogue.o
        10          0          0          0          0         68   ffltui.o
       100          0          0          0          0         76   fmul.o
        24          0          0          0          0         68   fscalb.o

    ----------------------------------------------------------------------
     43174       3014       1160         50        748      23768   Library Totals
        46          0          3          3          0          0   (incl. Padding)

    ----------------------------------------------------------------------

      Code (inc. data)   RO Data    RW Data    ZI Data      Debug   Library Name

     38906       2912       1157         47        748      21052   Net_Dbg_CM3_L.lib
      2840        102          0          0          0       1524   mc_w.l
      1382          0          0          0          0       1192   mf_w.l

    ----------------------------------------------------------------------
     43174       3014       1160         50        748      23768   Library Totals

    ----------------------------------------------------------------------

==============================================================================


      Code (inc. data)   RO Data    RW Data    ZI Data      Debug   

     97360       4938      31908      34680      29796    1313864   Grand Totals
     97360       4938      31908        312      29796    1313864   ELF Image Totals (compressed)
     97360       4938      31908        312          0          0   ROM Totals

==============================================================================

    Total RO  Size (Code + RO Data)               129268 ( 126.24kB)
    Total RW  Size (RW Data + ZI Data)             64476 (  62.96kB)
    Total ROM Size (Code + RO Data + RW Data)     129580 ( 126.54kB)

==============================================================================

